Archive member included to satisfy reference by file (symbol)

C:/Users/tomki/AppData/Local/stm32cube/bundles/gnu-tools-for-stm32/14.3.1+st.2/bin/../lib/gcc/arm-none-eabi/14.3.1/thumb/v8-m.main+fp/hard\libgcc.a(_aeabi_uldivmod.o)
                              cmake/stm32cubemx/CMakeFiles/STM32_Drivers.dir/__/__/Drivers/STM32H5xx_HAL_Driver/Src/stm32h5xx_hal_uart.c.obj (__aeabi_uldivmod)
C:/Users/tomki/AppData/Local/stm32cube/bundles/gnu-tools-for-stm32/14.3.1+st.2/bin/../lib/gcc/arm-none-eabi/14.3.1/thumb/v8-m.main+fp/hard\libgcc.a(_udivmoddi4.o)
                              C:/Users/tomki/AppData/Local/stm32cube/bundles/gnu-tools-for-stm32/14.3.1+st.2/bin/../lib/gcc/arm-none-eabi/14.3.1/thumb/v8-m.main+fp/hard\libgcc.a(_aeabi_uldivmod.o) (__udivmoddi4)
C:/Users/tomki/AppData/Local/stm32cube/bundles/gnu-tools-for-stm32/14.3.1+st.2/bin/../lib/gcc/arm-none-eabi/14.3.1/thumb/v8-m.main+fp/hard\libgcc.a(_dvmd_tls.o)
                              C:/Users/tomki/AppData/Local/stm32cube/bundles/gnu-tools-for-stm32/14.3.1+st.2/bin/../lib/gcc/arm-none-eabi/14.3.1/thumb/v8-m.main+fp/hard\libgcc.a(_aeabi_uldivmod.o) (__aeabi_ldiv0)
C:/Users/tomki/AppData/Local/stm32cube/bundles/gnu-tools-for-stm32/14.3.1+st.2/bin/../lib/gcc/arm-none-eabi/14.3.1/../../../../arm-none-eabi/lib/thumb/v8-m.main+fp/hard\libg_nano.a(libc_a-exit.o)
                              C:/Users/tomki/AppData/Local/stm32cube/bundles/gnu-tools-for-stm32/14.3.1+st.2/bin/../lib/gcc/arm-none-eabi/14.3.1/../../../../arm-none-eabi/lib/thumb/v8-m.main+fp/hard/crt0.o (exit)
C:/Users/tomki/AppData/Local/stm32cube/bundles/gnu-tools-for-stm32/14.3.1+st.2/bin/../lib/gcc/arm-none-eabi/14.3.1/../../../../arm-none-eabi/lib/thumb/v8-m.main+fp/hard\libg_nano.a(libc_a-findfp.o)
                              C:/Users/tomki/AppData/Local/stm32cube/bundles/gnu-tools-for-stm32/14.3.1+st.2/bin/../lib/gcc/arm-none-eabi/14.3.1/../../../../arm-none-eabi/lib/thumb/v8-m.main+fp/hard\libg_nano.a(libc_a-exit.o) (__stdio_exit_handler)
C:/Users/tomki/AppData/Local/stm32cube/bundles/gnu-tools-for-stm32/14.3.1+st.2/bin/../lib/gcc/arm-none-eabi/14.3.1/../../../../arm-none-eabi/lib/thumb/v8-m.main+fp/hard\libg_nano.a(libc_a-fwalk.o)
                              C:/Users/tomki/AppData/Local/stm32cube/bundles/gnu-tools-for-stm32/14.3.1+st.2/bin/../lib/gcc/arm-none-eabi/14.3.1/../../../../arm-none-eabi/lib/thumb/v8-m.main+fp/hard\libg_nano.a(libc_a-findfp.o) (_fwalk_sglue)
C:/Users/tomki/AppData/Local/stm32cube/bundles/gnu-tools-for-stm32/14.3.1+st.2/bin/../lib/gcc/arm-none-eabi/14.3.1/../../../../arm-none-eabi/lib/thumb/v8-m.main+fp/hard\libg_nano.a(libc_a-snprintf.o)
                              CMakeFiles/Code.dir/Core/Src/radio.c.obj (snprintf)
C:/Users/tomki/AppData/Local/stm32cube/bundles/gnu-tools-for-stm32/14.3.1+st.2/bin/../lib/gcc/arm-none-eabi/14.3.1/../../../../arm-none-eabi/lib/thumb/v8-m.main+fp/hard\libg_nano.a(libc_a-stdio.o)
                              C:/Users/tomki/AppData/Local/stm32cube/bundles/gnu-tools-for-stm32/14.3.1+st.2/bin/../lib/gcc/arm-none-eabi/14.3.1/../../../../arm-none-eabi/lib/thumb/v8-m.main+fp/hard\libg_nano.a(libc_a-findfp.o) (__sread)
C:/Users/tomki/AppData/Local/stm32cube/bundles/gnu-tools-for-stm32/14.3.1+st.2/bin/../lib/gcc/arm-none-eabi/14.3.1/../../../../arm-none-eabi/lib/thumb/v8-m.main+fp/hard\libg_nano.a(libc_a-vsnprintf.o)
                              CMakeFiles/Code.dir/Core/Src/log.c.obj (vsnprintf)
C:/Users/tomki/AppData/Local/stm32cube/bundles/gnu-tools-for-stm32/14.3.1+st.2/bin/../lib/gcc/arm-none-eabi/14.3.1/../../../../arm-none-eabi/lib/thumb/v8-m.main+fp/hard\libg_nano.a(libc_a-memset.o)
                              C:/Users/tomki/AppData/Local/stm32cube/bundles/gnu-tools-for-stm32/14.3.1+st.2/bin/../lib/gcc/arm-none-eabi/14.3.1/../../../../arm-none-eabi/lib/thumb/v8-m.main+fp/hard/crt0.o (memset)
C:/Users/tomki/AppData/Local/stm32cube/bundles/gnu-tools-for-stm32/14.3.1+st.2/bin/../lib/gcc/arm-none-eabi/14.3.1/../../../../arm-none-eabi/lib/thumb/v8-m.main+fp/hard\libg_nano.a(libc_a-closer.o)
                              C:/Users/tomki/AppData/Local/stm32cube/bundles/gnu-tools-for-stm32/14.3.1+st.2/bin/../lib/gcc/arm-none-eabi/14.3.1/../../../../arm-none-eabi/lib/thumb/v8-m.main+fp/hard\libg_nano.a(libc_a-stdio.o) (_close_r)
C:/Users/tomki/AppData/Local/stm32cube/bundles/gnu-tools-for-stm32/14.3.1+st.2/bin/../lib/gcc/arm-none-eabi/14.3.1/../../../../arm-none-eabi/lib/thumb/v8-m.main+fp/hard\libg_nano.a(libc_a-reent.o)
                              C:/Users/tomki/AppData/Local/stm32cube/bundles/gnu-tools-for-stm32/14.3.1+st.2/bin/../lib/gcc/arm-none-eabi/14.3.1/../../../../arm-none-eabi/lib/thumb/v8-m.main+fp/hard\libg_nano.a(libc_a-closer.o) (errno)
C:/Users/tomki/AppData/Local/stm32cube/bundles/gnu-tools-for-stm32/14.3.1+st.2/bin/../lib/gcc/arm-none-eabi/14.3.1/../../../../arm-none-eabi/lib/thumb/v8-m.main+fp/hard\libg_nano.a(libc_a-impure.o)
[...]
Memory Configuration

Name             Origin             Length             Attributes
RAM              0x20000000         0x000a0000         xrw
FLASH            0x08000000         0x00200000         xr
*default*        0x00000000         0xffffffff

Linker script and memory map

LOAD C:/Users/tomki/AppData/Local/stm32cube/bundles/gnu-tools-for-stm32/14.3.1+st.2/bin/../lib/gcc/arm-none-eabi/14.3.1/thumb/v8-m.main+fp/hard/crti.o
LOAD C:/Users/tomki/AppData/Local/stm32cube/bundles/gnu-tools-for-stm32/14.3.1+st.2/bin/../lib/gcc/arm-none-eabi/14.3.1/thumb/v8-m.main+fp/hard/crtbegin.o
LOAD C:/Users/tomki/AppData/Local/stm32cube/bundles/gnu-tools-for-stm32/14.3.1+st.2/bin/../lib/gcc/arm-none-eabi/14.3.1/../../../../arm-none-eabi/lib/thumb/v8-m.main+fp/hard/crt0.o
LOAD cmake/stm32cubemx/CMakeFiles/STM32_Drivers.dir/__/__/Core/Src/system_stm32h5xx.c.obj
LOAD cmake/stm32cubemx/CMakeFiles/STM32_Drivers.dir/__/__/Drivers/STM32H5xx_HAL_Driver/Src/stm32h5xx_hal_cortex.c.obj
LOAD cmake/stm32cubemx/CMakeFiles/STM32_Drivers.dir/__/__/Drivers/STM32H5xx_HAL_Driver/Src/stm32h5xx_hal_icache.c.obj
LOAD cmake/stm32cubemx/CMakeFiles/STM32_Drivers.dir/__/__/Drivers/STM32H5xx_HAL_Driver/Src/stm32h5xx_hal_rcc.c.obj
LOAD cmake/stm32cubemx/CMakeFiles/STM32_Drivers.dir/__/__/Drivers/STM32H5xx_HAL_Driver/Src/stm32h5xx_hal_rcc_ex.c.obj
LOAD cmake/stm32cubemx/CMakeFiles/STM32_Drivers.dir/__/__/Drivers/STM32H5xx_HAL_Driver/Src/stm32h5xx_hal_flash.c.obj
LOAD cmake/stm32cubemx/CMakeFiles/STM32_Drivers.dir/__/__/Drivers/STM32H5xx_HAL_Driver/Src/stm32h5xx_hal_flash_ex.c.obj
LOAD cmake/stm32cubemx/CMakeFiles/STM32_Drivers.dir/__/__/Drivers/STM32H5xx_HAL_Driver/Src/stm32h5xx_hal_gpio.c.obj
LOAD cmake/stm32cubemx/CMakeFiles/STM32_Drivers.dir/__/__/Drivers/STM32H5xx_HAL_Driver/Src/stm32h5xx_hal_dma.c.obj
LOAD cmake/stm32cubemx/CMakeFiles/STM32_Drivers.dir/__/__/Drivers/STM32H5xx_HAL_Driver/Src/stm32h5xx_hal_dma_ex.c.obj
LOAD cmake/stm32cubemx/CMakeFiles/STM32_Drivers.dir/__/__/Drivers/STM32H5xx_HAL_Driver/Src/stm32h5xx_hal_pwr.c.obj
LOAD cmake/stm32cubemx/CMakeFiles/STM32_Drivers.dir/__/__/Drivers/STM32H5xx_HAL_Driver/Src/stm32h5xx_hal_pwr_ex.c.obj
LOAD cmake/stm32cubemx/CMakeFiles/STM32_Drivers.dir/__/__/Drivers/STM32H5xx_HAL_Driver/Src/stm32h5xx_hal.c.obj
LOAD cmake/stm32cubemx/CMakeFiles/STM32_Drivers.dir/__/__/Drivers/STM32H5xx_HAL_Driver/Src/stm32h5xx_hal_exti.c.obj
LOAD cmake/stm32cubemx/CMakeFiles/STM32_Drivers.dir/__/__/Drivers/STM32H5xx_HAL_Driver/Src/stm32h5xx_hal_spi.c.obj
LOAD cmake/stm32cubemx/CMakeFiles/STM32_Drivers.dir/__/__/Drivers/STM32H5xx_HAL_Driver/Src/stm32h5xx_hal_spi_ex.c.obj
LOAD cmake/stm32cubemx/CMakeFiles/STM32_Drivers.dir/__/__/Drivers/STM32H5xx_HAL_Driver/Src/stm32h5xx_hal_uart.c.obj
LOAD cmake/stm32cubemx/CMakeFiles/STM32_Drivers.dir/__/__/Drivers/STM32H5xx_HAL_Driver/Src/stm32h5xx_hal_uart_ex.c.obj
LOAD cmake/stm32cubemx/CMakeFiles/STM32_Drivers.dir/__/__/Drivers/STM32H5xx_HAL_Driver/Src/stm32h5xx_hal_pcd.c.obj
LOAD cmake/stm32cubemx/CMakeFiles/STM32_Drivers.dir/__/__/Drivers/STM32H5xx_HAL_Driver/Src/stm32h5xx_hal_pcd_ex.c.obj
LOAD cmake/stm32cubemx/CMakeFiles/STM32_Drivers.dir/__/__/Drivers/STM32H5xx_HAL_Driver/Src/stm32h5xx_ll_usb.c.obj
LOAD CMakeFiles/Code.dir/Core/Src/main.c.obj
LOAD CMakeFiles/Code.dir/Core/Src/stm32h5xx_it.c.obj
LOAD CMakeFiles/Code.dir/Core/Src/stm32h5xx_hal_msp.c.obj
LOAD CMakeFiles/Code.dir/Core/Src/sysmem.c.obj
LOAD CMakeFiles/Code.dir/Core/Src/syscalls.c.obj
LOAD CMakeFiles/Code.dir/startup_stm32h562xx.s.obj
LOAD CMakeFiles/Code.dir/Core/Src/scheduler.c.obj
LOAD CMakeFiles/Code.dir/Core/Src/radio.c.obj
LOAD CMakeFiles/Code.dir/Core/Src/can_bus.c.obj
LOAD CMakeFiles/Code.dir/Core/Src/radio_test.c.obj
LOAD CMakeFiles/Code.dir/Core/Src/log.c.obj
LOAD CMakeFiles/Code.dir/Core/Src/can_radio_bridge.c.obj
LOAD CMakeFiles/Code.dir/Core/Src/usb_cdc.c.obj
LOAD CMakeFiles/Code.dir/Middlewares/tinyusb/src/tusb.c.obj
LOAD CMakeFiles/Code.dir/Middlewares/tinyusb/src/common/tusb_fifo.c.obj
LOAD CMakeFiles/Code.dir/Middlewares/tinyusb/src/device/usbd.c.obj
LOAD CMakeFiles/Code.dir/Middlewares/tinyusb/src/class/cdc/cdc_device.c.obj
LOAD CMakeFiles/Code.dir/Middlewares/tinyusb/src/portable/st/stm32_fsdev/dcd_stm32_fsdev.c.obj
LOAD CMakeFiles/Code.dir/Middlewares/tinyusb/src/portable/st/stm32_fsdev/fsdev_common.c.obj
LOAD C:/Users/tomki/AppData/Local/stm32cube/bundles/gnu-tools-for-stm32/14.3.1+st.2/bin/../lib/gcc/arm-none-eabi/14.3.1/../../../../arm-none-eabi/lib/thumb/v8-m.main+fp/hard\libm.a
START GROUP
LOAD C:/Users/tomki/AppData/Local/stm32cube/bundles/gnu-tools-for-stm32/14.3.1+st.2/bin/../lib/gcc/arm-none-eabi/14.3.1/thumb/v8-m.main+fp/hard\libgcc.a
LOAD C:/Users/tomki/AppData/Local/stm32cube/bundles/gnu-tools-for-stm32/14.3.1+st.2/bin/../lib/gcc/arm-none-eabi/14.3.1/../../../../arm-none-eabi/lib/thumb/v8-m.main+fp/hard\libg_nano.a
LOAD C:/Users/tomki/AppData/Local/stm32cube/bundles/gnu-tools-for-stm32/14.3.1+st.2/bin/../lib/gcc/arm-none-eabi/14.3.1/../../../../arm-none-eabi/lib/thumb/v8-m.main+fp/hard\libc_nano.a
END GROUP
START GROUP
LOAD C:/Users/tomki/AppData/Local/stm32cube/bundles/gnu-tools-for-stm32/14.3.1+st.2/bin/../lib/gcc/arm-none-eabi/14.3.1/thumb/v8-m.main+fp/hard\libgcc.a
LOAD C:/Users/tomki/AppData/Local/stm32cube/bundles/gnu-tools-for-stm32/14.3.1+st.2/bin/../lib/gcc/arm-none-eabi/14.3.1/../../../../arm-none-eabi/lib/thumb/v8-m.main+fp/hard\libc_nano.a
END GROUP
LOAD C:/Users/tomki/AppData/Local/stm32cube/bundles/gnu-tools-for-stm32/14.3.1+st.2/bin/../lib/gcc/arm-none-eabi/14.3.1/thumb/v8-m.main+fp/hard/crtend.o
LOAD C:/Users/tomki/AppData/Local/stm32cube/bundles/gnu-tools-for-stm32/14.3.1+st.2/bin/../lib/gcc/arm-none-eabi/14.3.1/thumb/v8-m.main+fp/hard/crtn.o
                0x200a0000                        _estack = (ORIGIN (RAM) + LENGTH (RAM))
                0x2009fc00                        _sstack = (_estack - _Min_Stack_Size)
                0x00000200                        _Min_Heap_Size = 0x200
                0x00000400                        _Min_Stack_Size = 0x400

.isr_vector     0x08000000      0x24c
                0x08000000                        . = ALIGN (0x4)
 *(.isr_vector)
 .isr_vector    0x08000000      0x24c CMakeFiles/Code.dir/startup_stm32h562xx.s.obj
                0x08000000                g_pfnVectors
                0x0800024c                        . = ALIGN (0x4)

.text           0x0800024c     0xeba0
                0x0800024c                        . = ALIGN (0x4)
 *(.text)
 .text          0x0800024c       0x40 C:/Users/tomki/AppData/Local/stm32cube/bundles/gnu-tools-for-stm32/14.3.1+st.2/bin/../lib/gcc/arm-none-eabi/14.3.1/thumb/v8-m.main+fp/hard/crtbegin.o
 .text          0x0800028c       0x30 C:/Users/tomki/AppData/Local/stm32cube/bundles/gnu-tools-for-stm32/14.3.1+st.2/bin/../lib/gcc/arm-none-eabi/14.3.1/thumb/v8-m.main+fp/hard\libgcc.a(_aeabi_uldivmod.o)
                0x0800028c                __aeabi_uldivmod
 .text          0x080002bc      0x34c C:/Users/tomki/AppData/Local/stm32cube/bundles/gnu-tools-for-stm32/14.3.1+st.2/bin/../lib/gcc/arm-none-eabi/14.3.1/thumb/v8-m.main+fp/hard\libgcc.a(_udivmoddi4.o)
                0x080002bc                __udivmoddi4
 .text          0x08000608        0x4 C:/Users/tomki/AppData/Local/stm32cube/bundles/gnu-tools-for-stm32/14.3.1+st.2/bin/../lib/gcc/arm-none-eabi/14.3.1/thumb/v8-m.main+fp/hard\libgcc.a(_dvmd_tls.o)
                0x08000608                __aeabi_idiv0
                0x08000608                __aeabi_ldiv0
 .text          0x0800060c       0x10 C:/Users/tomki/AppData/Local/stm32cube/bundles/gnu-tools-for-stm32/14.3.1+st.2/bin/../lib/gcc/arm-none-eabi/14.3.1/../../../../arm-none-eabi/lib/thumb/v8-m.main+fp/hard\libg_nano.a(libc_a-strlen.o)
                0x0800060c                strlen
 *(.text*)
 .text.SystemInit
                0x0800061c      0x100 cmake/stm32cubemx/CMakeFiles/STM32_Drivers.dir/__/__/Core/Src/system_stm32h5xx.c.obj
                0x0800061c                SystemInit
 .text.__NVIC_SetPriorityGrouping
                0x0800071c       0x48 cmake/stm32cubemx/CMakeFiles/STM32_Drivers.dir/__/__/Drivers/STM32H5xx_HAL_Driver/Src/stm32h5xx_hal_cortex.c.obj
 .text.__NVIC_GetPriorityGrouping
                0x08000764       0x1c cmake/stm32cubemx/CMakeFiles/STM32_Drivers.dir/__/__/Drivers/STM32H5xx_HAL_Driver/Src/stm32h5xx_hal_cortex.c.obj
 .text.__NVIC_EnableIRQ
                0x08000780       0x3c cmake/stm32cubemx/CMakeFiles/STM32_Drivers.dir/__/__/Drivers/STM32H5xx_HAL_Driver/Src/stm32h5xx_hal_cortex.c.obj
 .text.__NVIC_SetPriority
                0x080007bc       0x54 cmake/stm32cubemx/CMakeFiles/STM32_Drivers.dir/__/__/Drivers/STM32H5xx_HAL_Driver/Src/stm32h5xx_hal_cortex.c.obj
 .text.NVIC_EncodePriority
                0x08000810       0x66 cmake/stm32cubemx/CMakeFiles/STM32_Drivers.dir/__/__/Drivers/STM32H5xx_HAL_Driver/Src/stm32h5xx_hal_cortex.c.obj
 .text.HAL_NVIC_SetPriorityGrouping
                0x08000876       0x16 cmake/stm32cubemx/CMakeFiles/STM32_Drivers.dir/__/__/Drivers/STM32H5xx_HAL_Driver/Src/stm32h5xx_hal_cortex.c.obj
                0x08000876                HAL_NVIC_SetPriorityGrouping
 .text.HAL_NVIC_SetPriority
                0x0800088c       0x34 cmake/stm32cubemx/CMakeFiles/STM32_Drivers.dir/__/__/Drivers/STM32H5xx_HAL_Driver/Src/stm32h5xx_hal_cortex.c.obj
                0x0800088c                HAL_NVIC_SetPriority
 .text.HAL_NVIC_EnableIRQ
                0x080008c0       0x1c cmake/stm32cubemx/CMakeFiles/STM32_Drivers.dir/__/__/Drivers/STM32H5xx_HAL_Driver/Src/stm32h5xx_hal_cortex.c.obj
                0x080008c0                HAL_NVIC_EnableIRQ
 .text.HAL_SYSTICK_Config
                0x080008dc       0x44 cmake/stm32cubemx/CMakeFiles/STM32_Drivers.dir/__/__/Drivers/STM32H5xx_HAL_Driver/Src/stm32h5xx_hal_cortex.c.obj
                0x080008dc                HAL_SYSTICK_Config
 .text.HAL_SYSTICK_CLKSourceConfig
                0x08000920       0xb0 cmake/stm32cubemx/CMakeFiles/STM32_Drivers.dir/__/__/Drivers/STM32H5xx_HAL_Driver/Src/stm32h5xx_hal_cortex.c.obj
                0x08000920                HAL_SYSTICK_CLKSourceConfig
 .text.HAL_SYSTICK_GetCLKSourceConfig
                0x080009d0       0x6c cmake/stm32cubemx/CMakeFiles/STM32_Drivers.dir/__/__/Drivers/STM32H5xx_HAL_Driver/Src/stm32h5xx_hal_cortex.c.obj
                0x080009d0                HAL_SYSTICK_GetCLKSourceConfig
 .text.HAL_MPU_Enable
                0x08000a3c       0x44 cmake/stm32cubemx/CMakeFiles/STM32_Drivers.dir/__/__/Drivers/STM32H5xx_HAL_Driver/Src/stm32h5xx_hal_cortex.c.obj
                0x08000a3c                HAL_MPU_Enable
 .text.HAL_MPU_Disable
                0x08000a80       0x40 cmake/stm32cubemx/CMakeFiles/STM32_Drivers.dir/__/__/Drivers/STM32H5xx_HAL_Driver/Src/stm32h5xx_hal_cortex.c.obj
                0x08000a80                HAL_MPU_Disable
 .text.HAL_MPU_ConfigRegion
                0x08000ac0       0x1c cmake/stm32cubemx/CMakeFiles/STM32_Drivers.dir/__/__/Drivers/STM32H5xx_HAL_Driver/Src/stm32h5xx_hal_cortex.c.obj
                0x08000ac0                HAL_MPU_ConfigRegion
 .text.HAL_MPU_ConfigMemoryAttributes
                0x08000adc       0x1c cmake/stm32cubemx/CMakeFiles/STM32_Drivers.dir/__/__/Drivers/STM32H5xx_HAL_Driver/Src/stm32h5xx_hal_cortex.c.obj
                0x08000adc                HAL_MPU_ConfigMemoryAttributes
 .text.MPU_ConfigRegion
                0x08000af8       0x6e cmake/stm32cubemx/CMakeFiles/STM32_Drivers.dir/__/__/Drivers/STM32H5xx_HAL_Driver/Src/stm32h5xx_hal_cortex.c.obj
 .text.MPU_ConfigMemoryAttributes
                0x08000b66       0x6c cmake/stm32cubemx/CMakeFiles/STM32_Drivers.dir/__/__/Drivers/STM32H5xx_HAL_Driver/Src/stm32h5xx_hal_cortex.c.obj
 *fill*         0x08000bd2        0x2 
 .text.HAL_ICACHE_ConfigAssociativityMode
                0x08000bd4       0x40 cmake/stm32cubemx/CMakeFiles/STM32_Drivers.dir/__/__/Drivers/STM32H5xx_HAL_Driver/Src/stm32h5xx_hal_icache.c.obj
                0x08000bd4                HAL_ICACHE_ConfigAssociativityMode
 .text.HAL_ICACHE_Enable
                0x08000c14       0x20 cmake/stm32cubemx/CMakeFiles/STM32_Drivers.dir/__/__/Drivers/STM32H5xx_HAL_Driver/Src/stm32h5xx_hal_icache.c.obj
                0x08000c14                HAL_ICACHE_Enable
 .text.HAL_RCC_OscConfig
                0x08000c34      0x870 cmake/stm32cubemx/CMakeFiles/STM32_Drivers.dir/__/__/Drivers/STM32H5xx_HAL_Driver/Src/stm32h5xx_hal_rcc.c.obj
                0x08000c34                HAL_RCC_OscConfig
 .text.HAL_RCC_ClockConfig
                0x080014a4      0x370 cmake/stm32cubemx/CMakeFiles/STM32_Drivers.dir/__/__/Drivers/STM32H5xx_HAL_Driver/Src/stm32h5xx_hal_rcc.c.obj
                0x080014a4                HAL_RCC_ClockConfig
 .text.HAL_RCC_GetSysClockFreq
                0x08001814      0x258 cmake/stm32cubemx/CMakeFiles/STM32_Drivers.dir/__/__/Drivers/STM32H5xx_HAL_Driver/Src/stm32h5xx_hal_rcc.c.obj
                0x08001814                HAL_RCC_GetSysClockFreq
 .text.HAL_RCC_GetHCLKFreq
                0x08001a6c       0x38 cmake/stm32cubemx/CMakeFiles/STM32_Drivers.dir/__/__/Drivers/STM32H5xx_HAL_Driver/Src/stm32h5xx_hal_rcc.c.obj
                0x08001a6c                HAL_RCC_GetHCLKFreq
 .text.HAL_RCC_GetPCLK1Freq
                0x08001aa4       0x2c cmake/stm32cubemx/CMakeFiles/STM32_Drivers.dir/__/__/Drivers/STM32H5xx_HAL_Driver/Src/stm32h5xx_hal_rcc.c.obj
                0x08001aa4                HAL_RCC_GetPCLK1Freq
 .text.HAL_RCC_GetPCLK2Freq
                0x08001ad0       0x2c cmake/stm32cubemx/CMakeFiles/STM32_Drivers.dir/__/__/Drivers/STM32H5xx_HAL_Driver/Src/stm32h5xx_hal_rcc.c.obj
                0x08001ad0                HAL_RCC_GetPCLK2Freq
 .text.HAL_RCC_GetPCLK3Freq
                0x08001afc       0x2c cmake/stm32cubemx/CMakeFiles/STM32_Drivers.dir/__/__/Drivers/STM32H5xx_HAL_Driver/Src/stm32h5xx_hal_rcc.c.obj
                0x08001afc                HAL_RCC_GetPCLK3Freq
 .text.HAL_RCCEx_PeriphCLKConfig
                0x08001b28     0x1e90 cmake/stm32cubemx/CMakeFiles/STM32_Drivers.dir/__/__/Drivers/STM32H5xx_HAL_Driver/Src/stm32h5xx_hal_rcc_ex.c.obj
                0x08001b28                HAL_RCCEx_PeriphCLKConfig
 .text.HAL_RCCEx_GetPLL1ClockFreq
                0x080039b8      0x2d8 cmake/stm32cubemx/CMakeFiles/STM32_Drivers.dir/__/__/Drivers/STM32H5xx_HAL_Driver/Src/stm32h5xx_hal_rcc_ex.c.obj
                0x080039b8                HAL_RCCEx_GetPLL1ClockFreq
 .text.HAL_RCCEx_GetPLL2ClockFreq
                0x08003c90      0x2d8 cmake/stm32cubemx/CMakeFiles/STM32_Drivers.dir/__/__/Drivers/STM32H5xx_HAL_Driver/Src/stm32h5xx_hal_rcc_ex.c.obj
                0x08003c90                HAL_RCCEx_GetPLL2ClockFreq
 .text.HAL_RCCEx_GetPLL3ClockFreq
                0x08003f68      0x2d8 cmake/stm32cubemx/CMakeFiles/STM32_Drivers.dir/__/__/Drivers/STM32H5xx_HAL_Driver/Src/stm32h5xx_hal_rcc_ex.c.obj
                0x08003f68                HAL_RCCEx_GetPLL3ClockFreq
 .text.HAL_RCCEx_GetPeriphCLKFreq
                0x08004240     0x2658 cmake/stm32cubemx/CMakeFiles/STM32_Drivers.dir/__/__/Drivers/STM32H5xx_HAL_Driver/Src/stm32h5xx_hal_rcc_ex.c.obj
                0x08004240                HAL_RCCEx_GetPeriphCLKFreq
 .text.RCCEx_PLL2_Config
                0x08006898      0x130 cmake/stm32cubemx/CMakeFiles/STM32_Drivers.dir/__/__/Drivers/STM32H5xx_HAL_Driver/Src/stm32h5xx_hal_rcc_ex.c.obj
 .text.RCCEx_PLL3_Config
                0x080069c8      0x130 cmake/stm32cubemx/CMakeFiles/STM32_Drivers.dir/__/__/Drivers/STM32H5xx_HAL_Driver/Src/stm32h5xx_hal_rcc_ex.c.obj
 .text.HAL_GPIO_Init
                0x08006af8      0x2bc cmake/stm32cubemx/CMakeFiles/STM32_Drivers.dir/__/__/Drivers/STM32H5xx_HAL_Driver/Src/stm32h5xx_hal_gpio.c.obj
                0x08006af8                HAL_GPIO_Init
 .text.HAL_GPIO_WritePin
                0x08006db4       0x30 cmake/stm32cubemx/CMakeFiles/STM32_Drivers.dir/__/__/Drivers/STM32H5xx_HAL_Driver/Src/stm32h5xx_hal_gpio.c.obj
                0x08006db4                HAL_GPIO_WritePin
 .text.HAL_PWREx_EnableVddUSB
                0x08006de4       0x20 cmake/stm32cubemx/CMakeFiles/STM32_Drivers.dir/__/__/Drivers/STM32H5xx_HAL_Driver/Src/stm32h5xx_hal_pwr_ex.c.obj
                0x08006de4                HAL_PWREx_EnableVddUSB
 .text.HAL_Init
                0x08006e04       0x50 cmake/stm32cubemx/CMakeFiles/STM32_Drivers.dir/__/__/Drivers/STM32H5xx_HAL_Driver/Src/stm32h5xx_hal.c.obj
                0x08006e04                HAL_Init
 .text.HAL_InitTick
                0x08006e54       0xec cmake/stm32cubemx/CMakeFiles/STM32_Drivers.dir/__/__/Drivers/STM32H5xx_HAL_Driver/Src/stm32h5xx_hal.c.obj
                0x08006e54                HAL_InitTick
 .text.HAL_IncTick
                0x08006f40       0x28 cmake/stm32cubemx/CMakeFiles/STM32_Drivers.dir/__/__/Drivers/STM32H5xx_HAL_Driver/Src/stm32h5xx_hal.c.obj
                0x08006f40                HAL_IncTick
 .text.HAL_GetTick
                0x08006f68       0x18 cmake/stm32cubemx/CMakeFiles/STM32_Drivers.dir/__/__/Drivers/STM32H5xx_HAL_Driver/Src/stm32h5xx_hal.c.obj
                0x08006f68                HAL_GetTick
 .text.HAL_UART_Init
                0x08006f80       0xa0 cmake/stm32cubemx/CMakeFiles/STM32_Drivers.dir/__/__/Drivers/STM32H5xx_HAL_Driver/Src/stm32h5xx_hal_uart.c.obj
                0x08006f80                HAL_UART_Init
 .text.HAL_UART_Transmit
                0x08007020      0x150 cmake/stm32cubemx/CMakeFiles/STM32_Drivers.dir/__/__/Drivers/STM32H5xx_HAL_Driver/Src/stm32h5xx_hal_uart.c.obj
                0x08007020                HAL_UART_Transmit
 .text.UART_SetConfig
                0x08007170      0x3dc cmake/stm32cubemx/CMakeFiles/STM32_Drivers.dir/__/__/Drivers/STM32H5xx_HAL_Driver/Src/stm32h5xx_hal_uart.c.obj
                0x08007170                UART_SetConfig
 .text.UART_AdvFeatureConfig
                0x0800754c      0x144 cmake/stm32cubemx/CMakeFiles/STM32_Drivers.dir/__/__/Drivers/STM32H5xx_HAL_Driver/Src/stm32h5xx_hal_uart.c.obj
                0x0800754c                UART_AdvFeatureConfig
 .text.UART_CheckIdleState
                0x08007690      0x154 cmake/stm32cubemx/CMakeFiles/STM32_Drivers.dir/__/__/Drivers/STM32H5xx_HAL_Driver/Src/stm32h5xx_hal_uart.c.obj
                0x08007690                UART_CheckIdleState
 .text.UART_WaitOnFlagUntilTimeout
                0x080077e4       0xda cmake/stm32cubemx/CMakeFiles/STM32_Drivers.dir/__/__/Drivers/STM32H5xx_HAL_Driver/Src/stm32h5xx_hal_uart.c.obj
                0x080077e4                UART_WaitOnFlagUntilTimeout
 .text.UART_EndRxTransfer
                0x080078be       0xcc cmake/stm32cubemx/CMakeFiles/STM32_Drivers.dir/__/__/Drivers/STM32H5xx_HAL_Driver/Src/stm32h5xx_hal_uart.c.obj
 .text.HAL_UARTEx_DisableFifoMode
                0x0800798a       0x72 cmake/stm32cubemx/CMakeFiles/STM32_Drivers.dir/__/__/Drivers/STM32H5xx_HAL_Driver/Src/stm32h5xx_hal_uart_ex.c.obj
                0x0800798a                HAL_UARTEx_DisableFifoMode
 .text.HAL_UARTEx_SetTxFifoThreshold
                0x080079fc       0x7c cmake/stm32cubemx/CMakeFiles/STM32_Drivers.dir/__/__/Drivers/STM32H5xx_HAL_Driver/Src/stm32h5xx_hal_uart_ex.c.obj
                0x080079fc                HAL_UARTEx_SetTxFifoThreshold
 .text.HAL_UARTEx_SetRxFifoThreshold
                0x08007a78       0x7c cmake/stm32cubemx/CMakeFiles/STM32_Drivers.dir/__/__/Drivers/STM32H5xx_HAL_Driver/Src/stm32h5xx_hal_uart_ex.c.obj
                0x08007a78                HAL_UARTEx_SetRxFifoThreshold
 .text.UARTEx_SetNbDataToProcess
                0x08007af4       0x9c cmake/stm32cubemx/CMakeFiles/STM32_Drivers.dir/__/__/Drivers/STM32H5xx_HAL_Driver/Src/stm32h5xx_hal_uart_ex.c.obj
 .text.Stage1_UartTask
                0x08007b90       0x28 CMakeFiles/Code.dir/Core/Src/main.c.obj
 .text.main     0x08007bb8       0x58 CMakeFiles/Code.dir/Core/Src/main.c.obj
                0x08007bb8                main
 .text.SystemClock_Config
                0x08007c10       0xe0 CMakeFiles/Code.dir/Core/Src/main.c.obj
                0x08007c10                SystemClock_Config
 .text.MX_ICACHE_Init
                0x08007cf0       0x26 CMakeFiles/Code.dir/Core/Src/main.c.obj
 *fill*         0x08007d16        0x2 
 .text.MX_UART4_Init
                0x08007d18       0x98 CMakeFiles/Code.dir/Core/Src/main.c.obj
 .text.MX_USB_PCD_Init
                0x08007db0       0x1c CMakeFiles/Code.dir/Core/Src/main.c.obj
 .text.MX_GPIO_Init
                0x08007dcc      0x160 CMakeFiles/Code.dir/Core/Src/main.c.obj
 .text.MPU_Config
                0x08007f2c       0x6c CMakeFiles/Code.dir/Core/Src/main.c.obj
 .text.Error_Handler
                0x08007f98        0xc CMakeFiles/Code.dir/Core/Src/main.c.obj
                0x08007f98                Error_Handler
 .text.NMI_Handler
                0x08007fa4        0x8 CMakeFiles/Code.dir/Core/Src/stm32h5xx_it.c.obj
                0x08007fa4                NMI_Handler
 .text.HardFault_Handler
                0x08007fac        0x8 CMakeFiles/Code.dir/Core/Src/stm32h5xx_it.c.obj
                0x08007fac                HardFault_Handler
 .text.MemManage_Handler
                0x08007fb4        0x8 CMakeFiles/Code.dir/Core/Src/stm32h5xx_it.c.obj
                0x08007fb4                MemManage_Handler
 .text.BusFault_Handler
                0x08007fbc        0x8 CMakeFiles/Code.dir/Core/Src/stm32h5xx_it.c.obj
                0x08007fbc                BusFault_Handler
 .text.UsageFault_Handler
                0x08007fc4        0x8 CMakeFiles/Code.dir/Core/Src/stm32h5xx_it.c.obj
                0x08007fc4                UsageFault_Handler
 .text.SVC_Handler
                0x08007fcc        0xe CMakeFiles/Code.dir/Core/Src/stm32h5xx_it.c.obj
                0x08007fcc                SVC_Handler
 .text.DebugMon_Handler
                0x08007fda        0xe CMakeFiles/Code.dir/Core/Src/stm32h5xx_it.c.obj
                0x08007fda                DebugMon_Handler
 .text.PendSV_Handler
                0x08007fe8        0xe CMakeFiles/Code.dir/Core/Src/stm32h5xx_it.c.obj
                0x08007fe8                PendSV_Handler
 .text.SysTick_Handler
                0x08007ff6        0xc CMakeFiles/Code.dir/Core/Src/stm32h5xx_it.c.obj
                0x08007ff6                SysTick_Handler
 .text.USB_DRD_FS_IRQHandler
                0x08008002       0x10 CMakeFiles/Code.dir/Core/Src/stm32h5xx_it.c.obj
                0x08008002                USB_DRD_FS_IRQHandler
 .text.HAL_MspInit
                0x08008012        0xe CMakeFiles/Code.dir/Core/Src/stm32h5xx_hal_msp.c.obj
                0x08008012                HAL_MspInit
 .text.HAL_UART_MspInit
                0x08008020      0x118 CMakeFiles/Code.dir/Core/Src/stm32h5xx_hal_msp.c.obj
                0x08008020                HAL_UART_MspInit
 .text.HAL_PCD_MspInit
                0x08008138      0x13c CMakeFiles/Code.dir/Core/Src/stm32h5xx_hal_msp.c.obj
                0x08008138                HAL_PCD_MspInit
 .text._sbrk    0x08008274       0x6c CMakeFiles/Code.dir/Core/Src/sysmem.c.obj
                0x08008274                _sbrk
 .text.Reset_Handler
                0x080082e0       0x5c CMakeFiles/Code.dir/startup_stm32h562xx.s.obj
                0x080082e0                Reset_Handler
 .text.Default_Handler
                0x0800833c        0x2 CMakeFiles/Code.dir/startup_stm32h562xx.s.obj
                0x0800833c                EXTI2_IRQHandler
                0x0800833c                TIM8_TRG_COM_IRQHandler
                0x0800833c                TIM8_CC_IRQHandler
                0x0800833c                EXTI5_IRQHandler
                0x0800833c                I3C1_ER_IRQHandler
                0x0800833c                UART8_IRQHandler
                0x0800833c                SPI4_IRQHandler
                0x0800833c                GPDMA2_Channel1_IRQHandler
                0x0800833c                FLASH_S_IRQHandler
                0x0800833c                EXTI13_IRQHandler
                0x0800833c                TIM1_CC_IRQHandler
                0x0800833c                GPDMA2_Channel3_IRQHandler
                0x0800833c                TAMP_IRQHandler
                0x0800833c                TIM6_IRQHandler
                0x0800833c                EXTI12_IRQHandler
                0x0800833c                CORDIC_IRQHandler
                0x0800833c                EXTI3_IRQHandler
                0x0800833c                LPTIM4_IRQHandler
                0x0800833c                GPDMA1_Channel5_IRQHandler
                0x0800833c                EXTI8_IRQHandler
                0x0800833c                GPDMA2_Channel5_IRQHandler
                0x0800833c                LPTIM2_IRQHandler
                0x0800833c                I2C3_ER_IRQHandler
                0x0800833c                GPDMA2_Channel2_IRQHandler
                0x0800833c                USART10_IRQHandler
                0x0800833c                LPTIM3_IRQHandler
                0x0800833c                EXTI0_IRQHandler
                0x0800833c                I2C2_EV_IRQHandler
                0x0800833c                FPU_IRQHandler
                0x0800833c                GPDMA1_Channel3_IRQHandler
                0x0800833c                GPDMA1_Channel7_IRQHandler
                0x0800833c                FDCAN1_IT1_IRQHandler
                0x0800833c                RAMCFG_IRQHandler
                0x0800833c                DCACHE1_IRQHandler
                0x0800833c                SPI1_IRQHandler
                0x0800833c                OCTOSPI1_IRQHandler
                0x0800833c                GPDMA1_Channel2_IRQHandler
                0x0800833c                TIM8_UP_IRQHandler
                0x0800833c                RCC_S_IRQHandler
                0x0800833c                SAI2_IRQHandler
                0x0800833c                ADC1_IRQHandler
                0x0800833c                USART6_IRQHandler
                0x0800833c                EXTI15_IRQHandler
                0x0800833c                TIM17_IRQHandler
                0x0800833c                USART3_IRQHandler
                0x0800833c                RTC_IRQHandler
                0x0800833c                EXTI9_IRQHandler
                0x0800833c                LPTIM5_IRQHandler
                0x0800833c                UART5_IRQHandler
                0x0800833c                TIM4_IRQHandler
                0x0800833c                I2C1_EV_IRQHandler
                0x0800833c                GPDMA1_Channel1_IRQHandler
                0x0800833c                TIM16_IRQHandler
                0x0800833c                UART4_IRQHandler
                0x0800833c                SecureFault_Handler
                0x0800833c                TIM3_IRQHandler
                0x0800833c                RCC_IRQHandler
                0x0800833c                UART9_IRQHandler
                0x0800833c                TIM1_TRG_COM_IRQHandler
                0x0800833c                Default_Handler
                0x0800833c                FMAC_IRQHandler
                0x0800833c                CEC_IRQHandler
                0x0800833c                USART11_IRQHandler
                0x0800833c                TIM14_IRQHandler
                0x0800833c                TIM13_IRQHandler
                0x0800833c                GPDMA2_Channel4_IRQHandler
                0x0800833c                SPI5_IRQHandler
                0x0800833c                TIM12_IRQHandler
                0x0800833c                TIM7_IRQHandler
                0x0800833c                SDMMC1_IRQHandler
                0x0800833c                TIM5_IRQHandler
                0x0800833c                UCPD1_IRQHandler
                0x0800833c                GPDMA1_Channel0_IRQHandler
                0x0800833c                I3C1_EV_IRQHandler
                0x0800833c                TIM15_IRQHandler
                0x0800833c                PVD_AVD_IRQHandler
                0x0800833c                I2C3_EV_IRQHandler
                0x0800833c                ADC2_IRQHandler
                0x0800833c                SPI2_IRQHandler
                0x0800833c                EXTI14_IRQHandler
                0x0800833c                EXTI11_IRQHandler
                0x0800833c                CRS_IRQHandler
                0x0800833c                EXTI4_IRQHandler
                0x0800833c                GPDMA2_Channel0_IRQHandler
                0x0800833c                RTC_S_IRQHandler
                0x0800833c                RNG_IRQHandler
                0x0800833c                GPDMA2_Channel6_IRQHandler
                0x0800833c                TIM1_UP_IRQHandler
                0x0800833c                UART12_IRQHandler
                0x0800833c                WWDG_IRQHandler
                0x0800833c                SPI6_IRQHandler
                0x0800833c                I2C4_EV_IRQHandler
                0x0800833c                IWDG_IRQHandler
                0x0800833c                LPUART1_IRQHandler
                0x0800833c                FDCAN1_IT0_IRQHandler
                0x0800833c                TIM2_IRQHandler
                0x0800833c                GPDMA1_Channel4_IRQHandler
                0x0800833c                EXTI7_IRQHandler
                0x0800833c                TIM1_BRK_IRQHandler
                0x0800833c                EXTI1_IRQHandler
                0x0800833c                LPTIM6_IRQHandler
                0x0800833c                DAC1_IRQHandler
                0x0800833c                DTS_IRQHandler
                0x0800833c                UART7_IRQHandler
                0x0800833c                GTZC_IRQHandler
                0x0800833c                USART2_IRQHandler
                0x0800833c                GPDMA1_Channel6_IRQHandler
                0x0800833c                GPDMA2_Channel7_IRQHandler
                0x0800833c                I2C2_ER_IRQHandler
                0x0800833c                TIM8_BRK_IRQHandler
                0x0800833c                FLASH_IRQHandler
                0x0800833c                USART1_IRQHandler
                0x0800833c                EXTI10_IRQHandler
                0x0800833c                SPI3_IRQHandler
                0x0800833c                I2C1_ER_IRQHandler
                0x0800833c                FMC_IRQHandler
                0x0800833c                EXTI6_IRQHandler
                0x0800833c                LPTIM1_IRQHandler
                0x0800833c                DCMI_PSSI_IRQHandler
                0x0800833c                I2C4_ER_IRQHandler
                0x0800833c                ICACHE_IRQHandler
                0x0800833c                SAI1_IRQHandler
                0x0800833c                HASH_IRQHandler
 *fill*         0x0800833e        0x2 
 .text.Scheduler_Init
                0x08008340       0x18 CMakeFiles/Code.dir/Core/Src/scheduler.c.obj
                0x08008340                Scheduler_Init
 .text.Scheduler_AddTask
                0x08008358       0x84 CMakeFiles/Code.dir/Core/Src/scheduler.c.obj
                0x08008358                Scheduler_AddTask
 .text.Scheduler_Run
                0x080083dc       0x88 CMakeFiles/Code.dir/Core/Src/scheduler.c.obj
                0x080083dc                Scheduler_Run
 .text.Log_Printf
                0x08008464       0x68 CMakeFiles/Code.dir/Core/Src/log.c.obj
                0x08008464                Log_Printf
 .text.UsbCdc_Init
                0x080084cc       0x20 CMakeFiles/Code.dir/Core/Src/usb_cdc.c.obj
                0x080084cc                UsbCdc_Init
 .text.UsbCdc_Task
                0x080084ec       0x14 CMakeFiles/Code.dir/Core/Src/usb_cdc.c.obj
                0x080084ec                UsbCdc_Task
 .text.UsbCdc_Write
                0x08008500       0x5e CMakeFiles/Code.dir/Core/Src/usb_cdc.c.obj
                0x08008500                UsbCdc_Write
 *fill*         0x0800855e        0x2 
 .text.tud_descriptor_device_cb
                0x08008560       0x14 CMakeFiles/Code.dir/Core/Src/usb_cdc.c.obj
                0x08008560                tud_descriptor_device_cb
 .text.tud_descriptor_configuration_cb
                0x08008574       0x1c CMakeFiles/Code.dir/Core/Src/usb_cdc.c.obj
                0x08008574                tud_descriptor_configuration_cb
 .text.tud_descriptor_string_cb
                0x08008590      0x11c CMakeFiles/Code.dir/Core/Src/usb_cdc.c.obj
                0x08008590                tud_descriptor_string_cb
 .text.tusb_rhport_init
                0x080086ac       0x80 CMakeFiles/Code.dir/Middlewares/tinyusb/src/tusb.c.obj
                0x080086ac                tusb_rhport_init
 .text.tusb_int_handler
                0x0800872c       0x34 CMakeFiles/Code.dir/Middlewares/tinyusb/src/tusb.c.obj
                0x0800872c                tusb_int_handler
 .text.tu_edpt_claim
                0x08008760       0x54 CMakeFiles/Code.dir/Middlewares/tinyusb/src/tusb.c.obj
                0x08008760                tu_edpt_claim
 .text.tu_edpt_release
                0x080087b4       0x42 CMakeFiles/Code.dir/Middlewares/tinyusb/src/tusb.c.obj
                0x080087b4                tu_edpt_release
 *fill*         0x080087f6        0x2 
 .text.tu_bind_driver_to_ep_itf
                0x080087f8      0x11c CMakeFiles/Code.dir/Middlewares/tinyusb/src/tusb.c.obj
                0x080087f8                tu_bind_driver_to_ep_itf
 .text.tu_edpt_stream_init
                0x08008914       0x50 CMakeFiles/Code.dir/Middlewares/tinyusb/src/tusb.c.obj
                0x08008914                tu_edpt_stream_init
 .text.stream_claim
                0x08008964       0x3a CMakeFiles/Code.dir/Middlewares/tinyusb/src/tusb.c.obj
 .text.stream_xfer
                0x0800899e       0x66 CMakeFiles/Code.dir/Middlewares/tinyusb/src/tusb.c.obj
 .text.stream_release
                0x08008a04       0x2e CMakeFiles/Code.dir/Middlewares/tinyusb/src/tusb.c.obj
 *fill*         0x08008a32        0x2 
 .text.tu_edpt_stream_write_zlp_if_needed
                0x08008a34       0x9c CMakeFiles/Code.dir/Middlewares/tinyusb/src/tusb.c.obj
                0x08008a34                tu_edpt_stream_write_zlp_if_needed
 .text.tu_edpt_stream_write_xfer
                0x08008ad0      0x16c CMakeFiles/Code.dir/Middlewares/tinyusb/src/tusb.c.obj
                0x08008ad0                tu_edpt_stream_write_xfer
 .text.tu_edpt_stream_write
                0x08008c3c       0xba CMakeFiles/Code.dir/Middlewares/tinyusb/src/tusb.c.obj
                0x08008c3c                tu_edpt_stream_write
 .text.tu_edpt_stream_write_available
                0x08008cf6       0x78 CMakeFiles/Code.dir/Middlewares/tinyusb/src/tusb.c.obj
                0x08008cf6                tu_edpt_stream_write_available
 *fill*         0x08008d6e        0x2 
 .text.tu_edpt_stream_read_xfer
                0x08008d70      0x190 CMakeFiles/Code.dir/Middlewares/tinyusb/src/tusb.c.obj
                0x08008d70                tu_edpt_stream_read_xfer
 .text.tu_fifo_config
                0x08008f00       0x4e CMakeFiles/Code.dir/Middlewares/tinyusb/src/common/tusb_fifo.c.obj
                0x08008f00                tu_fifo_config
 .text.tu_fifo_clear
                0x08008f4e       0x20 CMakeFiles/Code.dir/Middlewares/tinyusb/src/common/tusb_fifo.c.obj
                0x08008f4e                tu_fifo_clear
 .text.tu_fifo_set_overwritable
                0x08008f6e       0x2a CMakeFiles/Code.dir/Middlewares/tinyusb/src/common/tusb_fifo.c.obj
                0x08008f6e                tu_fifo_set_overwritable
 .text.tu_hwfifo_write
                0x08008f98       0xae CMakeFiles/Code.dir/Middlewares/tinyusb/src/common/tusb_fifo.c.obj
                0x08008f98                tu_hwfifo_write
 .text.tu_hwfifo_read
                0x08009046       0xb6 CMakeFiles/Code.dir/Middlewares/tinyusb/src/common/tusb_fifo.c.obj
                0x08009046                tu_hwfifo_read
 .text.hwff_push_n
                0x080090fc      0x17a CMakeFiles/Code.dir/Middlewares/tinyusb/src/common/tusb_fifo.c.obj
 .text.hwff_pull_n
                0x08009276      0x17a CMakeFiles/Code.dir/Middlewares/tinyusb/src/common/tusb_fifo.c.obj
 .text.ff_push_n
                0x080093f0       0x6e CMakeFiles/Code.dir/Middlewares/tinyusb/src/common/tusb_fifo.c.obj
 .text.ff_pull_n
                0x0800945e       0x6e CMakeFiles/Code.dir/Middlewares/tinyusb/src/common/tusb_fifo.c.obj
 .text.advance_index
                0x080094cc       0x4c CMakeFiles/Code.dir/Middlewares/tinyusb/src/common/tusb_fifo.c.obj
 .text.correct_read_index
                0x08009518       0x40 CMakeFiles/Code.dir/Middlewares/tinyusb/src/common/tusb_fifo.c.obj
 .text.tu_fifo_peek_n_access_mode
                0x08009558       0xcc CMakeFiles/Code.dir/Middlewares/tinyusb/src/common/tusb_fifo.c.obj
                0x08009558                tu_fifo_peek_n_access_mode
 .text.tu_fifo_read_n_access_mode
                0x08009624       0x5a CMakeFiles/Code.dir/Middlewares/tinyusb/src/common/tusb_fifo.c.obj
                0x08009624                tu_fifo_read_n_access_mode
 .text.tu_fifo_write_n_access_mode
                0x0800967e      0x1a6 CMakeFiles/Code.dir/Middlewares/tinyusb/src/common/tusb_fifo.c.obj
                0x0800967e                tu_fifo_write_n_access_mode
 .text.tu_fifo_get_read_info
                0x08009824      0x118 CMakeFiles/Code.dir/Middlewares/tinyusb/src/common/tusb_fifo.c.obj
                0x08009824                tu_fifo_get_read_info
 .text.tud_event_hook_cb
                0x0800993c       0x1c CMakeFiles/Code.dir/Middlewares/tinyusb/src/device/usbd.c.obj
                0x0800993c                tud_event_hook_cb
 .text.tud_sof_cb
                0x08009958       0x14 CMakeFiles/Code.dir/Middlewares/tinyusb/src/device/usbd.c.obj
                0x08009958                tud_sof_cb
 .text.tud_descriptor_bos_cb
                0x0800996c       0x10 CMakeFiles/Code.dir/Middlewares/tinyusb/src/device/usbd.c.obj
                0x0800996c                tud_descriptor_bos_cb
 .text.tud_descriptor_device_qualifier_cb
                0x0800997c       0x10 CMakeFiles/Code.dir/Middlewares/tinyusb/src/device/usbd.c.obj
                0x0800997c                tud_descriptor_device_qualifier_cb
 .text.tud_descriptor_other_speed_configuration_cb
                0x0800998c       0x18 CMakeFiles/Code.dir/Middlewares/tinyusb/src/device/usbd.c.obj
                0x0800998c                tud_descriptor_other_speed_configuration_cb
 .text.tud_mount_cb
                0x080099a4        0xe CMakeFiles/Code.dir/Middlewares/tinyusb/src/device/usbd.c.obj
                0x080099a4                tud_mount_cb
 .text.tud_umount_cb
                0x080099b2        0xe CMakeFiles/Code.dir/Middlewares/tinyusb/src/device/usbd.c.obj
                0x080099b2                tud_umount_cb
 .text.tud_suspend_cb
                0x080099c0       0x16 CMakeFiles/Code.dir/Middlewares/tinyusb/src/device/usbd.c.obj
                0x080099c0                tud_suspend_cb
 .text.tud_resume_cb
                0x080099d6        0xe CMakeFiles/Code.dir/Middlewares/tinyusb/src/device/usbd.c.obj
                0x080099d6                tud_resume_cb
 .text.tud_vendor_control_xfer_cb
                0x080099e4       0x1e CMakeFiles/Code.dir/Middlewares/tinyusb/src/device/usbd.c.obj
                0x080099e4                tud_vendor_control_xfer_cb
 .text.usbd_app_driver_get_cb
                0x08009a02       0x1c CMakeFiles/Code.dir/Middlewares/tinyusb/src/device/usbd.c.obj
                0x08009a02                usbd_app_driver_get_cb
 *fill*         0x08009a1e        0x2 
 .text.tud_mounted
                0x08009a20       0x20 CMakeFiles/Code.dir/Middlewares/tinyusb/src/device/usbd.c.obj
                0x08009a20                tud_mounted
 .text.tud_suspended
                0x08009a40       0x24 CMakeFiles/Code.dir/Middlewares/tinyusb/src/device/usbd.c.obj
                0x08009a40                tud_suspended
 .text.tud_inited
                0x08009a64       0x20 CMakeFiles/Code.dir/Middlewares/tinyusb/src/device/usbd.c.obj
                0x08009a64                tud_inited
 .text.tud_rhport_init
                0x08009a84      0x1bc CMakeFiles/Code.dir/Middlewares/tinyusb/src/device/usbd.c.obj
                0x08009a84                tud_rhport_init
 .text.configuration_reset
                0x08009c40       0xe0 CMakeFiles/Code.dir/Middlewares/tinyusb/src/device/usbd.c.obj
 .text.usbd_reset
                0x08009d20       0x24 CMakeFiles/Code.dir/Middlewares/tinyusb/src/device/usbd.c.obj
 .text.tud_task_ext
                0x08009d44      0x334 CMakeFiles/Code.dir/Middlewares/tinyusb/src/device/usbd.c.obj
                0x08009d44                tud_task_ext
 .text.data_stage_xact
                0x0800a078       0xdc CMakeFiles/Code.dir/Middlewares/tinyusb/src/device/usbd.c.obj
 .text.tud_control_status
                0x0800a154       0x54 CMakeFiles/Code.dir/Middlewares/tinyusb/src/device/usbd.c.obj
                0x0800a154                tud_control_status
 .text.tud_control_xfer
                0x0800a1a8       0xdc CMakeFiles/Code.dir/Middlewares/tinyusb/src/device/usbd.c.obj
                0x0800a1a8                tud_control_xfer
 .text.usbd_control_xfer_cb
                0x0800a284      0x1c4 CMakeFiles/Code.dir/Middlewares/tinyusb/src/device/usbd.c.obj
 .text.invoke_class_control
                0x0800a448       0x30 CMakeFiles/Code.dir/Middlewares/tinyusb/src/device/usbd.c.obj
 .text.process_std_device_request
                0x0800a478      0x1a4 CMakeFiles/Code.dir/Middlewares/tinyusb/src/device/usbd.c.obj
 .text.process_get_status
                0x0800a61c       0x38 CMakeFiles/Code.dir/Middlewares/tinyusb/src/device/usbd.c.obj
 .text.process_setup_received
                0x0800a654      0x4a8 CMakeFiles/Code.dir/Middlewares/tinyusb/src/device/usbd.c.obj
 .text.process_set_config
                0x0800aafc      0x260 CMakeFiles/Code.dir/Middlewares/tinyusb/src/device/usbd.c.obj
 .text.process_get_descriptor
                0x0800ad5c      0x1b0 CMakeFiles/Code.dir/Middlewares/tinyusb/src/device/usbd.c.obj
 .text.dcd_event_handler
                0x0800af0c      0x65c CMakeFiles/Code.dir/Middlewares/tinyusb/src/device/usbd.c.obj
                0x0800af0c                dcd_event_handler
 .text.usbd_int_set
                0x0800b568       0x34 CMakeFiles/Code.dir/Middlewares/tinyusb/src/device/usbd.c.obj
                0x0800b568                usbd_int_set
 .text.usbd_edpt_open
                0x0800b59c       0xa0 CMakeFiles/Code.dir/Middlewares/tinyusb/src/device/usbd.c.obj
                0x0800b59c                usbd_edpt_open
 .text.usbd_edpt_claim
                0x0800b63c       0x50 CMakeFiles/Code.dir/Middlewares/tinyusb/src/device/usbd.c.obj
                0x0800b63c                usbd_edpt_claim
 .text.usbd_edpt_release
                0x0800b68c       0x50 CMakeFiles/Code.dir/Middlewares/tinyusb/src/device/usbd.c.obj
                0x0800b68c                usbd_edpt_release
 .text.usbd_edpt_xfer
                0x0800b6dc      0x100 CMakeFiles/Code.dir/Middlewares/tinyusb/src/device/usbd.c.obj
                0x0800b6dc                usbd_edpt_xfer
 .text.usbd_edpt_xfer_fifo
                0x0800b7dc      0x100 CMakeFiles/Code.dir/Middlewares/tinyusb/src/device/usbd.c.obj
                0x0800b7dc                usbd_edpt_xfer_fifo
 .text.usbd_edpt_stall
                0x0800b8dc       0x78 CMakeFiles/Code.dir/Middlewares/tinyusb/src/device/usbd.c.obj
                0x0800b8dc                usbd_edpt_stall
 .text.usbd_edpt_clear_stall
                0x0800b954       0xac CMakeFiles/Code.dir/Middlewares/tinyusb/src/device/usbd.c.obj
                0x0800b954                usbd_edpt_clear_stall
 .text.usbd_edpt_stalled
                0x0800ba00       0x5c CMakeFiles/Code.dir/Middlewares/tinyusb/src/device/usbd.c.obj
                0x0800ba00                usbd_edpt_stalled
 .text.tud_cdc_rx_cb
                0x0800ba5c       0x16 CMakeFiles/Code.dir/Middlewares/tinyusb/src/class/cdc/cdc_device.c.obj
                0x0800ba5c                tud_cdc_rx_cb
 .text.tud_cdc_rx_wanted_cb
                0x0800ba72       0x1c CMakeFiles/Code.dir/Middlewares/tinyusb/src/class/cdc/cdc_device.c.obj
                0x0800ba72                tud_cdc_rx_wanted_cb
 .text.tud_cdc_tx_complete_cb
                0x0800ba8e       0x16 CMakeFiles/Code.dir/Middlewares/tinyusb/src/class/cdc/cdc_device.c.obj
                0x0800ba8e                tud_cdc_tx_complete_cb
 .text.tud_cdc_notify_complete_cb
                0x0800baa4       0x16 CMakeFiles/Code.dir/Middlewares/tinyusb/src/class/cdc/cdc_device.c.obj
                0x0800baa4                tud_cdc_notify_complete_cb
 .text.tud_cdc_line_state_cb
                0x0800baba       0x1e CMakeFiles/Code.dir/Middlewares/tinyusb/src/class/cdc/cdc_device.c.obj
                0x0800baba                tud_cdc_line_state_cb
 .text.tud_cdc_line_coding_cb
                0x0800bad8       0x18 CMakeFiles/Code.dir/Middlewares/tinyusb/src/class/cdc/cdc_device.c.obj
                0x0800bad8                tud_cdc_line_coding_cb
 .text.tud_cdc_send_break_cb
                0x0800baf0       0x1c CMakeFiles/Code.dir/Middlewares/tinyusb/src/class/cdc/cdc_device.c.obj
                0x0800baf0                tud_cdc_send_break_cb
 .text.tud_cdc_n_connected
                0x0800bb0c       0x84 CMakeFiles/Code.dir/Middlewares/tinyusb/src/class/cdc/cdc_device.c.obj
                0x0800bb0c                tud_cdc_n_connected
 .text.tud_cdc_n_write
                0x0800bb90       0x44 CMakeFiles/Code.dir/Middlewares/tinyusb/src/class/cdc/cdc_device.c.obj
                0x0800bb90                tud_cdc_n_write
 .text.tud_cdc_n_write_flush
                0x0800bbd4       0x3c CMakeFiles/Code.dir/Middlewares/tinyusb/src/class/cdc/cdc_device.c.obj
                0x0800bbd4                tud_cdc_n_write_flush
 .text.tud_cdc_n_write_available
                0x0800bc10       0x3c CMakeFiles/Code.dir/Middlewares/tinyusb/src/class/cdc/cdc_device.c.obj
                0x0800bc10                tud_cdc_n_write_available
 .text.cdcd_init
                0x0800bc4c       0xac CMakeFiles/Code.dir/Middlewares/tinyusb/src/class/cdc/cdc_device.c.obj
                0x0800bc4c                cdcd_init
 .text.cdcd_deinit
                0x0800bcf8       0x4c CMakeFiles/Code.dir/Middlewares/tinyusb/src/class/cdc/cdc_device.c.obj
                0x0800bcf8                cdcd_deinit
 .text.cdcd_reset
                0x0800bd44       0x6c CMakeFiles/Code.dir/Middlewares/tinyusb/src/class/cdc/cdc_device.c.obj
                0x0800bd44                cdcd_reset
 .text.cdcd_open
                0x0800bdb0      0x458 CMakeFiles/Code.dir/Middlewares/tinyusb/src/class/cdc/cdc_device.c.obj
                0x0800bdb0                cdcd_open
 .text.cdcd_control_xfer_cb
                0x0800c208      0x1b8 CMakeFiles/Code.dir/Middlewares/tinyusb/src/class/cdc/cdc_device.c.obj
                0x0800c208                cdcd_control_xfer_cb
 .text.cdcd_xfer_cb
                0x0800c3c0      0x228 CMakeFiles/Code.dir/Middlewares/tinyusb/src/class/cdc/cdc_device.c.obj
                0x0800c3c0                cdcd_xfer_cb
 .text.__NVIC_EnableIRQ
                0x0800c5e8       0x3c CMakeFiles/Code.dir/Middlewares/tinyusb/src/portable/st/stm32_fsdev/dcd_stm32_fsdev.c.obj
 .text.__NVIC_DisableIRQ
                0x0800c624       0x48 CMakeFiles/Code.dir/Middlewares/tinyusb/src/portable/st/stm32_fsdev/dcd_stm32_fsdev.c.obj
 .text.dcd_init
                0x0800c66c       0x40 CMakeFiles/Code.dir/Middlewares/tinyusb/src/portable/st/stm32_fsdev/dcd_stm32_fsdev.c.obj
                0x0800c66c                dcd_init
 .text.dcd_sof_enable
                0x0800c6ac       0x40 CMakeFiles/Code.dir/Middlewares/tinyusb/src/portable/st/stm32_fsdev/dcd_stm32_fsdev.c.obj
                0x0800c6ac                dcd_sof_enable
 .text.dcd_set_address
                0x0800c6ec       0x28 CMakeFiles/Code.dir/Middlewares/tinyusb/src/portable/st/stm32_fsdev/dcd_stm32_fsdev.c.obj
                0x0800c6ec                dcd_set_address
 .text.handle_bus_reset
                0x0800c714       0x78 CMakeFiles/Code.dir/Middlewares/tinyusb/src/portable/st/stm32_fsdev/dcd_stm32_fsdev.c.obj
 .text.handle_ctr_tx
                0x0800c78c      0x150 CMakeFiles/Code.dir/Middlewares/tinyusb/src/portable/st/stm32_fsdev/dcd_stm32_fsdev.c.obj
 .text.handle_ctr_setup
                0x0800c8dc      0x1c0 CMakeFiles/Code.dir/Middlewares/tinyusb/src/portable/st/stm32_fsdev/dcd_stm32_fsdev.c.obj
 .text.handle_ctr_rx
                0x0800ca9c      0x320 CMakeFiles/Code.dir/Middlewares/tinyusb/src/portable/st/stm32_fsdev/dcd_stm32_fsdev.c.obj
 .text.dcd_int_handler
                0x0800cdbc      0x434 CMakeFiles/Code.dir/Middlewares/tinyusb/src/portable/st/stm32_fsdev/dcd_stm32_fsdev.c.obj
                0x0800cdbc                dcd_int_handler
 .text.dcd_edpt0_status_complete
                0x0800d1f0       0x54 CMakeFiles/Code.dir/Middlewares/tinyusb/src/portable/st/stm32_fsdev/dcd_stm32_fsdev.c.obj
                0x0800d1f0                dcd_edpt0_status_complete
 .text.dcd_pma_alloc
                0x0800d244       0x8c CMakeFiles/Code.dir/Middlewares/tinyusb/src/portable/st/stm32_fsdev/dcd_stm32_fsdev.c.obj
 .text.dcd_ep_alloc
                0x0800d2d0      0x154 CMakeFiles/Code.dir/Middlewares/tinyusb/src/portable/st/stm32_fsdev/dcd_stm32_fsdev.c.obj
 .text.edpt0_open
                0x0800d424      0x208 CMakeFiles/Code.dir/Middlewares/tinyusb/src/portable/st/stm32_fsdev/dcd_stm32_fsdev.c.obj
 .text.dcd_edpt_open
                0x0800d62c      0x2b4 CMakeFiles/Code.dir/Middlewares/tinyusb/src/portable/st/stm32_fsdev/dcd_stm32_fsdev.c.obj
                0x0800d62c                dcd_edpt_open
 .text.dcd_edpt_close_all
                0x0800d8e0       0xe4 CMakeFiles/Code.dir/Middlewares/tinyusb/src/portable/st/stm32_fsdev/dcd_stm32_fsdev.c.obj
                0x0800d8e0                dcd_edpt_close_all
 .text.dcd_transmit_packet
                0x0800d9c4      0x244 CMakeFiles/Code.dir/Middlewares/tinyusb/src/portable/st/stm32_fsdev/dcd_stm32_fsdev.c.obj
 .text.edpt_xfer
                0x0800dc08      0x19c CMakeFiles/Code.dir/Middlewares/tinyusb/src/portable/st/stm32_fsdev/dcd_stm32_fsdev.c.obj
 .text.dcd_edpt_xfer
                0x0800dda4       0x7c CMakeFiles/Code.dir/Middlewares/tinyusb/src/portable/st/stm32_fsdev/dcd_stm32_fsdev.c.obj
                0x0800dda4                dcd_edpt_xfer
 .text.dcd_edpt_xfer_fifo
                0x0800de20       0x7c CMakeFiles/Code.dir/Middlewares/tinyusb/src/portable/st/stm32_fsdev/dcd_stm32_fsdev.c.obj
                0x0800de20                dcd_edpt_xfer_fifo
 .text.dcd_edpt_stall
                0x0800de9c      0x148 CMakeFiles/Code.dir/Middlewares/tinyusb/src/portable/st/stm32_fsdev/dcd_stm32_fsdev.c.obj
                0x0800de9c                dcd_edpt_stall
 .text.dcd_edpt_clear_stall
                0x0800dfe4      0x1ec CMakeFiles/Code.dir/Middlewares/tinyusb/src/portable/st/stm32_fsdev/dcd_stm32_fsdev.c.obj
                0x0800dfe4                dcd_edpt_clear_stall
 .text.dcd_int_enable
                0x0800e1d0       0x3e CMakeFiles/Code.dir/Middlewares/tinyusb/src/portable/st/stm32_fsdev/dcd_stm32_fsdev.c.obj
                0x0800e1d0                dcd_int_enable
 .text.dcd_int_disable
                0x0800e20e       0x32 CMakeFiles/Code.dir/Middlewares/tinyusb/src/portable/st/stm32_fsdev/dcd_stm32_fsdev.c.obj
                0x0800e20e                dcd_int_disable
 .text.dcd_connect
                0x0800e240       0x2c CMakeFiles/Code.dir/Middlewares/tinyusb/src/portable/st/stm32_fsdev/dcd_stm32_fsdev.c.obj
                0x0800e240                dcd_connect
 .text.fsdev_core_reset
                0x0800e26c       0x58 CMakeFiles/Code.dir/Middlewares/tinyusb/src/portable/st/stm32_fsdev/fsdev_common.c.obj
                0x0800e26c                fsdev_core_reset
 .text.pma_align_buffer_size
                0x0800e2c4       0x7c CMakeFiles/Code.dir/Middlewares/tinyusb/src/portable/st/stm32_fsdev/fsdev_common.c.obj
                0x0800e2c4                pma_align_buffer_size
 .text.btable_set_rx_bufsize
                0x0800e340       0x80 CMakeFiles/Code.dir/Middlewares/tinyusb/src/portable/st/stm32_fsdev/fsdev_common.c.obj
                0x0800e340                btable_set_rx_bufsize
 .text.snprintf
                0x0800e3c0       0x6c C:/Users/tomki/AppData/Local/stm32cube/bundles/gnu-tools-for-stm32/14.3.1+st.2/bin/../lib/gcc/arm-none-eabi/14.3.1/../../../../arm-none-eabi/lib/thumb/v8-m.main+fp/hard\libg_nano.a(libc_a-snprintf.o)
                0x0800e3c0                sniprintf
                0x0800e3c0                snprintf
 .text._vsnprintf_r
                0x0800e42c       0x5c C:/Users/tomki/AppData/Local/stm32cube/bundles/gnu-tools-for-stm32/14.3.1+st.2/bin/../lib/gcc/arm-none-eabi/14.3.1/../../../../arm-none-eabi/lib/thumb/v8-m.main+fp/hard\libg_nano.a(libc_a-vsnprintf.o)
                0x0800e42c                _vsniprintf_r
                0x0800e42c                _vsnprintf_r
 .text.vsnprintf
                0x0800e488       0x1c C:/Users/tomki/AppData/Local/stm32cube/bundles/gnu-tools-for-stm32/14.3.1+st.2/bin/../lib/gcc/arm-none-eabi/14.3.1/../../../../arm-none-eabi/lib/thumb/v8-m.main+fp/hard\libg_nano.a(libc_a-vsnprintf.o)
                0x0800e488                vsniprintf
                0x0800e488                vsnprintf
 .text.memset   0x0800e4a4       0x10 C:/Users/tomki/AppData/Local/stm32cube/bundles/gnu-tools-for-stm32/14.3.1+st.2/bin/../lib/gcc/arm-none-eabi/14.3.1/../../../../arm-none-eabi/lib/thumb/v8-m.main+fp/hard\libg_nano.a(libc_a-memset.o)
                0x0800e4a4                memset
 .text.__errno  0x0800e4b4        0xc C:/Users/tomki/AppData/Local/stm32cube/bundles/gnu-tools-for-stm32/14.3.1+st.2/bin/../lib/gcc/arm-none-eabi/14.3.1/../../../../arm-none-eabi/lib/thumb/v8-m.main+fp/hard\libg_nano.a(libc_a-errno.o)
                0x0800e4b4                __errno
 .text.__libc_init_array
                0x0800e4c0       0x48 C:/Users/tomki/AppData/Local/stm32cube/bundles/gnu-tools-for-stm32/14.3.1+st.2/bin/../lib/gcc/arm-none-eabi/14.3.1/../../../../arm-none-eabi/lib/thumb/v8-m.main+fp/hard\libg_nano.a(libc_a-init.o)
                0x0800e4c0                __libc_init_array
 .text.__retarget_lock_acquire_recursive
                0x0800e508        0x2 C:/Users/tomki/AppData/Local/stm32cube/bundles/gnu-tools-for-stm32/14.3.1+st.2/bin/../lib/gcc/arm-none-eabi/14.3.1/../../../../arm-none-eabi/lib/thumb/v8-m.main+fp/hard\libg_nano.a(libc_a-lock.o)
                0x0800e508                __retarget_lock_acquire_recursive
 .text.__retarget_lock_release_recursive
                0x0800e50a        0x2 C:/Users/tomki/AppData/Local/stm32cube/bundles/gnu-tools-for-stm32/14.3.1+st.2/bin/../lib/gcc/arm-none-eabi/14.3.1/../../../../arm-none-eabi/lib/thumb/v8-m.main+fp/hard\libg_nano.a(libc_a-lock.o)
                0x0800e50a                __retarget_lock_release_recursive
 .text.memcpy   0x0800e50c       0x1a C:/Users/tomki/AppData/Local/stm32cube/bundles/gnu-tools-for-stm32/14.3.1+st.2/bin/../lib/gcc/arm-none-eabi/14.3.1/../../../../arm-none-eabi/lib/thumb/v8-m.main+fp/hard\libg_nano.a(libc_a-memcpy-stub.o)
                0x0800e50c                memcpy
 *fill*         0x0800e526        0x2 
 .text._free_r  0x0800e528       0x94 C:/Users/tomki/AppData/Local/stm32cube/bundles/gnu-tools-for-stm32/14.3.1+st.2/bin/../lib/gcc/arm-none-eabi/14.3.1/../../../../arm-none-eabi/lib/thumb/v8-m.main+fp/hard\libg_nano.a(libc_a-freer.o)
                0x0800e528                _free_r
 .text.sbrk_aligned
                0x0800e5bc       0x44 C:/Users/tomki/AppData/Local/stm32cube/bundles/gnu-tools-for-stm32/14.3.1+st.2/bin/../lib/gcc/arm-none-eabi/14.3.1/../../../../arm-none-eabi/lib/thumb/v8-m.main+fp/hard\libg_nano.a(libc_a-mallocr.o)
 .text._malloc_r
                0x0800e600      0x100 C:/Users/tomki/AppData/Local/stm32cube/bundles/gnu-tools-for-stm32/14.3.1+st.2/bin/../lib/gcc/arm-none-eabi/14.3.1/../../../../arm-none-eabi/lib/thumb/v8-m.main+fp/hard\libg_nano.a(libc_a-mallocr.o)
                0x0800e600                _malloc_r
 .text.__malloc_lock
                0x0800e700        0xc C:/Users/tomki/AppData/Local/stm32cube/bundles/gnu-tools-for-stm32/14.3.1+st.2/bin/../lib/gcc/arm-none-eabi/14.3.1/../../../../arm-none-eabi/lib/thumb/v8-m.main+fp/hard\libg_nano.a(libc_a-mlock.o)
                0x0800e700                __malloc_lock
 .text.__malloc_unlock
                0x0800e70c        0xc C:/Users/tomki/AppData/Local/stm32cube/bundles/gnu-tools-for-stm32/14.3.1+st.2/bin/../lib/gcc/arm-none-eabi/14.3.1/../../../../arm-none-eabi/lib/thumb/v8-m.main+fp/hard\libg_nano.a(libc_a-mlock.o)
                0x0800e70c                __malloc_unlock
 .text.__ssputs_r
                0x0800e718       0xc0 C:/Users/tomki/AppData/Local/stm32cube/bundles/gnu-tools-for-stm32/14.3.1+st.2/bin/../lib/gcc/arm-none-eabi/14.3.1/../../../../arm-none-eabi/lib/thumb/v8-m.main+fp/hard\libg_nano.a(libc_a-nano-svfprintf.o)
                0x0800e718                __ssputs_r
 .text._svfprintf_r
                0x0800e7d8      0x1f0 C:/Users/tomki/AppData/Local/stm32cube/bundles/gnu-tools-for-stm32/14.3.1+st.2/bin/../lib/gcc/arm-none-eabi/14.3.1/../../../../arm-none-eabi/lib/thumb/v8-m.main+fp/hard\libg_nano.a(libc_a-nano-svfprintf.o)
                0x0800e7d8                _svfiprintf_r
                0x0800e7d8                _svfprintf_r
 .text._printf_common
                0x0800e9c8       0xe4 C:/Users/tomki/AppData/Local/stm32cube/bundles/gnu-tools-for-stm32/14.3.1+st.2/bin/../lib/gcc/arm-none-eabi/14.3.1/../../../../arm-none-eabi/lib/thumb/v8-m.main+fp/hard\libg_nano.a(libc_a-nano-vfprintf_i.o)
                0x0800e9c8                _printf_common
 .text._printf_i
                0x0800eaac      0x24c C:/Users/tomki/AppData/Local/stm32cube/bundles/gnu-tools-for-stm32/14.3.1+st.2/bin/../lib/gcc/arm-none-eabi/14.3.1/../../../../arm-none-eabi/lib/thumb/v8-m.main+fp/hard\libg_nano.a(libc_a-nano-vfprintf_i.o)
                0x0800eaac                _printf_i
 .text.memmove  0x0800ecf8       0x32 C:/Users/tomki/AppData/Local/stm32cube/bundles/gnu-tools-for-stm32/14.3.1+st.2/bin/../lib/gcc/arm-none-eabi/14.3.1/../../../../arm-none-eabi/lib/thumb/v8-m.main+fp/hard\libg_nano.a(libc_a-memmove.o)
                0x0800ecf8                memmove
 *fill*         0x0800ed2a        0x2 
 .text._sbrk_r  0x0800ed2c       0x20 C:/Users/tomki/AppData/Local/stm32cube/bundles/gnu-tools-for-stm32/14.3.1+st.2/bin/../lib/gcc/arm-none-eabi/14.3.1/../../../../arm-none-eabi/lib/thumb/v8-m.main+fp/hard\libg_nano.a(libc_a-sbrkr.o)
                0x0800ed2c                _sbrk_r
 .text.memchr   0x0800ed4c       0x1c C:/Users/tomki/AppData/Local/stm32cube/bundles/gnu-tools-for-stm32/14.3.1+st.2/bin/../lib/gcc/arm-none-eabi/14.3.1/../../../../arm-none-eabi/lib/thumb/v8-m.main+fp/hard\libg_nano.a(libc_a-memchr-stub.o)
                0x0800ed4c                memchr
 .text._realloc_r
                0x0800ed68       0x5c C:/Users/tomki/AppData/Local/stm32cube/bundles/gnu-tools-for-stm32/14.3.1+st.2/bin/../lib/gcc/arm-none-eabi/14.3.1/../../../../arm-none-eabi/lib/thumb/v8-m.main+fp/hard\libg_nano.a(libc_a-reallocr.o)
                0x0800ed68                _realloc_r
 .text._malloc_usable_size_r
                0x0800edc4       0x10 C:/Users/tomki/AppData/Local/stm32cube/bundles/gnu-tools-for-stm32/14.3.1+st.2/bin/../lib/gcc/arm-none-eabi/14.3.1/../../../../arm-none-eabi/lib/thumb/v8-m.main+fp/hard\libg_nano.a(libc_a-msizer.o)
                0x0800edc4                _malloc_usable_size_r
 *(.glue_7)
 .glue_7        0x0800edd4        0x0 linker stubs
 *(.glue_7t)
 .glue_7t       0x0800edd4        0x0 linker stubs
 *(.eh_frame)
 .eh_frame      0x0800edd4        0x0 C:/Users/tomki/AppData/Local/stm32cube/bundles/gnu-tools-for-stm32/14.3.1+st.2/bin/../lib/gcc/arm-none-eabi/14.3.1/thumb/v8-m.main+fp/hard/crtbegin.o
 *(.init)
 .init          0x0800edd4        0x4 C:/Users/tomki/AppData/Local/stm32cube/bundles/gnu-tools-for-stm32/14.3.1+st.2/bin/../lib/gcc/arm-none-eabi/14.3.1/thumb/v8-m.main+fp/hard/crti.o
                0x0800edd4                _init
 .init          0x0800edd8        0x8 C:/Users/tomki/AppData/Local/stm32cube/bundles/gnu-tools-for-stm32/14.3.1+st.2/bin/../lib/gcc/arm-none-eabi/14.3.1/thumb/v8-m.main+fp/hard/crtn.o
 *(.fini)
 .fini          0x0800ede0        0x4 C:/Users/tomki/AppData/Local/stm32cube/bundles/gnu-tools-for-stm32/14.3.1+st.2/bin/../lib/gcc/arm-none-eabi/14.3.1/thumb/v8-m.main+fp/hard/crti.o
                0x0800ede0                _fini
 .fini          0x0800ede4        0x8 C:/Users/tomki/AppData/Local/stm32cube/bundles/gnu-tools-for-stm32/14.3.1+st.2/bin/../lib/gcc/arm-none-eabi/14.3.1/thumb/v8-m.main+fp/hard/crtn.o
                0x0800edec                        . = ALIGN (0x4)
                0x0800edec                        _etext = .

.vfp11_veneer   0x0800edec        0x0
 .vfp11_veneer  0x0800edec        0x0 linker stubs

.v4_bx          0x0800edec        0x0
 .v4_bx         0x0800edec        0x0 linker stubs

.iplt           0x0800edec        0x0
 .iplt          0x0800edec        0x0 C:/Users/tomki/AppData/Local/stm32cube/bundles/gnu-tools-for-stm32/14.3.1+st.2/bin/../lib/gcc/arm-none-eabi/14.3.1/thumb/v8-m.main+fp/hard/crtbegin.o

.rodata         0x0800edec      0x164
                0x0800edec                        . = ALIGN (0x4)
 *(.rodata)
 .rodata        0x0800edec       0x21 CMakeFiles/Code.dir/Core/Src/main.c.obj
 *fill*         0x0800ee0d        0x3 
 .rodata        0x0800ee10       0x48 CMakeFiles/Code.dir/Core/Src/usb_cdc.c.obj
 *(.rodata*)
 .rodata.AHBPrescTable
                0x0800ee58       0x10 cmake/stm32cubemx/CMakeFiles/STM32_Drivers.dir/__/__/Core/Src/system_stm32h5xx.c.obj
                0x0800ee58                AHBPrescTable
 .rodata.APBPrescTable
                0x0800ee68        0x8 cmake/stm32cubemx/CMakeFiles/STM32_Drivers.dir/__/__/Core/Src/system_stm32h5xx.c.obj
                0x0800ee68                APBPrescTable
 .rodata.UARTPrescTable
                0x0800ee70       0x18 cmake/stm32cubemx/CMakeFiles/STM32_Drivers.dir/__/__/Drivers/STM32H5xx_HAL_Driver/Src/stm32h5xx_hal_uart.c.obj
                0x0800ee70                UARTPrescTable
 .rodata.numerator.1
                0x0800ee88        0x8 cmake/stm32cubemx/CMakeFiles/STM32_Drivers.dir/__/__/Drivers/STM32H5xx_HAL_Driver/Src/stm32h5xx_hal_uart_ex.c.obj
 .rodata.denominator.0
                0x0800ee90        0x8 cmake/stm32cubemx/CMakeFiles/STM32_Drivers.dir/__/__/Drivers/STM32H5xx_HAL_Driver/Src/stm32h5xx_hal_uart_ex.c.obj
 .rodata.s_device_descriptor
                0x0800ee98       0x12 CMakeFiles/Code.dir/Core/Src/usb_cdc.c.obj
 *fill*         0x0800eeaa        0x2 
 .rodata.s_config_descriptor
                0x0800eeac       0x4b CMakeFiles/Code.dir/Core/Src/usb_cdc.c.obj
 *fill*         0x0800eef7        0x1 
 .rodata._usbd_driver
                0x0800eef8       0x24 CMakeFiles/Code.dir/Middlewares/tinyusb/src/device/usbd.c.obj
 .rodata._svfprintf_r.str1.1
                0x0800ef1c       0x33 C:/Users/tomki/AppData/Local/stm32cube/bundles/gnu-tools-for-stm32/14.3.1+st.2/bin/../lib/gcc/arm-none-eabi/14.3.1/../../../../arm-none-eabi/lib/thumb/v8-m.main+fp/hard\libg_nano.a(libc_a-nano-svfprintf.o)
                                 0x11 (size before relaxing)
 .rodata._printf_i.str1.1
                0x0800ef4f       0x22 C:/Users/tomki/AppData/Local/stm32cube/bundles/gnu-tools-for-stm32/14.3.1+st.2/bin/../lib/gcc/arm-none-eabi/14.3.1/../../../../arm-none-eabi/lib/thumb/v8-m.main+fp/hard\libg_nano.a(libc_a-nano-vfprintf_i.o)
                0x0800ef74                        . = ALIGN (0x4)
 *fill*         0x0800ef4f        0x1 

.ARM.extab      0x0800ef50        0x0
                0x0800ef50                        . = ALIGN (0x4)
 *(.ARM.extab* .gnu.linkonce.armextab.*)
                0x0800ef50                        . = ALIGN (0x4)

.ARM            0x0800ef50        0x8
                0x0800ef50                        . = ALIGN (0x4)
                0x0800ef50                        __exidx_start = .
 *(.ARM.exidx*)
 .ARM.exidx     0x0800ef50        0x8 C:/Users/tomki/AppData/Local/stm32cube/bundles/gnu-tools-for-stm32/14.3.1+st.2/bin/../lib/gcc/arm-none-eabi/14.3.1/thumb/v8-m.main+fp/hard\libgcc.a(_udivmoddi4.o)
 .ARM.exidx     0x0800ef58        0x0 C:/Users/tomki/AppData/Local/stm32cube/bundles/gnu-tools-for-stm32/14.3.1+st.2/bin/../lib/gcc/arm-none-eabi/14.3.1/../../../../arm-none-eabi/lib/thumb/v8-m.main+fp/hard\libg_nano.a(libc_a-strlen.o)
                                  0x8 (size before relaxing)
                0x0800ef58                        __exidx_end = .
                0x0800ef58                        . = ALIGN (0x4)

.preinit_array  0x0800ef58        0x0
                0x0800ef58                        . = ALIGN (0x4)
                0x0800ef58                        PROVIDE (__preinit_array_start = .)
 *(.preinit_array*)
                0x0800ef58                        PROVIDE (__preinit_array_end = .)
                0x0800ef58                        . = ALIGN (0x4)

.init_array     0x0800ef58        0x4
                0x0800ef58                        . = ALIGN (0x4)
                0x0800ef58                        PROVIDE (__init_array_start = .)
 *(SORT_BY_NAME(.init_array.*))
 *(.init_array*)
 .init_array    0x0800ef58        0x4 C:/Users/tomki/AppData/Local/stm32cube/bundles/gnu-tools-for-stm32/14.3.1+st.2/bin/../lib/gcc/arm-none-eabi/14.3.1/thumb/v8-m.main+fp/hard/crtbegin.o
                0x0800ef5c                        PROVIDE (__init_array_end = .)
                0x0800ef5c                        . = ALIGN (0x4)

.fini_array     0x0800ef5c        0x4
                0x0800ef5c                        . = ALIGN (0x4)
                [!provide]                        PROVIDE (__fini_array_start = .)
 *(SORT_BY_NAME(.fini_array.*))
 *(.fini_array*)
 .fini_array    0x0800ef5c        0x4 C:/Users/tomki/AppData/Local/stm32cube/bundles/gnu-tools-for-stm32/14.3.1+st.2/bin/../lib/gcc/arm-none-eabi/14.3.1/thumb/v8-m.main+fp/hard/crtbegin.o
                [!provide]                        PROVIDE (__fini_array_end = .)
                0x0800ef60                        . = ALIGN (0x4)
                0x0800ef60                        _sidata = LOADADDR (.data)

.rel.dyn        0x0800ef60        0x0
 .rel.iplt      0x0800ef60        0x0 C:/Users/tomki/AppData/Local/stm32cube/bundles/gnu-tools-for-stm32/14.3.1+st.2/bin/../lib/gcc/arm-none-eabi/14.3.1/thumb/v8-m.main+fp/hard/crtbegin.o

.data           0x20000000       0x90 load address 0x0800ef60
                0x20000000                        . = ALIGN (0x4)
                0x20000000                        _sdata = .
 *(.data)
 *(.data*)
 .data.SystemCoreClock
                0x20000000        0x4 cmake/stm32cubemx/CMakeFiles/STM32_Drivers.dir/__/__/Core/Src/system_stm32h5xx.c.obj
                0x20000000                SystemCoreClock
 .data.uwTickPrio
                0x20000004        0x4 cmake/stm32cubemx/CMakeFiles/STM32_Drivers.dir/__/__/Drivers/STM32H5xx_HAL_Driver/Src/stm32h5xx_hal.c.obj
                0x20000004                uwTickPrio
 .data.uwTickFreq
                0x20000008        0x1 cmake/stm32cubemx/CMakeFiles/STM32_Drivers.dir/__/__/Drivers/STM32H5xx_HAL_Driver/Src/stm32h5xx_hal.c.obj
                0x20000008                uwTickFreq
 *fill*         0x20000009        0x3 
 .data.s_string_descriptors
                0x2000000c       0x14 CMakeFiles/Code.dir/Core/Src/usb_cdc.c.obj
 .data._usbd_rhport
                0x20000020        0x1 CMakeFiles/Code.dir/Middlewares/tinyusb/src/device/usbd.c.obj
 *fill*         0x20000021        0x3 
 .data._usbd_spin
                0x20000024        0x8 CMakeFiles/Code.dir/Middlewares/tinyusb/src/device/usbd.c.obj
 .data._usbd_qdef
                0x2000002c       0x14 CMakeFiles/Code.dir/Middlewares/tinyusb/src/device/usbd.c.obj
                0x2000002c                _usbd_qdef
 .data._impure_ptr
                0x20000040        0x4 C:/Users/tomki/AppData/Local/stm32cube/bundles/gnu-tools-for-stm32/14.3.1+st.2/bin/../lib/gcc/arm-none-eabi/14.3.1/../../../../arm-none-eabi/lib/thumb/v8-m.main+fp/hard\libg_nano.a(libc_a-impure.o)
                0x20000040                _impure_ptr
 .data._impure_data
                0x20000044       0x4c C:/Users/tomki/AppData/Local/stm32cube/bundles/gnu-tools-for-stm32/14.3.1+st.2/bin/../lib/gcc/arm-none-eabi/14.3.1/../../../../arm-none-eabi/lib/thumb/v8-m.main+fp/hard\libg_nano.a(libc_a-impure.o)
                0x20000044                _impure_data
 *(.RamFunc)
 *(.RamFunc*)
                0x20000090                        . = ALIGN (0x4)

.igot.plt       0x20000090        0x0 load address 0x0800eff0
 .igot.plt      0x20000090        0x0 C:/Users/tomki/AppData/Local/stm32cube/bundles/gnu-tools-for-stm32/14.3.1+st.2/bin/../lib/gcc/arm-none-eabi/14.3.1/thumb/v8-m.main+fp/hard/crtbegin.o

.tdata          0x20000090        0x0 load address 0x0800eff0
 *(.tdata .tdata.* .gnu.linkonce.td.*)
                0x20000090                        . = ALIGN (0x4)
                0x20000090                        _edata = .
                [!provide]                        PROVIDE (__data_end = .)
                [!provide]                        PROVIDE (__tdata_end = .)
                [!provide]                        PROVIDE (__tdata_start = ADDR (.tdata))
                [!provide]                        PROVIDE (__tdata_size = (__tdata_end - __tdata_start))
                [!provide]                        PROVIDE (__data_start = ADDR (.data))
                [!provide]                        PROVIDE (__data_size = (__data_end - __data_start))
                [!provide]                        PROVIDE (__tdata_source = LOADADDR (.tdata))
                [!provide]                        PROVIDE (__tdata_source_end = (LOADADDR (.tdata) + SIZEOF (.tdata)))
                [!provide]                        PROVIDE (__tdata_source_size = (__tdata_source_end - __tdata_source))
                [!provide]                        PROVIDE (__data_source = LOADADDR (.data))
                [!provide]                        PROVIDE (__data_source_end = __tdata_source_end)
                [!provide]                        PROVIDE (__data_source_size = (__data_source_end - __data_source))

.tbss           0x20000090        0x0 load address 0x0800eff0
                0x20000090                        _sbss = .
                0x20000090                        __bss_start__ = _sbss
 *(.tbss .tbss.*)
                0x20000090                        . = ALIGN (0x4)
                [!provide]                        PROVIDE (__tbss_end = .)
                [!provide]                        PROVIDE (__tbss_start = ADDR (.tbss))
                [!provide]                        PROVIDE (__tbss_size = (__tbss_end - __tbss_start))
                [!provide]                        PROVIDE (__tbss_offset = (ADDR (.tbss) - ADDR (.tdata)))
                [!provide]                        PROVIDE (__tls_base = __tdata_start)
                [!provide]                        PROVIDE (__tls_end = __tbss_end)
                [!provide]                        PROVIDE (__tls_size = (__tls_end - __tls_base))
                [!provide]                        PROVIDE (__tls_align = MAX (ALIGNOF (.tdata), ALIGNOF (.tbss)))
                [!provide]                        PROVIDE (__tls_size_align = (((__tls_size + __tls_align) - 0x1) & ~ ((__tls_align - 0x1))))
                [!provide]                        PROVIDE (__arm32_tls_tcb_offset = MAX (0x8, __tls_align))
                [!provide]                        PROVIDE (__arm64_tls_tcb_offset = MAX (0x10, __tls_align))

.bss            0x20000090      0x9ec load address 0x0800eff0
 *(.bss)
 .bss           0x20000090       0x1c C:/Users/tomki/AppData/Local/stm32cube/bundles/gnu-tools-for-stm32/14.3.1+st.2/bin/../lib/gcc/arm-none-eabi/14.3.1/thumb/v8-m.main+fp/hard/crtbegin.o
 *(.bss*)
 .bss.uwTick    0x200000ac        0x4 cmake/stm32cubemx/CMakeFiles/STM32_Drivers.dir/__/__/Drivers/STM32H5xx_HAL_Driver/Src/stm32h5xx_hal.c.obj
                0x200000ac                uwTick
 .bss.huart4    0x200000b0       0x94 CMakeFiles/Code.dir/Core/Src/main.c.obj
                0x200000b0                huart4
 .bss.hpcd_USB_DRD_FS
                0x20000144      0x2e4 CMakeFiles/Code.dir/Core/Src/main.c.obj
                0x20000144                hpcd_USB_DRD_FS
 .bss.s_stage1_counter
                0x20000428        0x4 CMakeFiles/Code.dir/Core/Src/main.c.obj
 .bss.__sbrk_heap_end
                0x2000042c        0x4 CMakeFiles/Code.dir/Core/Src/sysmem.c.obj
 .bss.s_tasks   0x20000430       0x60 CMakeFiles/Code.dir/Core/Src/scheduler.c.obj
 .bss.s_task_count
                0x20000490        0x1 CMakeFiles/Code.dir/Core/Src/scheduler.c.obj
 *fill*         0x20000491        0x3 
 .bss.s_desc_str
                0x20000494       0x42 CMakeFiles/Code.dir/Core/Src/usb_cdc.c.obj
 *fill*         0x200004d6        0x2 
 .bss.serial.0  0x200004d8       0x19 CMakeFiles/Code.dir/Core/Src/usb_cdc.c.obj
 *fill*         0x200004f1        0x3 
 .bss._tusb_rhport_role
                0x200004f4        0x2 CMakeFiles/Code.dir/Middlewares/tinyusb/src/tusb.c.obj
                0x200004f4                _tusb_rhport_role
 *fill*         0x200004f6        0x2 
 .bss._usbd_dev
                0x200004f8       0x4c CMakeFiles/Code.dir/Middlewares/tinyusb/src/device/usbd.c.obj
 .bss._usbd_queued_setup
                0x20000544        0x1 CMakeFiles/Code.dir/Middlewares/tinyusb/src/device/usbd.c.obj
 *fill*         0x20000545        0x3 
 .bss._ctrl_epbuf
                0x20000548       0x40 CMakeFiles/Code.dir/Middlewares/tinyusb/src/device/usbd.c.obj
 .bss._app_driver
                0x20000588        0x4 CMakeFiles/Code.dir/Middlewares/tinyusb/src/device/usbd.c.obj
 .bss._app_driver_count
                0x2000058c        0x1 CMakeFiles/Code.dir/Middlewares/tinyusb/src/device/usbd.c.obj
 *fill*         0x2000058d        0x3 
 .bss._usbd_qdef_buf
                0x20000590       0xc0 CMakeFiles/Code.dir/Middlewares/tinyusb/src/device/usbd.c.obj
                0x20000590                _usbd_qdef_buf
 .bss._usbd_q   0x20000650        0x4 CMakeFiles/Code.dir/Middlewares/tinyusb/src/device/usbd.c.obj
 .bss._cdcd_itf
                0x20000654      0x1bc CMakeFiles/Code.dir/Middlewares/tinyusb/src/class/cdc/cdc_device.c.obj
 .bss.xfer_status
                0x20000810      0x100 CMakeFiles/Code.dir/Middlewares/tinyusb/src/portable/st/stm32_fsdev/dcd_stm32_fsdev.c.obj
 .bss.ep_alloc_status
                0x20000910       0x20 CMakeFiles/Code.dir/Middlewares/tinyusb/src/portable/st/stm32_fsdev/dcd_stm32_fsdev.c.obj
 .bss.remoteWakeCountdown
                0x20000930        0x1 CMakeFiles/Code.dir/Middlewares/tinyusb/src/portable/st/stm32_fsdev/dcd_stm32_fsdev.c.obj
 *fill*         0x20000931        0x1 
 .bss.ep_buf_ptr
                0x20000932        0x2 CMakeFiles/Code.dir/Middlewares/tinyusb/src/portable/st/stm32_fsdev/dcd_stm32_fsdev.c.obj
 .bss.__sf      0x20000934      0x138 C:/Users/tomki/AppData/Local/stm32cube/bundles/gnu-tools-for-stm32/14.3.1+st.2/bin/../lib/gcc/arm-none-eabi/14.3.1/../../../../arm-none-eabi/lib/thumb/v8-m.main+fp/hard\libg_nano.a(libc_a-findfp.o)
                0x20000934                __sf
 .bss.errno     0x20000a6c        0x4 C:/Users/tomki/AppData/Local/stm32cube/bundles/gnu-tools-for-stm32/14.3.1+st.2/bin/../lib/gcc/arm-none-eabi/14.3.1/../../../../arm-none-eabi/lib/thumb/v8-m.main+fp/hard\libg_nano.a(libc_a-reent.o)
                0x20000a6c                errno
 .bss.__lock___malloc_recursive_mutex
                0x20000a70        0x1 C:/Users/tomki/AppData/Local/stm32cube/bundles/gnu-tools-for-stm32/14.3.1+st.2/bin/../lib/gcc/arm-none-eabi/14.3.1/../../../../arm-none-eabi/lib/thumb/v8-m.main+fp/hard\libg_nano.a(libc_a-lock.o)
                0x20000a70                __lock___malloc_recursive_mutex
 *fill*         0x20000a71        0x3 
 .bss.__malloc_sbrk_start
                0x20000a74        0x4 C:/Users/tomki/AppData/Local/stm32cube/bundles/gnu-tools-for-stm32/14.3.1+st.2/bin/../lib/gcc/arm-none-eabi/14.3.1/../../../../arm-none-eabi/lib/thumb/v8-m.main+fp/hard\libg_nano.a(libc_a-mallocr.o)
                0x20000a74                __malloc_sbrk_start
 .bss.__malloc_free_list
                0x20000a78        0x4 C:/Users/tomki/AppData/Local/stm32cube/bundles/gnu-tools-for-stm32/14.3.1+st.2/bin/../lib/gcc/arm-none-eabi/14.3.1/../../../../arm-none-eabi/lib/thumb/v8-m.main+fp/hard\libg_nano.a(libc_a-mallocr.o)
                0x20000a78                __malloc_free_list
 *(COMMON)
                0x20000a7c                        . = ALIGN (0x4)
                0x20000a7c                        _ebss = .
                0x20000a7c                        __bss_end__ = _ebss
                [!provide]                        PROVIDE (__bss_end = .)
                [!provide]                        PROVIDE (__non_tls_bss_start = ADDR (.bss))
                [!provide]                        PROVIDE (__bss_start = __tbss_start)
                [!provide]                        PROVIDE (__bss_size = (__bss_end - __bss_start))

._user_heap_stack
                0x20000a7c      0x604 load address 0x0800eff0
                0x20000a80                        . = ALIGN (0x8)
 *fill*         0x20000a7c        0x4 
                [!provide]                        PROVIDE (end = .)
                0x20000a80                        PROVIDE (_end = .)
                0x20000c80                        . = (. + _Min_Heap_Size)
 *fill*         0x20000a80      0x200 
                0x20001080                        . = (. + _Min_Stack_Size)
 *fill*         0x20000c80      0x400 
                0x20001080                        . = ALIGN (0x8)

/DISCARD/
 libc.a:*(*)
 libm.a:*(*)
 libgcc.a:*(*)

.ARM.attributes
                0x00000000       0x36
 *(.ARM.attributes)
 .ARM.attributes
                0x00000000       0x26 C:/Users/tomki/AppData/Local/stm32cube/bundles/gnu-tools-for-stm32/14.3.1+st.2/bin/../lib/gcc/arm-none-eabi/14.3.1/thumb/v8-m.main+fp/hard/crti.o
 .ARM.attributes
                0x00000026       0x38 C:/Users/tomki/AppData/Local/stm32cube/bundles/gnu-tools-for-stm32/14.3.1+st.2/bin/../lib/gcc/arm-none-eabi/14.3.1/thumb/v8-m.main+fp/hard/crtbegin.o
 .ARM.attributes
                0x0000005e       0x3a cmake/stm32cubemx/CMakeFiles/STM32_Drivers.dir/__/__/Core/Src/system_stm32h5xx.c.obj
 .ARM.attributes
                0x00000098       0x3a cmake/stm32cubemx/CMakeFiles/STM32_Drivers.dir/__/__/Drivers/STM32H5xx_HAL_Driver/Src/stm32h5xx_hal_cortex.c.obj
 .ARM.attributes
                0x000000d2       0x3a cmake/stm32cubemx/CMakeFiles/STM32_Drivers.dir/__/__/Drivers/STM32H5xx_HAL_Driver/Src/stm32h5xx_hal_icache.c.obj
 .ARM.attributes
                0x0000010c       0x3a cmake/stm32cubemx/CMakeFiles/STM32_Drivers.dir/__/__/Drivers/STM32H5xx_HAL_Driver/Src/stm32h5xx_hal_rcc.c.obj
 .ARM.attributes
                0x00000146       0x3a cmake/stm32cubemx/CMakeFiles/STM32_Drivers.dir/__/__/Drivers/STM32H5xx_HAL_Driver/Src/stm32h5xx_hal_rcc_ex.c.obj
 .ARM.attributes
                0x00000180       0x3a cmake/stm32cubemx/CMakeFiles/STM32_Drivers.dir/__/__/Drivers/STM32H5xx_HAL_Driver/Src/stm32h5xx_hal_gpio.c.obj
 .ARM.attributes
                0x000001ba       0x3a cmake/stm32cubemx/CMakeFiles/STM32_Drivers.dir/__/__/Drivers/STM32H5xx_HAL_Driver/Src/stm32h5xx_hal_pwr_ex.c.obj
 .ARM.attributes
                0x000001f4       0x3a cmake/stm32cubemx/CMakeFiles/STM32_Drivers.dir/__/__/Drivers/STM32H5xx_HAL_Driver/Src/stm32h5xx_hal.c.obj
 .ARM.attributes
                0x0000022e       0x3a cmake/stm32cubemx/CMakeFiles/STM32_Drivers.dir/__/__/Drivers/STM32H5xx_HAL_Driver/Src/stm32h5xx_hal_uart.c.obj
 .ARM.attributes
                0x00000268       0x3a cmake/stm32cubemx/CMakeFiles/STM32_Drivers.dir/__/__/Drivers/STM32H5xx_HAL_Driver/Src/stm32h5xx_hal_uart_ex.c.obj
 .ARM.attributes
                0x000002a2       0x3a CMakeFiles/Code.dir/Core/Src/main.c.obj
 .ARM.attributes
                0x000002dc       0x3a CMakeFiles/Code.dir/Core/Src/stm32h5xx_it.c.obj
 .ARM.attributes
                0x00000316       0x3a CMakeFiles/Code.dir/Core/Src/stm32h5xx_hal_msp.c.obj
 .ARM.attributes
                0x00000350       0x3a CMakeFiles/Code.dir/Core/Src/sysmem.c.obj
 .ARM.attributes
                0x0000038a       0x24 CMakeFiles/Code.dir/startup_stm32h562xx.s.obj
 .ARM.attributes
                0x000003ae       0x3a CMakeFiles/Code.dir/Core/Src/scheduler.c.obj
 .ARM.attributes
                0x000003e8       0x3a CMakeFiles/Code.dir/Core/Src/log.c.obj
 .ARM.attributes
                0x00000422       0x3a CMakeFiles/Code.dir/Core/Src/usb_cdc.c.obj
 .ARM.attributes
                0x0000045c       0x3a CMakeFiles/Code.dir/Middlewares/tinyusb/src/tusb.c.obj
 .ARM.attributes
                0x00000496       0x3a CMakeFiles/Code.dir/Middlewares/tinyusb/src/common/tusb_fifo.c.obj
 .ARM.attributes
                0x000004d0       0x3a CMakeFiles/Code.dir/Middlewares/tinyusb/src/device/usbd.c.obj
 .ARM.attributes
                0x0000050a       0x3a CMakeFiles/Code.dir/Middlewares/tinyusb/src/class/cdc/cdc_device.c.obj
 .ARM.attributes
                0x00000544       0x3a CMakeFiles/Code.dir/Middlewares/tinyusb/src/portable/st/stm32_fsdev/dcd_stm32_fsdev.c.obj
 .ARM.attributes
                0x0000057e       0x3a CMakeFiles/Code.dir/Middlewares/tinyusb/src/portable/st/stm32_fsdev/fsdev_common.c.obj
 .ARM.attributes
                0x000005b8       0x26 C:/Users/tomki/AppData/Local/stm32cube/bundles/gnu-tools-for-stm32/14.3.1+st.2/bin/../lib/gcc/arm-none-eabi/14.3.1/thumb/v8-m.main+fp/hard\libgcc.a(_aeabi_uldivmod.o)
 .ARM.attributes
                0x000005de       0x38 C:/Users/tomki/AppData/Local/stm32cube/bundles/gnu-tools-for-stm32/14.3.1+st.2/bin/../lib/gcc/arm-none-eabi/14.3.1/thumb/v8-m.main+fp/hard\libgcc.a(_udivmoddi4.o)
 .ARM.attributes
                0x00000616       0x26 C:/Users/tomki/AppData/Local/stm32cube/bundles/gnu-tools-for-stm32/14.3.1+st.2/bin/../lib/gcc/arm-none-eabi/14.3.1/thumb/v8-m.main+fp/hard\libgcc.a(_dvmd_tls.o)
 .ARM.attributes
                0x0000063c       0x38 C:/Users/tomki/AppData/Local/stm32cube/bundles/gnu-tools-for-stm32/14.3.1+st.2/bin/../lib/gcc/arm-none-eabi/14.3.1/../../../../arm-none-eabi/lib/thumb/v8-m.main+fp/hard\libg_nano.a(libc_a-findfp.o)
 .ARM.attributes
                0x00000674       0x38 C:/Users/tomki/AppData/Local/stm32cube/bundles/gnu-tools-for-stm32/14.3.1+st.2/bin/../lib/gcc/arm-none-eabi/14.3.1/../../../../arm-none-eabi/lib/thumb/v8-m.main+fp/hard\libg_nano.a(libc_a-snprintf.o)
 .ARM.attributes
                0x000006ac       0x38 C:/Users/tomki/AppData/Local/stm32cube/bundles/gnu-tools-for-stm32/14.3.1+st.2/bin/../lib/gcc/arm-none-eabi/14.3.1/../../../../arm-none-eabi/lib/thumb/v8-m.main+fp/hard\libg_nano.a(libc_a-vsnprintf.o)
 .ARM.attributes
                0x000006e4       0x38 C:/Users/tomki/AppData/Local/stm32cube/bundles/gnu-tools-for-stm32/14.3.1+st.2/bin/../lib/gcc/arm-none-eabi/14.3.1/../../../../arm-none-eabi/lib/thumb/v8-m.main+fp/hard\libg_nano.a(libc_a-memset.o)
 .ARM.attributes
                0x0000071c       0x38 C:/Users/tomki/AppData/Local/stm32cube/bundles/gnu-tools-for-stm32/14.3.1+st.2/bin/../lib/gcc/arm-none-eabi/14.3.1/../../../../arm-none-eabi/lib/thumb/v8-m.main+fp/hard\libg_nano.a(libc_a-reent.o)
 .ARM.attributes
                0x00000754       0x38 C:/Users/tomki/AppData/Local/stm32cube/bundles/gnu-tools-for-stm32/14.3.1+st.2/bin/../lib/gcc/arm-none-eabi/14.3.1/../../../../arm-none-eabi/lib/thumb/v8-m.main+fp/hard\libg_nano.a(libc_a-impure.o)
 .ARM.attributes
                0x0000078c       0x38 C:/Users/tomki/AppData/Local/stm32cube/bundles/gnu-tools-for-stm32/14.3.1+st.2/bin/../lib/gcc/arm-none-eabi/14.3.1/../../../../arm-none-eabi/lib/thumb/v8-m.main+fp/hard\libg_nano.a(libc_a-errno.o)
 .ARM.attributes
                0x000007c4       0x38 C:/Users/tomki/AppData/Local/stm32cube/bundles/gnu-tools-for-stm32/14.3.1+st.2/bin/../lib/gcc/arm-none-eabi/14.3.1/../../../../arm-none-eabi/lib/thumb/v8-m.main+fp/hard\libg_nano.a(libc_a-init.o)
 .ARM.attributes
                0x000007fc       0x38 C:/Users/tomki/AppData/Local/stm32cube/bundles/gnu-tools-for-stm32/14.3.1+st.2/bin/../lib/gcc/arm-none-eabi/14.3.1/../../../../arm-none-eabi/lib/thumb/v8-m.main+fp/hard\libg_nano.a(libc_a-lock.o)
 .ARM.attributes
                0x00000834       0x38 C:/Users/tomki/AppData/Local/stm32cube/bundles/gnu-tools-for-stm32/14.3.1+st.2/bin/../lib/gcc/arm-none-eabi/14.3.1/../../../../arm-none-eabi/lib/thumb/v8-m.main+fp/hard\libg_nano.a(libc_a-memcpy-stub.o)
 .ARM.attributes
                0x0000086c       0x24 C:/Users/tomki/AppData/Local/stm32cube/bundles/gnu-tools-for-stm32/14.3.1+st.2/bin/../lib/gcc/arm-none-eabi/14.3.1/../../../../arm-none-eabi/lib/thumb/v8-m.main+fp/hard\libg_nano.a(libc_a-strlen.o)
 .ARM.attributes
                0x00000890       0x38 C:/Users/tomki/AppData/Local/stm32cube/bundles/gnu-tools-for-stm32/14.3.1+st.2/bin/../lib/gcc/arm-none-eabi/14.3.1/../../../../arm-none-eabi/lib/thumb/v8-m.main+fp/hard\libg_nano.a(libc_a-freer.o)
 .ARM.attributes
                0x000008c8       0x38 C:/Users/tomki/AppData/Local/stm32cube/bundles/gnu-tools-for-stm32/14.3.1+st.2/bin/../lib/gcc/arm-none-eabi/14.3.1/../../../../arm-none-eabi/lib/thumb/v8-m.main+fp/hard\libg_nano.a(libc_a-mallocr.o)
 .ARM.attributes
                0x00000900       0x38 C:/Users/tomki/AppData/Local/stm32cube/bundles/gnu-tools-for-stm32/14.3.1+st.2/bin/../lib/gcc/arm-none-eabi/14.3.1/../../../../arm-none-eabi/lib/thumb/v8-m.main+fp/hard\libg_nano.a(libc_a-mlock.o)
 .ARM.attributes
                0x00000938       0x38 C:/Users/tomki/AppData/Local/stm32cube/bundles/gnu-tools-for-stm32/14.3.1+st.2/bin/../lib/gcc/arm-none-eabi/14.3.1/../../../../arm-none-eabi/lib/thumb/v8-m.main+fp/hard\libg_nano.a(libc_a-nano-svfprintf.o)
 .ARM.attributes
                0x00000970       0x38 C:/Users/tomki/AppData/Local/stm32cube/bundles/gnu-tools-for-stm32/14.3.1+st.2/bin/../lib/gcc/arm-none-eabi/14.3.1/../../../../arm-none-eabi/lib/thumb/v8-m.main+fp/hard\libg_nano.a(libc_a-nano-vfprintf_i.o)
 .ARM.attributes
                0x000009a8       0x38 C:/Users/tomki/AppData/Local/stm32cube/bundles/gnu-tools-for-stm32/14.3.1+st.2/bin/../lib/gcc/arm-none-eabi/14.3.1/../../../../arm-none-eabi/lib/thumb/v8-m.main+fp/hard\libg_nano.a(libc_a-memmove.o)
 .ARM.attributes
                0x000009e0       0x38 C:/Users/tomki/AppData/Local/stm32cube/bundles/gnu-tools-for-stm32/14.3.1+st.2/bin/../lib/gcc/arm-none-eabi/14.3.1/../../../../arm-none-eabi/lib/thumb/v8-m.main+fp/hard\libg_nano.a(libc_a-sbrkr.o)
 .ARM.attributes
                0x00000a18       0x38 C:/Users/tomki/AppData/Local/stm32cube/bundles/gnu-tools-for-stm32/14.3.1+st.2/bin/../lib/gcc/arm-none-eabi/14.3.1/../../../../arm-none-eabi/lib/thumb/v8-m.main+fp/hard\libg_nano.a(libc_a-memchr-stub.o)
 .ARM.attributes
                0x00000a50       0x38 C:/Users/tomki/AppData/Local/stm32cube/bundles/gnu-tools-for-stm32/14.3.1+st.2/bin/../lib/gcc/arm-none-eabi/14.3.1/../../../../arm-none-eabi/lib/thumb/v8-m.main+fp/hard\libg_nano.a(libc_a-reallocr.o)
 .ARM.attributes
                0x00000a88       0x38 C:/Users/tomki/AppData/Local/stm32cube/bundles/gnu-tools-for-stm32/14.3.1+st.2/bin/../lib/gcc/arm-none-eabi/14.3.1/../../../../arm-none-eabi/lib/thumb/v8-m.main+fp/hard\libg_nano.a(libc_a-msizer.o)
 .ARM.attributes
                0x00000ac0       0x26 C:/Users/tomki/AppData/Local/stm32cube/bundles/gnu-tools-for-stm32/14.3.1+st.2/bin/../lib/gcc/arm-none-eabi/14.3.1/thumb/v8-m.main+fp/hard/crtn.o
OUTPUT(Code.elf elf32-littlearm)
LOAD linker stubs

.debug_info     0x00000000    0x26943
 .debug_info    0x00000000      0xd8e cmake/stm32cubemx/CMakeFiles/STM32_Drivers.dir/__/__/Core/Src/system_stm32h5xx.c.obj
 .debug_info    0x00000d8e     0x1639 cmake/stm32cubemx/CMakeFiles/STM32_Drivers.dir/__/__/Drivers/STM32H5xx_HAL_Driver/Src/stm32h5xx_hal_cortex.c.obj
 .debug_info    0x000023c7      0x4d6 cmake/stm32cubemx/CMakeFiles/STM32_Drivers.dir/__/__/Drivers/STM32H5xx_HAL_Driver/Src/stm32h5xx_hal_icache.c.obj
 .debug_info    0x0000289d     0x109f cmake/stm32cubemx/CMakeFiles/STM32_Drivers.dir/__/__/Drivers/STM32H5xx_HAL_Driver/Src/stm32h5xx_hal_rcc.c.obj
 .debug_info    0x0000393c     0x12c8 cmake/stm32cubemx/CMakeFiles/STM32_Drivers.dir/__/__/Drivers/STM32H5xx_HAL_Driver/Src/stm32h5xx_hal_rcc_ex.c.obj
 .debug_info    0x00004c04      0x6b6 cmake/stm32cubemx/CMakeFiles/STM32_Drivers.dir/__/__/Drivers/STM32H5xx_HAL_Driver/Src/stm32h5xx_hal_gpio.c.obj
 .debug_info    0x000052ba      0x928 cmake/stm32cubemx/CMakeFiles/STM32_Drivers.dir/__/__/Drivers/STM32H5xx_HAL_Driver/Src/stm32h5xx_hal_pwr_ex.c.obj
 .debug_info    0x00005be2     0x1381 cmake/stm32cubemx/CMakeFiles/STM32_Drivers.dir/__/__/Drivers/STM32H5xx_HAL_Driver/Src/stm32h5xx_hal.c.obj
 .debug_info    0x00006f63     0x4066 cmake/stm32cubemx/CMakeFiles/STM32_Drivers.dir/__/__/Drivers/STM32H5xx_HAL_Driver/Src/stm32h5xx_hal_uart.c.obj
 .debug_info    0x0000afc9     0x10ec cmake/stm32cubemx/CMakeFiles/STM32_Drivers.dir/__/__/Drivers/STM32H5xx_HAL_Driver/Src/stm32h5xx_hal_uart_ex.c.obj
 .debug_info    0x0000c0b5     0x21a8 CMakeFiles/Code.dir/Core/Src/main.c.obj
 .debug_info    0x0000e25d      0x16c CMakeFiles/Code.dir/Core/Src/stm32h5xx_it.c.obj
 .debug_info    0x0000e3c9     0x1f05 CMakeFiles/Code.dir/Core/Src/stm32h5xx_hal_msp.c.obj
 .debug_info    0x000102ce      0x168 CMakeFiles/Code.dir/Core/Src/sysmem.c.obj
 .debug_info    0x00010436       0x30 CMakeFiles/Code.dir/startup_stm32h562xx.s.obj
 .debug_info    0x00010466      0x1d2 CMakeFiles/Code.dir/Core/Src/scheduler.c.obj
 .debug_info    0x00010638      0x9de CMakeFiles/Code.dir/Core/Src/log.c.obj
 .debug_info    0x00011016      0x913 CMakeFiles/Code.dir/Core/Src/usb_cdc.c.obj
 .debug_info    0x00011929     0x1532 CMakeFiles/Code.dir/Middlewares/tinyusb/src/tusb.c.obj
 .debug_info    0x00012e5b     0x149f CMakeFiles/Code.dir/Middlewares/tinyusb/src/common/tusb_fifo.c.obj
 .debug_info    0x000142fa     0x3942 CMakeFiles/Code.dir/Middlewares/tinyusb/src/device/usbd.c.obj
 .debug_info    0x00017c3c     0x1f5e CMakeFiles/Code.dir/Middlewares/tinyusb/src/class/cdc/cdc_device.c.obj
 .debug_info    0x00019b9a     0x3739 CMakeFiles/Code.dir/Middlewares/tinyusb/src/portable/st/stm32_fsdev/dcd_stm32_fsdev.c.obj
 .debug_info    0x0001d2d3      0x754 CMakeFiles/Code.dir/Middlewares/tinyusb/src/portable/st/stm32_fsdev/fsdev_common.c.obj
 .debug_info    0x0001da27      0xfb2 C:/Users/tomki/AppData/Local/stm32cube/bundles/gnu-tools-for-stm32/14.3.1+st.2/bin/../lib/gcc/arm-none-eabi/14.3.1/../../../../arm-none-eabi/lib/thumb/v8-m.main+fp/hard\libg_nano.a(libc_a-findfp.o)
 .debug_info    0x0001e9d9      0x8b9 C:/Users/tomki/AppData/Local/stm32cube/bundles/gnu-tools-for-stm32/14.3.1+st.2/bin/../lib/gcc/arm-none-eabi/14.3.1/../../../../arm-none-eabi/lib/thumb/v8-m.main+fp/hard\libg_nano.a(libc_a-snprintf.o)
 .debug_info    0x0001f292      0x89c C:/Users/tomki/AppData/Local/stm32cube/bundles/gnu-tools-for-stm32/14.3.1+st.2/bin/../lib/gcc/arm-none-eabi/14.3.1/../../../../arm-none-eabi/lib/thumb/v8-m.main+fp/hard\libg_nano.a(libc_a-vsnprintf.o)
 .debug_info    0x0001fb2e       0xe0 C:/Users/tomki/AppData/Local/stm32cube/bundles/gnu-tools-for-stm32/14.3.1+st.2/bin/../lib/gcc/arm-none-eabi/14.3.1/../../../../arm-none-eabi/lib/thumb/v8-m.main+fp/hard\libg_nano.a(libc_a-memset.o)
 .debug_info    0x0001fc0e      0x8a1 C:/Users/tomki/AppData/Local/stm32cube/bundles/gnu-tools-for-stm32/14.3.1+st.2/bin/../lib/gcc/arm-none-eabi/14.3.1/../../../../arm-none-eabi/lib/thumb/v8-m.main+fp/hard\libg_nano.a(libc_a-reent.o)
 .debug_info    0x000204af      0x715 C:/Users/tomki/AppData/Local/stm32cube/bundles/gnu-tools-for-stm32/14.3.1+st.2/bin/../lib/gcc/arm-none-eabi/14.3.1/../../../../arm-none-eabi/lib/thumb/v8-m.main+fp/hard\libg_nano.a(libc_a-impure.o)
 .debug_info    0x00020bc4      0x6fb C:/Users/tomki/AppData/Local/stm32cube/bundles/gnu-tools-for-stm32/14.3.1+st.2/bin/../lib/gcc/arm-none-eabi/14.3.1/../../../../arm-none-eabi/lib/thumb/v8-m.main+fp/hard\libg_nano.a(libc_a-errno.o)
 .debug_info    0x000212bf      0x10b C:/Users/tomki/AppData/Local/stm32cube/bundles/gnu-tools-for-stm32/14.3.1+st.2/bin/../lib/gcc/arm-none-eabi/14.3.1/../../../../arm-none-eabi/lib/thumb/v8-m.main+fp/hard\libg_nano.a(libc_a-init.o)
 .debug_info    0x000213ca      0x218 C:/Users/tomki/AppData/Local/stm32cube/bundles/gnu-tools-for-stm32/14.3.1+st.2/bin/../lib/gcc/arm-none-eabi/14.3.1/../../../../arm-none-eabi/lib/thumb/v8-m.main+fp/hard\libg_nano.a(libc_a-lock.o)
 .debug_info    0x000215e2      0x121 C:/Users/tomki/AppData/Local/stm32cube/bundles/gnu-tools-for-stm32/14.3.1+st.2/bin/../lib/gcc/arm-none-eabi/14.3.1/../../../../arm-none-eabi/lib/thumb/v8-m.main+fp/hard\libg_nano.a(libc_a-memcpy-stub.o)
 .debug_info    0x00021703       0x31 C:/Users/tomki/AppData/Local/stm32cube/bundles/gnu-tools-for-stm32/14.3.1+st.2/bin/../lib/gcc/arm-none-eabi/14.3.1/../../../../arm-none-eabi/lib/thumb/v8-m.main+fp/hard\libg_nano.a(libc_a-strlen.o)
 .debug_info    0x00021734      0x851 C:/Users/tomki/AppData/Local/stm32cube/bundles/gnu-tools-for-stm32/14.3.1+st.2/bin/../lib/gcc/arm-none-eabi/14.3.1/../../../../arm-none-eabi/lib/thumb/v8-m.main+fp/hard\libg_nano.a(libc_a-freer.o)
 .debug_info    0x00021f85      0x9bc C:/Users/tomki/AppData/Local/stm32cube/bundles/gnu-tools-for-stm32/14.3.1+st.2/bin/../lib/gcc/arm-none-eabi/14.3.1/../../../../arm-none-eabi/lib/thumb/v8-m.main+fp/hard\libg_nano.a(libc_a-mallocr.o)
 .debug_info    0x00022941      0x76b C:/Users/tomki/AppData/Local/stm32cube/bundles/gnu-tools-for-stm32/14.3.1+st.2/bin/../lib/gcc/arm-none-eabi/14.3.1/../../../../arm-none-eabi/lib/thumb/v8-m.main+fp/hard\libg_nano.a(libc_a-mlock.o)
 .debug_info    0x000230ac     0x10b3 C:/Users/tomki/AppData/Local/stm32cube/bundles/gnu-tools-for-stm32/14.3.1+st.2/bin/../lib/gcc/arm-none-eabi/14.3.1/../../../../arm-none-eabi/lib/thumb/v8-m.main+fp/hard\libg_nano.a(libc_a-nano-svfprintf.o)
 .debug_info    0x0002415f      0xde2 C:/Users/tomki/AppData/Local/stm32cube/bundles/gnu-tools-for-stm32/14.3.1+st.2/bin/../lib/gcc/arm-none-eabi/14.3.1/../../../../arm-none-eabi/lib/thumb/v8-m.main+fp/hard\libg_nano.a(libc_a-nano-vfprintf_i.o)