Archive member included to satisfy reference by file (symbol)

C:/Users/jto92/AppData/Local/stm32cube/bundles/gnu-tools-for-stm32/14.3.1+st.2/bin/../lib/gcc/arm-none-eabi/14.3.1/thumb/v8-m.main+fp/hard\libgcc.a(_aeabi_uldivmod.o)
                              cmake/stm32cubemx/CMakeFiles/STM32_Drivers.dir/__/__/Drivers/STM32H5xx_HAL_Driver/Src/stm32h5xx_hal_uart.c.obj (__aeabi_uldivmod)
C:/Users/jto92/AppData/Local/stm32cube/bundles/gnu-tools-for-stm32/14.3.1+st.2/bin/../lib/gcc/arm-none-eabi/14.3.1/thumb/v8-m.main+fp/hard\libgcc.a(_udivmoddi4.o)
                              C:/Users/jto92/AppData/Local/stm32cube/bundles/gnu-tools-for-stm32/14.3.1+st.2/bin/../lib/gcc/arm-none-eabi/14.3.1/thumb/v8-m.main+fp/hard\libgcc.a(_aeabi_uldivmod.o) (__udivmoddi4)
C:/Users/jto92/AppData/Local/stm32cube/bundles/gnu-tools-for-stm32/14.3.1+st.2/bin/../lib/gcc/arm-none-eabi/14.3.1/thumb/v8-m.main+fp/hard\libgcc.a(_dvmd_tls.o)
                              C:/Users/jto92/AppData/Local/stm32cube/bundles/gnu-tools-for-stm32/14.3.1+st.2/bin/../lib/gcc/arm-none-eabi/14.3.1/thumb/v8-m.main+fp/hard\libgcc.a(_aeabi_uldivmod.o) (__aeabi_ldiv0)
C:/Users/jto92/AppData/Local/stm32cube/bundles/gnu-tools-for-stm32/14.3.1+st.2/bin/../lib/gcc/arm-none-eabi/14.3.1/../../../../arm-none-eabi/lib/thumb/v8-m.main+fp/hard\libg_nano.a(libc_a-exit.o)
                              C:/Users/jto92/AppData/Local/stm32cube/bundles/gnu-tools-for-stm32/14.3.1+st.2/bin/../lib/gcc/arm-none-eabi/14.3.1/../../../../arm-none-eabi/lib/thumb/v8-m.main+fp/hard/crt0.o (exit)
C:/Users/jto92/AppData/Local/stm32cube/bundles/gnu-tools-for-stm32/14.3.1+st.2/bin/../lib/gcc/arm-none-eabi/14.3.1/../../../../arm-none-eabi/lib/thumb/v8-m.main+fp/hard\libg_nano.a(libc_a-findfp.o)
                              C:/Users/jto92/AppData/Local/stm32cube/bundles/gnu-tools-for-stm32/14.3.1+st.2/bin/../lib/gcc/arm-none-eabi/14.3.1/../../../../arm-none-eabi/lib/thumb/v8-m.main+fp/hard\libg_nano.a(libc_a-exit.o) (__stdio_exit_handler)
C:/Users/jto92/AppData/Local/stm32cube/bundles/gnu-tools-for-stm32/14.3.1+st.2/bin/../lib/gcc/arm-none-eabi/14.3.1/../../../../arm-none-eabi/lib/thumb/v8-m.main+fp/hard\libg_nano.a(libc_a-fwalk.o)
                              C:/Users/jto92/AppData/Local/stm32cube/bundles/gnu-tools-for-stm32/14.3.1+st.2/bin/../lib/gcc/arm-none-eabi/14.3.1/../../../../arm-none-eabi/lib/thumb/v8-m.main+fp/hard\libg_nano.a(libc_a-findfp.o) (_fwalk_sglue)
C:/Users/jto92/AppData/Local/stm32cube/bundles/gnu-tools-for-stm32/14.3.1+st.2/bin/../lib/gcc/arm-none-eabi/14.3.1/../../../../arm-none-eabi/lib/thumb/v8-m.main+fp/hard\libg_nano.a(libc_a-snprintf.o)
                              CMakeFiles/Code.dir/Core/Src/radio.c.obj (snprintf)
C:/Users/jto92/AppData/Local/stm32cube/bundles/gnu-tools-for-stm32/14.3.1+st.2/bin/../lib/gcc/arm-none-eabi/14.3.1/../../../../arm-none-eabi/lib/thumb/v8-m.main+fp/hard\libg_nano.a(libc_a-stdio.o)
                              C:/Users/jto92/AppData/Local/stm32cube/bundles/gnu-tools-for-stm32/14.3.1+st.2/bin/../lib/gcc/arm-none-eabi/14.3.1/../../../../arm-none-eabi/lib/thumb/v8-m.main+fp/hard\libg_nano.a(libc_a-findfp.o) (__sread)
C:/Users/jto92/AppData/Local/stm32cube/bundles/gnu-tools-for-stm32/14.3.1+st.2/bin/../lib/gcc/arm-none-eabi/14.3.1/../../../../arm-none-eabi/lib/thumb/v8-m.main+fp/hard\libg_nano.a(libc_a-vsnprintf.o)
                              CMakeFiles/Code.dir/Core/Src/log.c.obj (vsnprintf)
C:/Users/jto92/AppData/Local/stm32cube/bundles/gnu-tools-for-stm32/14.3.1+st.2/bin/../lib/gcc/arm-none-eabi/14.3.1/../../../../arm-none-eabi/lib/thumb/v8-m.main+fp/hard\libg_nano.a(libc_a-memset.o)
                              C:/Users/jto92/AppData/Local/stm32cube/bundles/gnu-tools-for-stm32/14.3.1+st.2/bin/../lib/gcc/arm-none-eabi/14.3.1/../../../../arm-none-eabi/lib/thumb/v8-m.main+fp/hard/crt0.o (memset)
C:/Users/jto92/AppData/Local/stm32cube/bundles/gnu-tools-for-stm32/14.3.1+st.2/bin/../lib/gcc/arm-none-eabi/14.3.1/../../../../arm-none-eabi/lib/thumb/v8-m.main+fp/hard\libg_nano.a(libc_a-closer.o)
                              C:/Users/jto92/AppData/Local/stm32cube/bundles/gnu-tools-for-stm32/14.3.1+st.2/bin/../lib/gcc/arm-none-eabi/14.3.1/../../../../arm-none-eabi/lib/thumb/v8-m.main+fp/hard\libg_nano.a(libc_a-stdio.o) (_close_r)
C:/Users/jto92/AppData/Local/stm32cube/bundles/gnu-tools-for-stm32/14.3.1+st.2/bin/../lib/gcc/arm-none-eabi/14.3.1/../../../../arm-none-eabi/lib/thumb/v8-m.main+fp/hard\libg_nano.a(libc_a-reent.o)
                              C:/Users/jto92/AppData/Local/stm32cube/bundles/gnu-tools-for-stm32/14.3.1+st.2/bin/../lib/gcc/arm-none-eabi/14.3.1/../../../../arm-none-eabi/lib/thumb/v8-m.main+fp/hard\libg_nano.a(libc_a-closer.o) (errno)
C:/Users/jto92/AppData/Local/stm32cube/bundles/gnu-tools-for-stm32/14.3.1+st.2/bin/../lib/gcc/arm-none-eabi/14.3.1/../../../../arm-none-eabi/lib/thumb/v8-m.main+fp/hard\libg_nano.a(libc_a-impure.o)
[...]
Memory Configuration

Name             Origin             Length             Attributes
RAM              0x20000000         0x000a0000         xrw
FLASH            0x08000000         0x00200000         xr
*default*        0x00000000         0xffffffff

Linker script and memory map

LOAD C:/Users/jto92/AppData/Local/stm32cube/bundles/gnu-tools-for-stm32/14.3.1+st.2/bin/../lib/gcc/arm-none-eabi/14.3.1/thumb/v8-m.main+fp/hard/crti.o
LOAD C:/Users/jto92/AppData/Local/stm32cube/bundles/gnu-tools-for-stm32/14.3.1+st.2/bin/../lib/gcc/arm-none-eabi/14.3.1/thumb/v8-m.main+fp/hard/crtbegin.o
LOAD C:/Users/jto92/AppData/Local/stm32cube/bundles/gnu-tools-for-stm32/14.3.1+st.2/bin/../lib/gcc/arm-none-eabi/14.3.1/../../../../arm-none-eabi/lib/thumb/v8-m.main+fp/hard/crt0.o
LOAD cmake/stm32cubemx/CMakeFiles/STM32_Drivers.dir/__/__/Core/Src/system_stm32h5xx.c.obj
LOAD cmake/stm32cubemx/CMakeFiles/STM32_Drivers.dir/__/__/Drivers/STM32H5xx_HAL_Driver/Src/stm32h5xx_hal_cortex.c.obj
LOAD cmake/stm32cubemx/CMakeFiles/STM32_Drivers.dir/__/__/Drivers/STM32H5xx_HAL_Driver/Src/stm32h5xx_hal_fdcan.c.obj
LOAD cmake/stm32cubemx/CMakeFiles/STM32_Drivers.dir/__/__/Drivers/STM32H5xx_HAL_Driver/Src/stm32h5xx_hal_rcc.c.obj
LOAD cmake/stm32cubemx/CMakeFiles/STM32_Drivers.dir/__/__/Drivers/STM32H5xx_HAL_Driver/Src/stm32h5xx_hal_rcc_ex.c.obj
LOAD cmake/stm32cubemx/CMakeFiles/STM32_Drivers.dir/__/__/Drivers/STM32H5xx_HAL_Driver/Src/stm32h5xx_hal_flash.c.obj
LOAD cmake/stm32cubemx/CMakeFiles/STM32_Drivers.dir/__/__/Drivers/STM32H5xx_HAL_Driver/Src/stm32h5xx_hal_flash_ex.c.obj
LOAD cmake/stm32cubemx/CMakeFiles/STM32_Drivers.dir/__/__/Drivers/STM32H5xx_HAL_Driver/Src/stm32h5xx_hal_gpio.c.obj
LOAD cmake/stm32cubemx/CMakeFiles/STM32_Drivers.dir/__/__/Drivers/STM32H5xx_HAL_Driver/Src/stm32h5xx_hal_dma.c.obj
LOAD cmake/stm32cubemx/CMakeFiles/STM32_Drivers.dir/__/__/Drivers/STM32H5xx_HAL_Driver/Src/stm32h5xx_hal_dma_ex.c.obj
LOAD cmake/stm32cubemx/CMakeFiles/STM32_Drivers.dir/__/__/Drivers/STM32H5xx_HAL_Driver/Src/stm32h5xx_hal_pwr.c.obj
LOAD cmake/stm32cubemx/CMakeFiles/STM32_Drivers.dir/__/__/Drivers/STM32H5xx_HAL_Driver/Src/stm32h5xx_hal_pwr_ex.c.obj
LOAD cmake/stm32cubemx/CMakeFiles/STM32_Drivers.dir/__/__/Drivers/STM32H5xx_HAL_Driver/Src/stm32h5xx_hal.c.obj
LOAD cmake/stm32cubemx/CMakeFiles/STM32_Drivers.dir/__/__/Drivers/STM32H5xx_HAL_Driver/Src/stm32h5xx_hal_exti.c.obj
LOAD cmake/stm32cubemx/CMakeFiles/STM32_Drivers.dir/__/__/Drivers/STM32H5xx_HAL_Driver/Src/stm32h5xx_hal_icache.c.obj
LOAD cmake/stm32cubemx/CMakeFiles/STM32_Drivers.dir/__/__/Drivers/STM32H5xx_HAL_Driver/Src/stm32h5xx_hal_spi.c.obj
LOAD cmake/stm32cubemx/CMakeFiles/STM32_Drivers.dir/__/__/Drivers/STM32H5xx_HAL_Driver/Src/stm32h5xx_hal_spi_ex.c.obj
LOAD cmake/stm32cubemx/CMakeFiles/STM32_Drivers.dir/__/__/Drivers/STM32H5xx_HAL_Driver/Src/stm32h5xx_hal_uart.c.obj
LOAD cmake/stm32cubemx/CMakeFiles/STM32_Drivers.dir/__/__/Drivers/STM32H5xx_HAL_Driver/Src/stm32h5xx_hal_uart_ex.c.obj
LOAD cmake/stm32cubemx/CMakeFiles/STM32_Drivers.dir/__/__/Drivers/STM32H5xx_HAL_Driver/Src/stm32h5xx_hal_pcd.c.obj
LOAD cmake/stm32cubemx/CMakeFiles/STM32_Drivers.dir/__/__/Drivers/STM32H5xx_HAL_Driver/Src/stm32h5xx_hal_pcd_ex.c.obj
LOAD cmake/stm32cubemx/CMakeFiles/STM32_Drivers.dir/__/__/Drivers/STM32H5xx_HAL_Driver/Src/stm32h5xx_ll_usb.c.obj
LOAD CMakeFiles/Code.dir/Core/Src/main.c.obj
LOAD CMakeFiles/Code.dir/Core/Src/stm32h5xx_it.c.obj
LOAD CMakeFiles/Code.dir/Core/Src/stm32h5xx_hal_msp.c.obj
LOAD CMakeFiles/Code.dir/Core/Src/sysmem.c.obj
LOAD CMakeFiles/Code.dir/Core/Src/syscalls.c.obj
LOAD CMakeFiles/Code.dir/startup_stm32h562xx.s.obj
LOAD CMakeFiles/Code.dir/Core/Src/scheduler.c.obj
LOAD CMakeFiles/Code.dir/Core/Src/radio.c.obj
LOAD CMakeFiles/Code.dir/Core/Src/can_bus.c.obj
LOAD CMakeFiles/Code.dir/Core/Src/radio_test.c.obj
LOAD CMakeFiles/Code.dir/Core/Src/log.c.obj
LOAD CMakeFiles/Code.dir/Core/Src/can_radio_bridge.c.obj
LOAD C:/Users/jto92/AppData/Local/stm32cube/bundles/gnu-tools-for-stm32/14.3.1+st.2/bin/../lib/gcc/arm-none-eabi/14.3.1/../../../../arm-none-eabi/lib/thumb/v8-m.main+fp/hard\libm.a
START GROUP
LOAD C:/Users/jto92/AppData/Local/stm32cube/bundles/gnu-tools-for-stm32/14.3.1+st.2/bin/../lib/gcc/arm-none-eabi/14.3.1/thumb/v8-m.main+fp/hard\libgcc.a
LOAD C:/Users/jto92/AppData/Local/stm32cube/bundles/gnu-tools-for-stm32/14.3.1+st.2/bin/../lib/gcc/arm-none-eabi/14.3.1/../../../../arm-none-eabi/lib/thumb/v8-m.main+fp/hard\libg_nano.a
LOAD C:/Users/jto92/AppData/Local/stm32cube/bundles/gnu-tools-for-stm32/14.3.1+st.2/bin/../lib/gcc/arm-none-eabi/14.3.1/../../../../arm-none-eabi/lib/thumb/v8-m.main+fp/hard\libc_nano.a
END GROUP
START GROUP
LOAD C:/Users/jto92/AppData/Local/stm32cube/bundles/gnu-tools-for-stm32/14.3.1+st.2/bin/../lib/gcc/arm-none-eabi/14.3.1/thumb/v8-m.main+fp/hard\libgcc.a
LOAD C:/Users/jto92/AppData/Local/stm32cube/bundles/gnu-tools-for-stm32/14.3.1+st.2/bin/../lib/gcc/arm-none-eabi/14.3.1/../../../../arm-none-eabi/lib/thumb/v8-m.main+fp/hard\libc_nano.a
END GROUP
LOAD C:/Users/jto92/AppData/Local/stm32cube/bundles/gnu-tools-for-stm32/14.3.1+st.2/bin/../lib/gcc/arm-none-eabi/14.3.1/thumb/v8-m.main+fp/hard/crtend.o
LOAD C:/Users/jto92/AppData/Local/stm32cube/bundles/gnu-tools-for-stm32/14.3.1+st.2/bin/../lib/gcc/arm-none-eabi/14.3.1/thumb/v8-m.main+fp/hard/crtn.o
                0x200a0000                        _estack = (ORIGIN (RAM) + LENGTH (RAM))
                0x2009fc00                        _sstack = (_estack - _Min_Stack_Size)
                0x00000200                        _Min_Heap_Size = 0x200
                0x00000400                        _Min_Stack_Size = 0x400

.isr_vector     0x08000000      0x24c
                0x08000000                        . = ALIGN (0x4)
 *(.isr_vector)
 .isr_vector    0x08000000      0x24c CMakeFiles/Code.dir/startup_stm32h562xx.s.obj
                0x08000000                g_pfnVectors
                0x0800024c                        . = ALIGN (0x4)

.text           0x0800024c     0xd734
                0x0800024c                        . = ALIGN (0x4)
 *(.text)
 .text          0x0800024c       0x40 C:/Users/jto92/AppData/Local/stm32cube/bundles/gnu-tools-for-stm32/14.3.1+st.2/bin/../lib/gcc/arm-none-eabi/14.3.1/thumb/v8-m.main+fp/hard/crtbegin.o
 .text          0x0800028c       0x30 C:/Users/jto92/AppData/Local/stm32cube/bundles/gnu-tools-for-stm32/14.3.1+st.2/bin/../lib/gcc/arm-none-eabi/14.3.1/thumb/v8-m.main+fp/hard\libgcc.a(_aeabi_uldivmod.o)
                0x0800028c                __aeabi_uldivmod
 .text          0x080002bc      0x34c C:/Users/jto92/AppData/Local/stm32cube/bundles/gnu-tools-for-stm32/14.3.1+st.2/bin/../lib/gcc/arm-none-eabi/14.3.1/thumb/v8-m.main+fp/hard\libgcc.a(_udivmoddi4.o)
                0x080002bc                __udivmoddi4
 .text          0x08000608        0x4 C:/Users/jto92/AppData/Local/stm32cube/bundles/gnu-tools-for-stm32/14.3.1+st.2/bin/../lib/gcc/arm-none-eabi/14.3.1/thumb/v8-m.main+fp/hard\libgcc.a(_dvmd_tls.o)
                0x08000608                __aeabi_idiv0
                0x08000608                __aeabi_ldiv0
 *(.text*)
 .text.SystemInit
                0x0800060c      0x100 cmake/stm32cubemx/CMakeFiles/STM32_Drivers.dir/__/__/Core/Src/system_stm32h5xx.c.obj
                0x0800060c                SystemInit
 .text.__NVIC_SetPriorityGrouping
                0x0800070c       0x48 cmake/stm32cubemx/CMakeFiles/STM32_Drivers.dir/__/__/Drivers/STM32H5xx_HAL_Driver/Src/stm32h5xx_hal_cortex.c.obj
 .text.__NVIC_GetPriorityGrouping
                0x08000754       0x1c cmake/stm32cubemx/CMakeFiles/STM32_Drivers.dir/__/__/Drivers/STM32H5xx_HAL_Driver/Src/stm32h5xx_hal_cortex.c.obj
 .text.__NVIC_EnableIRQ
                0x08000770       0x3c cmake/stm32cubemx/CMakeFiles/STM32_Drivers.dir/__/__/Drivers/STM32H5xx_HAL_Driver/Src/stm32h5xx_hal_cortex.c.obj
 .text.__NVIC_SetPriority
                0x080007ac       0x54 cmake/stm32cubemx/CMakeFiles/STM32_Drivers.dir/__/__/Drivers/STM32H5xx_HAL_Driver/Src/stm32h5xx_hal_cortex.c.obj
 .text.NVIC_EncodePriority
                0x08000800       0x66 cmake/stm32cubemx/CMakeFiles/STM32_Drivers.dir/__/__/Drivers/STM32H5xx_HAL_Driver/Src/stm32h5xx_hal_cortex.c.obj
 .text.HAL_NVIC_SetPriorityGrouping
                0x08000866       0x16 cmake/stm32cubemx/CMakeFiles/STM32_Drivers.dir/__/__/Drivers/STM32H5xx_HAL_Driver/Src/stm32h5xx_hal_cortex.c.obj
                0x08000866                HAL_NVIC_SetPriorityGrouping
 .text.HAL_NVIC_SetPriority
                0x0800087c       0x34 cmake/stm32cubemx/CMakeFiles/STM32_Drivers.dir/__/__/Drivers/STM32H5xx_HAL_Driver/Src/stm32h5xx_hal_cortex.c.obj
                0x0800087c                HAL_NVIC_SetPriority
 .text.HAL_NVIC_EnableIRQ
                0x080008b0       0x1c cmake/stm32cubemx/CMakeFiles/STM32_Drivers.dir/__/__/Drivers/STM32H5xx_HAL_Driver/Src/stm32h5xx_hal_cortex.c.obj
                0x080008b0                HAL_NVIC_EnableIRQ
 .text.HAL_SYSTICK_Config
                0x080008cc       0x44 cmake/stm32cubemx/CMakeFiles/STM32_Drivers.dir/__/__/Drivers/STM32H5xx_HAL_Driver/Src/stm32h5xx_hal_cortex.c.obj
                0x080008cc                HAL_SYSTICK_Config
 .text.HAL_SYSTICK_CLKSourceConfig
                0x08000910       0xb0 cmake/stm32cubemx/CMakeFiles/STM32_Drivers.dir/__/__/Drivers/STM32H5xx_HAL_Driver/Src/stm32h5xx_hal_cortex.c.obj
                0x08000910                HAL_SYSTICK_CLKSourceConfig
 .text.HAL_SYSTICK_GetCLKSourceConfig
                0x080009c0       0x6c cmake/stm32cubemx/CMakeFiles/STM32_Drivers.dir/__/__/Drivers/STM32H5xx_HAL_Driver/Src/stm32h5xx_hal_cortex.c.obj
                0x080009c0                HAL_SYSTICK_GetCLKSourceConfig
 .text.HAL_MPU_Enable
                0x08000a2c       0x44 cmake/stm32cubemx/CMakeFiles/STM32_Drivers.dir/__/__/Drivers/STM32H5xx_HAL_Driver/Src/stm32h5xx_hal_cortex.c.obj
                0x08000a2c                HAL_MPU_Enable
 .text.HAL_MPU_Disable
                0x08000a70       0x40 cmake/stm32cubemx/CMakeFiles/STM32_Drivers.dir/__/__/Drivers/STM32H5xx_HAL_Driver/Src/stm32h5xx_hal_cortex.c.obj
                0x08000a70                HAL_MPU_Disable
 .text.HAL_MPU_ConfigRegion
                0x08000ab0       0x1c cmake/stm32cubemx/CMakeFiles/STM32_Drivers.dir/__/__/Drivers/STM32H5xx_HAL_Driver/Src/stm32h5xx_hal_cortex.c.obj
                0x08000ab0                HAL_MPU_ConfigRegion
 .text.HAL_MPU_ConfigMemoryAttributes
                0x08000acc       0x1c cmake/stm32cubemx/CMakeFiles/STM32_Drivers.dir/__/__/Drivers/STM32H5xx_HAL_Driver/Src/stm32h5xx_hal_cortex.c.obj
                0x08000acc                HAL_MPU_ConfigMemoryAttributes
 .text.MPU_ConfigRegion
                0x08000ae8       0x6e cmake/stm32cubemx/CMakeFiles/STM32_Drivers.dir/__/__/Drivers/STM32H5xx_HAL_Driver/Src/stm32h5xx_hal_cortex.c.obj
 .text.MPU_ConfigMemoryAttributes
                0x08000b56       0x6c cmake/stm32cubemx/CMakeFiles/STM32_Drivers.dir/__/__/Drivers/STM32H5xx_HAL_Driver/Src/stm32h5xx_hal_cortex.c.obj
 *fill*         0x08000bc2        0x2 
 .text.HAL_FDCAN_Init
                0x08000bc4      0x2b4 cmake/stm32cubemx/CMakeFiles/STM32_Drivers.dir/__/__/Drivers/STM32H5xx_HAL_Driver/Src/stm32h5xx_hal_fdcan.c.obj
                0x08000bc4                HAL_FDCAN_Init
 .text.HAL_FDCAN_ConfigGlobalFilter
                0x08000e78       0x62 cmake/stm32cubemx/CMakeFiles/STM32_Drivers.dir/__/__/Drivers/STM32H5xx_HAL_Driver/Src/stm32h5xx_hal_fdcan.c.obj
                0x08000e78                HAL_FDCAN_ConfigGlobalFilter
 .text.HAL_FDCAN_Start
                0x08000eda       0x50 cmake/stm32cubemx/CMakeFiles/STM32_Drivers.dir/__/__/Drivers/STM32H5xx_HAL_Driver/Src/stm32h5xx_hal_fdcan.c.obj
                0x08000eda                HAL_FDCAN_Start
 *fill*         0x08000f2a        0x2 
 .text.HAL_FDCAN_GetRxMessage
                0x08000f2c      0x210 cmake/stm32cubemx/CMakeFiles/STM32_Drivers.dir/__/__/Drivers/STM32H5xx_HAL_Driver/Src/stm32h5xx_hal_fdcan.c.obj
                0x08000f2c                HAL_FDCAN_GetRxMessage
 .text.HAL_FDCAN_GetRxFifoFillLevel
                0x0800113c       0x3c cmake/stm32cubemx/CMakeFiles/STM32_Drivers.dir/__/__/Drivers/STM32H5xx_HAL_Driver/Src/stm32h5xx_hal_fdcan.c.obj
                0x0800113c                HAL_FDCAN_GetRxFifoFillLevel
 .text.HAL_FDCAN_IRQHandler
                0x08001178      0x266 cmake/stm32cubemx/CMakeFiles/STM32_Drivers.dir/__/__/Drivers/STM32H5xx_HAL_Driver/Src/stm32h5xx_hal_fdcan.c.obj
                0x08001178                HAL_FDCAN_IRQHandler
 .text.HAL_FDCAN_TxEventFifoCallback
                0x080013de       0x16 cmake/stm32cubemx/CMakeFiles/STM32_Drivers.dir/__/__/Drivers/STM32H5xx_HAL_Driver/Src/stm32h5xx_hal_fdcan.c.obj
                0x080013de                HAL_FDCAN_TxEventFifoCallback
 .text.HAL_FDCAN_RxFifo0Callback
                0x080013f4       0x16 cmake/stm32cubemx/CMakeFiles/STM32_Drivers.dir/__/__/Drivers/STM32H5xx_HAL_Driver/Src/stm32h5xx_hal_fdcan.c.obj
                0x080013f4                HAL_FDCAN_RxFifo0Callback
 .text.HAL_FDCAN_RxFifo1Callback
                0x0800140a       0x16 cmake/stm32cubemx/CMakeFiles/STM32_Drivers.dir/__/__/Drivers/STM32H5xx_HAL_Driver/Src/stm32h5xx_hal_fdcan.c.obj
                0x0800140a                HAL_FDCAN_RxFifo1Callback
 .text.HAL_FDCAN_TxFifoEmptyCallback
                0x08001420       0x14 cmake/stm32cubemx/CMakeFiles/STM32_Drivers.dir/__/__/Drivers/STM32H5xx_HAL_Driver/Src/stm32h5xx_hal_fdcan.c.obj
                0x08001420                HAL_FDCAN_TxFifoEmptyCallback
 .text.HAL_FDCAN_TxBufferCompleteCallback
                0x08001434       0x16 cmake/stm32cubemx/CMakeFiles/STM32_Drivers.dir/__/__/Drivers/STM32H5xx_HAL_Driver/Src/stm32h5xx_hal_fdcan.c.obj
                0x08001434                HAL_FDCAN_TxBufferCompleteCallback
 .text.HAL_FDCAN_TxBufferAbortCallback
                0x0800144a       0x16 cmake/stm32cubemx/CMakeFiles/STM32_Drivers.dir/__/__/Drivers/STM32H5xx_HAL_Driver/Src/stm32h5xx_hal_fdcan.c.obj
                0x0800144a                HAL_FDCAN_TxBufferAbortCallback
 .text.HAL_FDCAN_TimestampWraparoundCallback
                0x08001460       0x14 cmake/stm32cubemx/CMakeFiles/STM32_Drivers.dir/__/__/Drivers/STM32H5xx_HAL_Driver/Src/stm32h5xx_hal_fdcan.c.obj
                0x08001460                HAL_FDCAN_TimestampWraparoundCallback
 .text.HAL_FDCAN_TimeoutOccurredCallback
                0x08001474       0x14 cmake/stm32cubemx/CMakeFiles/STM32_Drivers.dir/__/__/Drivers/STM32H5xx_HAL_Driver/Src/stm32h5xx_hal_fdcan.c.obj
                0x08001474                HAL_FDCAN_TimeoutOccurredCallback
 .text.HAL_FDCAN_HighPriorityMessageCallback
                0x08001488       0x14 cmake/stm32cubemx/CMakeFiles/STM32_Drivers.dir/__/__/Drivers/STM32H5xx_HAL_Driver/Src/stm32h5xx_hal_fdcan.c.obj
                0x08001488                HAL_FDCAN_HighPriorityMessageCallback
 .text.HAL_FDCAN_ErrorCallback
                0x0800149c       0x14 cmake/stm32cubemx/CMakeFiles/STM32_Drivers.dir/__/__/Drivers/STM32H5xx_HAL_Driver/Src/stm32h5xx_hal_fdcan.c.obj
                0x0800149c                HAL_FDCAN_ErrorCallback
 .text.HAL_FDCAN_ErrorStatusCallback
                0x080014b0       0x16 cmake/stm32cubemx/CMakeFiles/STM32_Drivers.dir/__/__/Drivers/STM32H5xx_HAL_Driver/Src/stm32h5xx_hal_fdcan.c.obj
                0x080014b0                HAL_FDCAN_ErrorStatusCallback
 *fill*         0x080014c6        0x2 
 .text.FDCAN_CalcultateRamBlockAddresses
                0x080014c8       0xac cmake/stm32cubemx/CMakeFiles/STM32_Drivers.dir/__/__/Drivers/STM32H5xx_HAL_Driver/Src/stm32h5xx_hal_fdcan.c.obj
 .text.HAL_RCC_OscConfig
                0x08001574      0x870 cmake/stm32cubemx/CMakeFiles/STM32_Drivers.dir/__/__/Drivers/STM32H5xx_HAL_Driver/Src/stm32h5xx_hal_rcc.c.obj
                0x08001574                HAL_RCC_OscConfig
 .text.HAL_RCC_ClockConfig
                0x08001de4      0x370 cmake/stm32cubemx/CMakeFiles/STM32_Drivers.dir/__/__/Drivers/STM32H5xx_HAL_Driver/Src/stm32h5xx_hal_rcc.c.obj
                0x08001de4                HAL_RCC_ClockConfig
 .text.HAL_RCC_GetSysClockFreq
                0x08002154      0x258 cmake/stm32cubemx/CMakeFiles/STM32_Drivers.dir/__/__/Drivers/STM32H5xx_HAL_Driver/Src/stm32h5xx_hal_rcc.c.obj
                0x08002154                HAL_RCC_GetSysClockFreq
 .text.HAL_RCC_GetHCLKFreq
                0x080023ac       0x38 cmake/stm32cubemx/CMakeFiles/STM32_Drivers.dir/__/__/Drivers/STM32H5xx_HAL_Driver/Src/stm32h5xx_hal_rcc.c.obj
                0x080023ac                HAL_RCC_GetHCLKFreq
 .text.HAL_RCC_GetPCLK1Freq
                0x080023e4       0x2c cmake/stm32cubemx/CMakeFiles/STM32_Drivers.dir/__/__/Drivers/STM32H5xx_HAL_Driver/Src/stm32h5xx_hal_rcc.c.obj
                0x080023e4                HAL_RCC_GetPCLK1Freq
 .text.HAL_RCC_GetPCLK2Freq
                0x08002410       0x2c cmake/stm32cubemx/CMakeFiles/STM32_Drivers.dir/__/__/Drivers/STM32H5xx_HAL_Driver/Src/stm32h5xx_hal_rcc.c.obj
                0x08002410                HAL_RCC_GetPCLK2Freq
 .text.HAL_RCC_GetPCLK3Freq
                0x0800243c       0x2c cmake/stm32cubemx/CMakeFiles/STM32_Drivers.dir/__/__/Drivers/STM32H5xx_HAL_Driver/Src/stm32h5xx_hal_rcc.c.obj
                0x0800243c                HAL_RCC_GetPCLK3Freq
 .text.HAL_RCCEx_PeriphCLKConfig
                0x08002468     0x1e90 cmake/stm32cubemx/CMakeFiles/STM32_Drivers.dir/__/__/Drivers/STM32H5xx_HAL_Driver/Src/stm32h5xx_hal_rcc_ex.c.obj
                0x08002468                HAL_RCCEx_PeriphCLKConfig
 .text.HAL_RCCEx_GetPLL1ClockFreq
                0x080042f8      0x2d8 cmake/stm32cubemx/CMakeFiles/STM32_Drivers.dir/__/__/Drivers/STM32H5xx_HAL_Driver/Src/stm32h5xx_hal_rcc_ex.c.obj
                0x080042f8                HAL_RCCEx_GetPLL1ClockFreq
 .text.HAL_RCCEx_GetPLL2ClockFreq
                0x080045d0      0x2d8 cmake/stm32cubemx/CMakeFiles/STM32_Drivers.dir/__/__/Drivers/STM32H5xx_HAL_Driver/Src/stm32h5xx_hal_rcc_ex.c.obj
                0x080045d0                HAL_RCCEx_GetPLL2ClockFreq
 .text.HAL_RCCEx_GetPLL3ClockFreq
                0x080048a8      0x2d8 cmake/stm32cubemx/CMakeFiles/STM32_Drivers.dir/__/__/Drivers/STM32H5xx_HAL_Driver/Src/stm32h5xx_hal_rcc_ex.c.obj
                0x080048a8                HAL_RCCEx_GetPLL3ClockFreq
 .text.HAL_RCCEx_GetPeriphCLKFreq
                0x08004b80     0x2658 cmake/stm32cubemx/CMakeFiles/STM32_Drivers.dir/__/__/Drivers/STM32H5xx_HAL_Driver/Src/stm32h5xx_hal_rcc_ex.c.obj
                0x08004b80                HAL_RCCEx_GetPeriphCLKFreq
 .text.RCCEx_PLL2_Config
                0x080071d8      0x130 cmake/stm32cubemx/CMakeFiles/STM32_Drivers.dir/__/__/Drivers/STM32H5xx_HAL_Driver/Src/stm32h5xx_hal_rcc_ex.c.obj
 .text.RCCEx_PLL3_Config
                0x08007308      0x130 cmake/stm32cubemx/CMakeFiles/STM32_Drivers.dir/__/__/Drivers/STM32H5xx_HAL_Driver/Src/stm32h5xx_hal_rcc_ex.c.obj
 .text.HAL_GPIO_Init
                0x08007438      0x2bc cmake/stm32cubemx/CMakeFiles/STM32_Drivers.dir/__/__/Drivers/STM32H5xx_HAL_Driver/Src/stm32h5xx_hal_gpio.c.obj
                0x08007438                HAL_GPIO_Init
 .text.HAL_GPIO_ReadPin
                0x080076f4       0x30 cmake/stm32cubemx/CMakeFiles/STM32_Drivers.dir/__/__/Drivers/STM32H5xx_HAL_Driver/Src/stm32h5xx_hal_gpio.c.obj
                0x080076f4                HAL_GPIO_ReadPin
 .text.HAL_GPIO_WritePin
                0x08007724       0x30 cmake/stm32cubemx/CMakeFiles/STM32_Drivers.dir/__/__/Drivers/STM32H5xx_HAL_Driver/Src/stm32h5xx_hal_gpio.c.obj
                0x08007724                HAL_GPIO_WritePin
 .text.HAL_PWREx_EnableVddUSB
                0x08007754       0x20 cmake/stm32cubemx/CMakeFiles/STM32_Drivers.dir/__/__/Drivers/STM32H5xx_HAL_Driver/Src/stm32h5xx_hal_pwr_ex.c.obj
                0x08007754                HAL_PWREx_EnableVddUSB
 .text.HAL_Init
                0x08007774       0x50 cmake/stm32cubemx/CMakeFiles/STM32_Drivers.dir/__/__/Drivers/STM32H5xx_HAL_Driver/Src/stm32h5xx_hal.c.obj
                0x08007774                HAL_Init
 .text.HAL_InitTick
                0x080077c4       0xec cmake/stm32cubemx/CMakeFiles/STM32_Drivers.dir/__/__/Drivers/STM32H5xx_HAL_Driver/Src/stm32h5xx_hal.c.obj
                0x080077c4                HAL_InitTick
 .text.HAL_IncTick
                0x080078b0       0x28 cmake/stm32cubemx/CMakeFiles/STM32_Drivers.dir/__/__/Drivers/STM32H5xx_HAL_Driver/Src/stm32h5xx_hal.c.obj
                0x080078b0                HAL_IncTick
 .text.HAL_GetTick
                0x080078d8       0x18 cmake/stm32cubemx/CMakeFiles/STM32_Drivers.dir/__/__/Drivers/STM32H5xx_HAL_Driver/Src/stm32h5xx_hal.c.obj
                0x080078d8                HAL_GetTick
 .text.HAL_Delay
                0x080078f0       0x48 cmake/stm32cubemx/CMakeFiles/STM32_Drivers.dir/__/__/Drivers/STM32H5xx_HAL_Driver/Src/stm32h5xx_hal.c.obj
                0x080078f0                HAL_Delay
 .text.HAL_ICACHE_ConfigAssociativityMode
                0x08007938       0x40 cmake/stm32cubemx/CMakeFiles/STM32_Drivers.dir/__/__/Drivers/STM32H5xx_HAL_Driver/Src/stm32h5xx_hal_icache.c.obj
                0x08007938                HAL_ICACHE_ConfigAssociativityMode
 .text.HAL_ICACHE_Enable
                0x08007978       0x20 cmake/stm32cubemx/CMakeFiles/STM32_Drivers.dir/__/__/Drivers/STM32H5xx_HAL_Driver/Src/stm32h5xx_hal_icache.c.obj
                0x08007978                HAL_ICACHE_Enable
 .text.HAL_SPI_Init
                0x08007998      0x2e0 cmake/stm32cubemx/CMakeFiles/STM32_Drivers.dir/__/__/Drivers/STM32H5xx_HAL_Driver/Src/stm32h5xx_hal_spi.c.obj
                0x08007998                HAL_SPI_Init
 .text.HAL_SPI_Transmit
                0x08007c78      0x470 cmake/stm32cubemx/CMakeFiles/STM32_Drivers.dir/__/__/Drivers/STM32H5xx_HAL_Driver/Src/stm32h5xx_hal_spi.c.obj
                0x08007c78                HAL_SPI_Transmit
 .text.HAL_SPI_Receive
                0x080080e8      0x57c cmake/stm32cubemx/CMakeFiles/STM32_Drivers.dir/__/__/Drivers/STM32H5xx_HAL_Driver/Src/stm32h5xx_hal_spi.c.obj
                0x080080e8                HAL_SPI_Receive
 .text.SPI_CloseTransfer
                0x08008664      0x140 cmake/stm32cubemx/CMakeFiles/STM32_Drivers.dir/__/__/Drivers/STM32H5xx_HAL_Driver/Src/stm32h5xx_hal_spi.c.obj
 .text.SPI_WaitOnFlagUntilTimeout
                0x080087a4       0x5c cmake/stm32cubemx/CMakeFiles/STM32_Drivers.dir/__/__/Drivers/STM32H5xx_HAL_Driver/Src/stm32h5xx_hal_spi.c.obj
 .text.SPI_GetPacketSize
                0x08008800       0x36 cmake/stm32cubemx/CMakeFiles/STM32_Drivers.dir/__/__/Drivers/STM32H5xx_HAL_Driver/Src/stm32h5xx_hal_spi.c.obj
 .text.HAL_UART_Init
                0x08008836       0xa0 cmake/stm32cubemx/CMakeFiles/STM32_Drivers.dir/__/__/Drivers/STM32H5xx_HAL_Driver/Src/stm32h5xx_hal_uart.c.obj
                0x08008836                HAL_UART_Init
 .text.HAL_UART_Transmit
                0x080088d6      0x150 cmake/stm32cubemx/CMakeFiles/STM32_Drivers.dir/__/__/Drivers/STM32H5xx_HAL_Driver/Src/stm32h5xx_hal_uart.c.obj
                0x080088d6                HAL_UART_Transmit
 *fill*         0x08008a26        0x2 
 .text.UART_SetConfig
                0x08008a28      0x3dc cmake/stm32cubemx/CMakeFiles/STM32_Drivers.dir/__/__/Drivers/STM32H5xx_HAL_Driver/Src/stm32h5xx_hal_uart.c.obj
                0x08008a28                UART_SetConfig
 .text.UART_AdvFeatureConfig
                0x08008e04      0x144 cmake/stm32cubemx/CMakeFiles/STM32_Drivers.dir/__/__/Drivers/STM32H5xx_HAL_Driver/Src/stm32h5xx_hal_uart.c.obj
                0x08008e04                UART_AdvFeatureConfig
 .text.UART_CheckIdleState
                0x08008f48      0x154 cmake/stm32cubemx/CMakeFiles/STM32_Drivers.dir/__/__/Drivers/STM32H5xx_HAL_Driver/Src/stm32h5xx_hal_uart.c.obj
                0x08008f48                UART_CheckIdleState
 .text.UART_WaitOnFlagUntilTimeout
                0x0800909c       0xda cmake/stm32cubemx/CMakeFiles/STM32_Drivers.dir/__/__/Drivers/STM32H5xx_HAL_Driver/Src/stm32h5xx_hal_uart.c.obj
                0x0800909c                UART_WaitOnFlagUntilTimeout
 .text.UART_EndRxTransfer
                0x08009176       0xcc cmake/stm32cubemx/CMakeFiles/STM32_Drivers.dir/__/__/Drivers/STM32H5xx_HAL_Driver/Src/stm32h5xx_hal_uart.c.obj
 .text.HAL_UARTEx_DisableFifoMode
                0x08009242       0x72 cmake/stm32cubemx/CMakeFiles/STM32_Drivers.dir/__/__/Drivers/STM32H5xx_HAL_Driver/Src/stm32h5xx_hal_uart_ex.c.obj
                0x08009242                HAL_UARTEx_DisableFifoMode
 .text.HAL_UARTEx_SetTxFifoThreshold
                0x080092b4       0x7c cmake/stm32cubemx/CMakeFiles/STM32_Drivers.dir/__/__/Drivers/STM32H5xx_HAL_Driver/Src/stm32h5xx_hal_uart_ex.c.obj
                0x080092b4                HAL_UARTEx_SetTxFifoThreshold
 .text.HAL_UARTEx_SetRxFifoThreshold
                0x08009330       0x7c cmake/stm32cubemx/CMakeFiles/STM32_Drivers.dir/__/__/Drivers/STM32H5xx_HAL_Driver/Src/stm32h5xx_hal_uart_ex.c.obj
                0x08009330                HAL_UARTEx_SetRxFifoThreshold
 .text.UARTEx_SetNbDataToProcess
                0x080093ac       0x9c cmake/stm32cubemx/CMakeFiles/STM32_Drivers.dir/__/__/Drivers/STM32H5xx_HAL_Driver/Src/stm32h5xx_hal_uart_ex.c.obj
 .text.PCD_GET_EP_RX_CNT
                0x08009448       0x42 cmake/stm32cubemx/CMakeFiles/STM32_Drivers.dir/__/__/Drivers/STM32H5xx_HAL_Driver/Src/stm32h5xx_hal_pcd.c.obj
 .text.PCD_GET_EP_DBUF0_CNT
                0x0800948a       0x42 cmake/stm32cubemx/CMakeFiles/STM32_Drivers.dir/__/__/Drivers/STM32H5xx_HAL_Driver/Src/stm32h5xx_hal_pcd.c.obj
 .text.PCD_GET_EP_DBUF1_CNT
                0x080094cc       0x42 cmake/stm32cubemx/CMakeFiles/STM32_Drivers.dir/__/__/Drivers/STM32H5xx_HAL_Driver/Src/stm32h5xx_hal_pcd.c.obj
 .text.HAL_PCD_Init
                0x0800950e      0x202 cmake/stm32cubemx/CMakeFiles/STM32_Drivers.dir/__/__/Drivers/STM32H5xx_HAL_Driver/Src/stm32h5xx_hal_pcd.c.obj
                0x0800950e                HAL_PCD_Init
 .text.HAL_PCD_IRQHandler
                0x08009710      0x1ea cmake/stm32cubemx/CMakeFiles/STM32_Drivers.dir/__/__/Drivers/STM32H5xx_HAL_Driver/Src/stm32h5xx_hal_pcd.c.obj
                0x08009710                HAL_PCD_IRQHandler
 .text.HAL_PCD_DataOutStageCallback
                0x080098fa       0x18 cmake/stm32cubemx/CMakeFiles/STM32_Drivers.dir/__/__/Drivers/STM32H5xx_HAL_Driver/Src/stm32h5xx_hal_pcd.c.obj
                0x080098fa                HAL_PCD_DataOutStageCallback
 .text.HAL_PCD_DataInStageCallback
                0x08009912       0x18 cmake/stm32cubemx/CMakeFiles/STM32_Drivers.dir/__/__/Drivers/STM32H5xx_HAL_Driver/Src/stm32h5xx_hal_pcd.c.obj
                0x08009912                HAL_PCD_DataInStageCallback
 .text.HAL_PCD_SetupStageCallback
                0x0800992a       0x14 cmake/stm32cubemx/CMakeFiles/STM32_Drivers.dir/__/__/Drivers/STM32H5xx_HAL_Driver/Src/stm32h5xx_hal_pcd.c.obj
                0x0800992a                HAL_PCD_SetupStageCallback
 .text.HAL_PCD_SOFCallback
                0x0800993e       0x14 cmake/stm32cubemx/CMakeFiles/STM32_Drivers.dir/__/__/Drivers/STM32H5xx_HAL_Driver/Src/stm32h5xx_hal_pcd.c.obj
                0x0800993e                HAL_PCD_SOFCallback
 .text.HAL_PCD_ResetCallback
                0x08009952       0x14 cmake/stm32cubemx/CMakeFiles/STM32_Drivers.dir/__/__/Drivers/STM32H5xx_HAL_Driver/Src/stm32h5xx_hal_pcd.c.obj
                0x08009952                HAL_PCD_ResetCallback
 .text.HAL_PCD_SuspendCallback
                0x08009966       0x14 cmake/stm32cubemx/CMakeFiles/STM32_Drivers.dir/__/__/Drivers/STM32H5xx_HAL_Driver/Src/stm32h5xx_hal_pcd.c.obj
                0x08009966                HAL_PCD_SuspendCallback
 .text.HAL_PCD_ResumeCallback
                0x0800997a       0x14 cmake/stm32cubemx/CMakeFiles/STM32_Drivers.dir/__/__/Drivers/STM32H5xx_HAL_Driver/Src/stm32h5xx_hal_pcd.c.obj
                0x0800997a                HAL_PCD_ResumeCallback
 .text.HAL_PCD_SetAddress
                0x0800998e       0x48 cmake/stm32cubemx/CMakeFiles/STM32_Drivers.dir/__/__/Drivers/STM32H5xx_HAL_Driver/Src/stm32h5xx_hal_pcd.c.obj
                0x0800998e                HAL_PCD_SetAddress
 *fill*         0x080099d6        0x2 
 .text.PCD_EP_ISR_Handler
                0x080099d8      0x654 cmake/stm32cubemx/CMakeFiles/STM32_Drivers.dir/__/__/Drivers/STM32H5xx_HAL_Driver/Src/stm32h5xx_hal_pcd.c.obj
 .text.HAL_PCD_EP_DB_Receive
                0x0800a02c      0x1b4 cmake/stm32cubemx/CMakeFiles/STM32_Drivers.dir/__/__/Drivers/STM32H5xx_HAL_Driver/Src/stm32h5xx_hal_pcd.c.obj
 .text.HAL_PCD_EP_DB_Transmit
                0x0800a1e0      0x84c cmake/stm32cubemx/CMakeFiles/STM32_Drivers.dir/__/__/Drivers/STM32H5xx_HAL_Driver/Src/stm32h5xx_hal_pcd.c.obj
 .text.HAL_PCDEx_ActivateLPM
                0x0800aa2c       0x44 cmake/stm32cubemx/CMakeFiles/STM32_Drivers.dir/__/__/Drivers/STM32H5xx_HAL_Driver/Src/stm32h5xx_hal_pcd_ex.c.obj
                0x0800aa2c                HAL_PCDEx_ActivateLPM
 .text.HAL_PCDEx_LPM_Callback
                0x0800aa70       0x18 cmake/stm32cubemx/CMakeFiles/STM32_Drivers.dir/__/__/Drivers/STM32H5xx_HAL_Driver/Src/stm32h5xx_hal_pcd_ex.c.obj
                0x0800aa70                HAL_PCDEx_LPM_Callback
 .text.USB_CoreReset
                0x0800aa88       0x2e cmake/stm32cubemx/CMakeFiles/STM32_Drivers.dir/__/__/Drivers/STM32H5xx_HAL_Driver/Src/stm32h5xx_ll_usb.c.obj
 .text.USB_CoreInit
                0x0800aab6       0x3c cmake/stm32cubemx/CMakeFiles/STM32_Drivers.dir/__/__/Drivers/STM32H5xx_HAL_Driver/Src/stm32h5xx_ll_usb.c.obj
                0x0800aab6                USB_CoreInit
 .text.USB_DisableGlobalInt
                0x0800aaf2       0x2a cmake/stm32cubemx/CMakeFiles/STM32_Drivers.dir/__/__/Drivers/STM32H5xx_HAL_Driver/Src/stm32h5xx_ll_usb.c.obj
                0x0800aaf2                USB_DisableGlobalInt
 .text.USB_SetCurrentMode
                0x0800ab1c       0x46 cmake/stm32cubemx/CMakeFiles/STM32_Drivers.dir/__/__/Drivers/STM32H5xx_HAL_Driver/Src/stm32h5xx_ll_usb.c.obj
                0x0800ab1c                USB_SetCurrentMode
 .text.USB_DevInit
                0x0800ab62       0x46 cmake/stm32cubemx/CMakeFiles/STM32_Drivers.dir/__/__/Drivers/STM32H5xx_HAL_Driver/Src/stm32h5xx_ll_usb.c.obj
                0x0800ab62                USB_DevInit
 .text.USB_EPStartXfer
                0x0800aba8      0xb54 cmake/stm32cubemx/CMakeFiles/STM32_Drivers.dir/__/__/Drivers/STM32H5xx_HAL_Driver/Src/stm32h5xx_ll_usb.c.obj
                0x0800aba8                USB_EPStartXfer
 .text.USB_SetDevAddress
                0x0800b6fc       0x26 cmake/stm32cubemx/CMakeFiles/STM32_Drivers.dir/__/__/Drivers/STM32H5xx_HAL_Driver/Src/stm32h5xx_ll_usb.c.obj
                0x0800b6fc                USB_SetDevAddress
 .text.USB_DevDisconnect
                0x0800b722       0x22 cmake/stm32cubemx/CMakeFiles/STM32_Drivers.dir/__/__/Drivers/STM32H5xx_HAL_Driver/Src/stm32h5xx_ll_usb.c.obj
                0x0800b722                USB_DevDisconnect
 .text.USB_ReadInterrupts
                0x0800b744       0x1c cmake/stm32cubemx/CMakeFiles/STM32_Drivers.dir/__/__/Drivers/STM32H5xx_HAL_Driver/Src/stm32h5xx_ll_usb.c.obj
                0x0800b744                USB_ReadInterrupts
 .text.USB_WritePMA
                0x0800b760       0xc2 cmake/stm32cubemx/CMakeFiles/STM32_Drivers.dir/__/__/Drivers/STM32H5xx_HAL_Driver/Src/stm32h5xx_ll_usb.c.obj
                0x0800b760                USB_WritePMA
 .text.USB_ReadPMA
                0x0800b822       0xbc cmake/stm32cubemx/CMakeFiles/STM32_Drivers.dir/__/__/Drivers/STM32H5xx_HAL_Driver/Src/stm32h5xx_ll_usb.c.obj
                0x0800b822                USB_ReadPMA
 .text.GroundStation_Task
                0x0800b8de       0x1c CMakeFiles/Code.dir/Core/Src/main.c.obj
 *fill*         0x0800b8fa        0x2 
 .text.main     0x0800b8fc       0x64 CMakeFiles/Code.dir/Core/Src/main.c.obj
                0x0800b8fc                main
 .text.SystemClock_Config
                0x0800b960       0xe0 CMakeFiles/Code.dir/Core/Src/main.c.obj
                0x0800b960                SystemClock_Config
 .text.MX_FDCAN1_Init
                0x0800ba40       0x8c CMakeFiles/Code.dir/Core/Src/main.c.obj
 .text.MX_ICACHE_Init
                0x0800bacc       0x26 CMakeFiles/Code.dir/Core/Src/main.c.obj
 *fill*         0x0800baf2        0x2 
 .text.MX_SPI1_Init
                0x0800baf4       0xa8 CMakeFiles/Code.dir/Core/Src/main.c.obj
 .text.MX_UART4_Init
                0x0800bb9c       0x98 CMakeFiles/Code.dir/Core/Src/main.c.obj
 .text.MX_USB_PCD_Init
                0x0800bc34       0x64 CMakeFiles/Code.dir/Core/Src/main.c.obj
 .text.MX_GPIO_Init
                0x0800bc98      0x160 CMakeFiles/Code.dir/Core/Src/main.c.obj
 .text.MPU_Config
                0x0800bdf8       0x6c CMakeFiles/Code.dir/Core/Src/main.c.obj
 .text.Error_Handler
                0x0800be64        0xc CMakeFiles/Code.dir/Core/Src/main.c.obj
                0x0800be64                Error_Handler
 .text.NMI_Handler
                0x0800be70        0x8 CMakeFiles/Code.dir/Core/Src/stm32h5xx_it.c.obj
                0x0800be70                NMI_Handler
 .text.HardFault_Handler
                0x0800be78        0x8 CMakeFiles/Code.dir/Core/Src/stm32h5xx_it.c.obj
                0x0800be78                HardFault_Handler
 .text.MemManage_Handler
                0x0800be80        0x8 CMakeFiles/Code.dir/Core/Src/stm32h5xx_it.c.obj
                0x0800be80                MemManage_Handler
 .text.BusFault_Handler
                0x0800be88        0x8 CMakeFiles/Code.dir/Core/Src/stm32h5xx_it.c.obj
                0x0800be88                BusFault_Handler
 .text.UsageFault_Handler
                0x0800be90        0x8 CMakeFiles/Code.dir/Core/Src/stm32h5xx_it.c.obj
                0x0800be90                UsageFault_Handler
 .text.SVC_Handler
                0x0800be98        0xe CMakeFiles/Code.dir/Core/Src/stm32h5xx_it.c.obj
                0x0800be98                SVC_Handler
 .text.DebugMon_Handler
                0x0800bea6        0xe CMakeFiles/Code.dir/Core/Src/stm32h5xx_it.c.obj
                0x0800bea6                DebugMon_Handler
 .text.PendSV_Handler
                0x0800beb4        0xe CMakeFiles/Code.dir/Core/Src/stm32h5xx_it.c.obj
                0x0800beb4                PendSV_Handler
 .text.SysTick_Handler
                0x0800bec2        0xc CMakeFiles/Code.dir/Core/Src/stm32h5xx_it.c.obj
                0x0800bec2                SysTick_Handler
 *fill*         0x0800bece        0x2 
 .text.FDCAN1_IT0_IRQHandler
                0x0800bed0       0x14 CMakeFiles/Code.dir/Core/Src/stm32h5xx_it.c.obj
                0x0800bed0                FDCAN1_IT0_IRQHandler
 .text.FDCAN1_IT1_IRQHandler
                0x0800bee4       0x14 CMakeFiles/Code.dir/Core/Src/stm32h5xx_it.c.obj
                0x0800bee4                FDCAN1_IT1_IRQHandler
 .text.USB_DRD_FS_IRQHandler
                0x0800bef8       0x14 CMakeFiles/Code.dir/Core/Src/stm32h5xx_it.c.obj
                0x0800bef8                USB_DRD_FS_IRQHandler
 .text.HAL_MspInit
                0x0800bf0c        0xe CMakeFiles/Code.dir/Core/Src/stm32h5xx_hal_msp.c.obj
                0x0800bf0c                HAL_MspInit
 *fill*         0x0800bf1a        0x2 
 .text.HAL_FDCAN_MspInit
                0x0800bf1c      0x13c CMakeFiles/Code.dir/Core/Src/stm32h5xx_hal_msp.c.obj
                0x0800bf1c                HAL_FDCAN_MspInit
 .text.HAL_SPI_MspInit
                0x0800c058      0x11c CMakeFiles/Code.dir/Core/Src/stm32h5xx_hal_msp.c.obj
                0x0800c058                HAL_SPI_MspInit
 .text.HAL_UART_MspInit
                0x0800c174      0x118 CMakeFiles/Code.dir/Core/Src/stm32h5xx_hal_msp.c.obj
                0x0800c174                HAL_UART_MspInit
 .text.HAL_PCD_MspInit
                0x0800c28c      0x13c CMakeFiles/Code.dir/Core/Src/stm32h5xx_hal_msp.c.obj
                0x0800c28c                HAL_PCD_MspInit
 .text._sbrk    0x0800c3c8       0x6c CMakeFiles/Code.dir/Core/Src/sysmem.c.obj
                0x0800c3c8                _sbrk
 .text.Reset_Handler
                0x0800c434       0x5c CMakeFiles/Code.dir/startup_stm32h562xx.s.obj
                0x0800c434                Reset_Handler
 .text.Default_Handler
                0x0800c490        0x2 CMakeFiles/Code.dir/startup_stm32h562xx.s.obj
                0x0800c490                EXTI2_IRQHandler
                0x0800c490                TIM8_TRG_COM_IRQHandler
                0x0800c490                TIM8_CC_IRQHandler
                0x0800c490                EXTI5_IRQHandler
                0x0800c490                I3C1_ER_IRQHandler
                0x0800c490                UART8_IRQHandler
                0x0800c490                SPI4_IRQHandler
                0x0800c490                GPDMA2_Channel1_IRQHandler
                0x0800c490                FLASH_S_IRQHandler
                0x0800c490                EXTI13_IRQHandler
                0x0800c490                TIM1_CC_IRQHandler
                0x0800c490                GPDMA2_Channel3_IRQHandler
                0x0800c490                TAMP_IRQHandler
                0x0800c490                TIM6_IRQHandler
                0x0800c490                EXTI12_IRQHandler
                0x0800c490                CORDIC_IRQHandler
                0x0800c490                EXTI3_IRQHandler
                0x0800c490                LPTIM4_IRQHandler
                0x0800c490                GPDMA1_Channel5_IRQHandler
                0x0800c490                EXTI8_IRQHandler
                0x0800c490                GPDMA2_Channel5_IRQHandler
                0x0800c490                LPTIM2_IRQHandler
                0x0800c490                I2C3_ER_IRQHandler
                0x0800c490                GPDMA2_Channel2_IRQHandler
                0x0800c490                USART10_IRQHandler
                0x0800c490                LPTIM3_IRQHandler
                0x0800c490                EXTI0_IRQHandler
                0x0800c490                I2C2_EV_IRQHandler
                0x0800c490                FPU_IRQHandler
                0x0800c490                GPDMA1_Channel3_IRQHandler
                0x0800c490                GPDMA1_Channel7_IRQHandler
                0x0800c490                RAMCFG_IRQHandler
                0x0800c490                DCACHE1_IRQHandler
                0x0800c490                SPI1_IRQHandler
                0x0800c490                OCTOSPI1_IRQHandler
                0x0800c490                GPDMA1_Channel2_IRQHandler
                0x0800c490                TIM8_UP_IRQHandler
                0x0800c490                RCC_S_IRQHandler
                0x0800c490                SAI2_IRQHandler
                0x0800c490                ADC1_IRQHandler
                0x0800c490                USART6_IRQHandler
                0x0800c490                EXTI15_IRQHandler
                0x0800c490                TIM17_IRQHandler
                0x0800c490                USART3_IRQHandler
                0x0800c490                RTC_IRQHandler
                0x0800c490                EXTI9_IRQHandler
                0x0800c490                LPTIM5_IRQHandler
                0x0800c490                UART5_IRQHandler
                0x0800c490                TIM4_IRQHandler
                0x0800c490                I2C1_EV_IRQHandler
                0x0800c490                GPDMA1_Channel1_IRQHandler
                0x0800c490                TIM16_IRQHandler
                0x0800c490                UART4_IRQHandler
                0x0800c490                SecureFault_Handler
                0x0800c490                TIM3_IRQHandler
                0x0800c490                RCC_IRQHandler
                0x0800c490                UART9_IRQHandler
                0x0800c490                TIM1_TRG_COM_IRQHandler
                0x0800c490                Default_Handler
                0x0800c490                FMAC_IRQHandler
                0x0800c490                CEC_IRQHandler
                0x0800c490                USART11_IRQHandler
                0x0800c490                TIM14_IRQHandler
                0x0800c490                TIM13_IRQHandler
                0x0800c490                GPDMA2_Channel4_IRQHandler
                0x0800c490                SPI5_IRQHandler
                0x0800c490                TIM12_IRQHandler
                0x0800c490                TIM7_IRQHandler
                0x0800c490                SDMMC1_IRQHandler
                0x0800c490                TIM5_IRQHandler
                0x0800c490                UCPD1_IRQHandler
                0x0800c490                GPDMA1_Channel0_IRQHandler
                0x0800c490                I3C1_EV_IRQHandler
                0x0800c490                TIM15_IRQHandler
                0x0800c490                PVD_AVD_IRQHandler
                0x0800c490                I2C3_EV_IRQHandler
                0x0800c490                ADC2_IRQHandler
                0x0800c490                SPI2_IRQHandler
                0x0800c490                EXTI14_IRQHandler
                0x0800c490                EXTI11_IRQHandler
                0x0800c490                CRS_IRQHandler
                0x0800c490                EXTI4_IRQHandler
                0x0800c490                GPDMA2_Channel0_IRQHandler
                0x0800c490                RTC_S_IRQHandler
                0x0800c490                RNG_IRQHandler
                0x0800c490                GPDMA2_Channel6_IRQHandler
                0x0800c490                TIM1_UP_IRQHandler
                0x0800c490                UART12_IRQHandler
                0x0800c490                WWDG_IRQHandler
                0x0800c490                SPI6_IRQHandler
                0x0800c490                I2C4_EV_IRQHandler
                0x0800c490                IWDG_IRQHandler
                0x0800c490                LPUART1_IRQHandler
                0x0800c490                TIM2_IRQHandler
                0x0800c490                GPDMA1_Channel4_IRQHandler
                0x0800c490                EXTI7_IRQHandler
                0x0800c490                TIM1_BRK_IRQHandler
                0x0800c490                EXTI1_IRQHandler
                0x0800c490                LPTIM6_IRQHandler
                0x0800c490                DAC1_IRQHandler
                0x0800c490                DTS_IRQHandler
                0x0800c490                UART7_IRQHandler
                0x0800c490                GTZC_IRQHandler
                0x0800c490                USART2_IRQHandler
                0x0800c490                GPDMA1_Channel6_IRQHandler
                0x0800c490                GPDMA2_Channel7_IRQHandler
                0x0800c490                I2C2_ER_IRQHandler
                0x0800c490                TIM8_BRK_IRQHandler
                0x0800c490                FLASH_IRQHandler
                0x0800c490                USART1_IRQHandler
                0x0800c490                EXTI10_IRQHandler
                0x0800c490                SPI3_IRQHandler
                0x0800c490                I2C1_ER_IRQHandler
                0x0800c490                FMC_IRQHandler
                0x0800c490                EXTI6_IRQHandler
                0x0800c490                LPTIM1_IRQHandler
                0x0800c490                DCMI_PSSI_IRQHandler
                0x0800c490                I2C4_ER_IRQHandler
                0x0800c490                ICACHE_IRQHandler
                0x0800c490                SAI1_IRQHandler
                0x0800c490                HASH_IRQHandler
 *fill*         0x0800c492        0x2 
 .text.Scheduler_Init
                0x0800c494       0x18 CMakeFiles/Code.dir/Core/Src/scheduler.c.obj
                0x0800c494                Scheduler_Init
 .text.Scheduler_AddTask
                0x0800c4ac       0x84 CMakeFiles/Code.dir/Core/Src/scheduler.c.obj
                0x0800c4ac                Scheduler_AddTask
 .text.Scheduler_Run
                0x0800c530       0x88 CMakeFiles/Code.dir/Core/Src/scheduler.c.obj
                0x0800c530                Scheduler_Run
 .text.Radio_NssLow
                0x0800c5b8       0x18 CMakeFiles/Code.dir/Core/Src/radio.c.obj
 .text.Radio_NssHigh
                0x0800c5d0       0x18 CMakeFiles/Code.dir/Core/Src/radio.c.obj
 .text.Radio_WaitOnBusy
                0x0800c5e8       0x40 CMakeFiles/Code.dir/Core/Src/radio.c.obj
 .text.Radio_WriteCommand
                0x0800c628       0x50 CMakeFiles/Code.dir/Core/Src/radio.c.obj
 .text.Radio_ReadCommand
                0x0800c678       0x58 CMakeFiles/Code.dir/Core/Src/radio.c.obj
 .text.Radio_ReadBuffer
                0x0800c6d0       0x60 CMakeFiles/Code.dir/Core/Src/radio.c.obj
 .text.Radio_SetAntennaSwitch
                0x0800c730       0x24 CMakeFiles/Code.dir/Core/Src/radio.c.obj
 .text.Radio_Reset
                0x0800c754       0x30 CMakeFiles/Code.dir/Core/Src/radio.c.obj
 .text.Radio_SetStandby
                0x0800c784       0x24 CMakeFiles/Code.dir/Core/Src/radio.c.obj
 .text.Radio_SetRegulatorMode
                0x0800c7a8       0x24 CMakeFiles/Code.dir/Core/Src/radio.c.obj
 .text.Radio_Calibrate
                0x0800c7cc       0x24 CMakeFiles/Code.dir/Core/Src/radio.c.obj
 .text.Radio_SetPacketTypeLora
                0x0800c7f0       0x1e CMakeFiles/Code.dir/Core/Src/radio.c.obj
 .text.Radio_SetBufferBaseAddress
                0x0800c80e       0x2e CMakeFiles/Code.dir/Core/Src/radio.c.obj
 .text.Radio_SetModulationParams
                0x0800c83c       0x24 CMakeFiles/Code.dir/Core/Src/radio.c.obj
 .text.Radio_SetPacketParams
                0x0800c860       0x38 CMakeFiles/Code.dir/Core/Src/radio.c.obj
 .text.Radio_SetDioIrqParams
                0x0800c898       0x56 CMakeFiles/Code.dir/Core/Src/radio.c.obj
 .text.Radio_ClearIrqStatus
                0x0800c8ee       0x30 CMakeFiles/Code.dir/Core/Src/radio.c.obj
 .text.Radio_GetIrqStatus
                0x0800c91e       0x2c CMakeFiles/Code.dir/Core/Src/radio.c.obj
 .text.Radio_GetRxBufferStatus
                0x0800c94a       0x2c CMakeFiles/Code.dir/Core/Src/radio.c.obj
 .text.Radio_GetPacketStatus
                0x0800c976       0x42 CMakeFiles/Code.dir/Core/Src/radio.c.obj
 .text.Radio_FormatHex
                0x0800c9b8       0x94 CMakeFiles/Code.dir/Core/Src/radio.c.obj
 .text.Radio_SetFrequency
                0x0800ca4c       0x64 CMakeFiles/Code.dir/Core/Src/radio.c.obj
                0x0800ca4c                Radio_SetFrequency
 .text.Radio_SetTxPower
                0x0800cab0       0x40 CMakeFiles/Code.dir/Core/Src/radio.c.obj
                0x0800cab0                Radio_SetTxPower
 .text.Radio_Init
                0x0800caf0       0x6c CMakeFiles/Code.dir/Core/Src/radio.c.obj
                0x0800caf0                Radio_Init
 .text.Radio_StartReceive
                0x0800cb5c       0x4c CMakeFiles/Code.dir/Core/Src/radio.c.obj
                0x0800cb5c                Radio_StartReceive
 .text.Radio_IsBusy
                0x0800cba8       0x20 CMakeFiles/Code.dir/Core/Src/radio.c.obj
                0x0800cba8                Radio_IsBusy
 .text.Radio_Task
                0x0800cbc8      0x180 CMakeFiles/Code.dir/Core/Src/radio.c.obj
                0x0800cbc8                Radio_Task
 .text.CanBus_DlcToLen
                0x0800cd48       0x64 CMakeFiles/Code.dir/Core/Src/can_bus.c.obj
 .text.CanBus_Enqueue
                0x0800cdac       0x64 CMakeFiles/Code.dir/Core/Src/can_bus.c.obj
 .text.CanBus_SetStandby
                0x0800ce10       0x24 CMakeFiles/Code.dir/Core/Src/can_bus.c.obj
                0x0800ce10                CanBus_SetStandby
 .text.CanBus_Init
                0x0800ce34       0x4c CMakeFiles/Code.dir/Core/Src/can_bus.c.obj
                0x0800ce34                CanBus_Init
 .text.CanBus_Task
                0x0800ce80       0x78 CMakeFiles/Code.dir/Core/Src/can_bus.c.obj
                0x0800ce80                CanBus_Task
 .text.Log_Printf
                0x0800cef8       0x5c CMakeFiles/Code.dir/Core/Src/log.c.obj
                0x0800cef8                Log_Printf
 .text.snprintf
                0x0800cf54       0x6c C:/Users/jto92/AppData/Local/stm32cube/bundles/gnu-tools-for-stm32/14.3.1+st.2/bin/../lib/gcc/arm-none-eabi/14.3.1/../../../../arm-none-eabi/lib/thumb/v8-m.main+fp/hard\libg_nano.a(libc_a-snprintf.o)
                0x0800cf54                sniprintf
                0x0800cf54                snprintf
 .text._vsnprintf_r
                0x0800cfc0       0x5c C:/Users/jto92/AppData/Local/stm32cube/bundles/gnu-tools-for-stm32/14.3.1+st.2/bin/../lib/gcc/arm-none-eabi/14.3.1/../../../../arm-none-eabi/lib/thumb/v8-m.main+fp/hard\libg_nano.a(libc_a-vsnprintf.o)
                0x0800cfc0                _vsniprintf_r
                0x0800cfc0                _vsnprintf_r
 .text.vsnprintf
                0x0800d01c       0x1c C:/Users/jto92/AppData/Local/stm32cube/bundles/gnu-tools-for-stm32/14.3.1+st.2/bin/../lib/gcc/arm-none-eabi/14.3.1/../../../../arm-none-eabi/lib/thumb/v8-m.main+fp/hard\libg_nano.a(libc_a-vsnprintf.o)
                0x0800d01c                vsniprintf
                0x0800d01c                vsnprintf
 .text.memset   0x0800d038       0x10 C:/Users/jto92/AppData/Local/stm32cube/bundles/gnu-tools-for-stm32/14.3.1+st.2/bin/../lib/gcc/arm-none-eabi/14.3.1/../../../../arm-none-eabi/lib/thumb/v8-m.main+fp/hard\libg_nano.a(libc_a-memset.o)
                0x0800d038                memset
 .text.__errno  0x0800d048        0xc C:/Users/jto92/AppData/Local/stm32cube/bundles/gnu-tools-for-stm32/14.3.1+st.2/bin/../lib/gcc/arm-none-eabi/14.3.1/../../../../arm-none-eabi/lib/thumb/v8-m.main+fp/hard\libg_nano.a(libc_a-errno.o)
                0x0800d048                __errno
 .text.__libc_init_array
                0x0800d054       0x48 C:/Users/jto92/AppData/Local/stm32cube/bundles/gnu-tools-for-stm32/14.3.1+st.2/bin/../lib/gcc/arm-none-eabi/14.3.1/../../../../arm-none-eabi/lib/thumb/v8-m.main+fp/hard\libg_nano.a(libc_a-init.o)
                0x0800d054                __libc_init_array
 .text.__retarget_lock_acquire_recursive
                0x0800d09c        0x2 C:/Users/jto92/AppData/Local/stm32cube/bundles/gnu-tools-for-stm32/14.3.1+st.2/bin/../lib/gcc/arm-none-eabi/14.3.1/../../../../arm-none-eabi/lib/thumb/v8-m.main+fp/hard\libg_nano.a(libc_a-lock.o)
                0x0800d09c                __retarget_lock_acquire_recursive
 .text.__retarget_lock_release_recursive
                0x0800d09e        0x2 C:/Users/jto92/AppData/Local/stm32cube/bundles/gnu-tools-for-stm32/14.3.1+st.2/bin/../lib/gcc/arm-none-eabi/14.3.1/../../../../arm-none-eabi/lib/thumb/v8-m.main+fp/hard\libg_nano.a(libc_a-lock.o)
                0x0800d09e                __retarget_lock_release_recursive
 .text.memcpy   0x0800d0a0       0x1a C:/Users/jto92/AppData/Local/stm32cube/bundles/gnu-tools-for-stm32/14.3.1+st.2/bin/../lib/gcc/arm-none-eabi/14.3.1/../../../../arm-none-eabi/lib/thumb/v8-m.main+fp/hard\libg_nano.a(libc_a-memcpy-stub.o)
                0x0800d0a0                memcpy
 *fill*         0x0800d0ba        0x2 
 .text._free_r  0x0800d0bc       0x94 C:/Users/jto92/AppData/Local/stm32cube/bundles/gnu-tools-for-stm32/14.3.1+st.2/bin/../lib/gcc/arm-none-eabi/14.3.1/../../../../arm-none-eabi/lib/thumb/v8-m.main+fp/hard\libg_nano.a(libc_a-freer.o)
                0x0800d0bc                _free_r
 .text.sbrk_aligned
                0x0800d150       0x44 C:/Users/jto92/AppData/Local/stm32cube/bundles/gnu-tools-for-stm32/14.3.1+st.2/bin/../lib/gcc/arm-none-eabi/14.3.1/../../../../arm-none-eabi/lib/thumb/v8-m.main+fp/hard\libg_nano.a(libc_a-mallocr.o)
 .text._malloc_r
                0x0800d194      0x100 C:/Users/jto92/AppData/Local/stm32cube/bundles/gnu-tools-for-stm32/14.3.1+st.2/bin/../lib/gcc/arm-none-eabi/14.3.1/../../../../arm-none-eabi/lib/thumb/v8-m.main+fp/hard\libg_nano.a(libc_a-mallocr.o)
                0x0800d194                _malloc_r
 .text.__malloc_lock
                0x0800d294        0xc C:/Users/jto92/AppData/Local/stm32cube/bundles/gnu-tools-for-stm32/14.3.1+st.2/bin/../lib/gcc/arm-none-eabi/14.3.1/../../../../arm-none-eabi/lib/thumb/v8-m.main+fp/hard\libg_nano.a(libc_a-mlock.o)
                0x0800d294                __malloc_lock
 .text.__malloc_unlock
                0x0800d2a0        0xc C:/Users/jto92/AppData/Local/stm32cube/bundles/gnu-tools-for-stm32/14.3.1+st.2/bin/../lib/gcc/arm-none-eabi/14.3.1/../../../../arm-none-eabi/lib/thumb/v8-m.main+fp/hard\libg_nano.a(libc_a-mlock.o)
                0x0800d2a0                __malloc_unlock
 .text.__ssputs_r
                0x0800d2ac       0xc0 C:/Users/jto92/AppData/Local/stm32cube/bundles/gnu-tools-for-stm32/14.3.1+st.2/bin/../lib/gcc/arm-none-eabi/14.3.1/../../../../arm-none-eabi/lib/thumb/v8-m.main+fp/hard\libg_nano.a(libc_a-nano-svfprintf.o)
                0x0800d2ac                __ssputs_r
 .text._svfprintf_r
                0x0800d36c      0x1f0 C:/Users/jto92/AppData/Local/stm32cube/bundles/gnu-tools-for-stm32/14.3.1+st.2/bin/../lib/gcc/arm-none-eabi/14.3.1/../../../../arm-none-eabi/lib/thumb/v8-m.main+fp/hard\libg_nano.a(libc_a-nano-svfprintf.o)
                0x0800d36c                _svfiprintf_r
                0x0800d36c                _svfprintf_r
 .text._printf_common
                0x0800d55c       0xe4 C:/Users/jto92/AppData/Local/stm32cube/bundles/gnu-tools-for-stm32/14.3.1+st.2/bin/../lib/gcc/arm-none-eabi/14.3.1/../../../../arm-none-eabi/lib/thumb/v8-m.main+fp/hard\libg_nano.a(libc_a-nano-vfprintf_i.o)
                0x0800d55c                _printf_common
 .text._printf_i
                0x0800d640      0x24c C:/Users/jto92/AppData/Local/stm32cube/bundles/gnu-tools-for-stm32/14.3.1+st.2/bin/../lib/gcc/arm-none-eabi/14.3.1/../../../../arm-none-eabi/lib/thumb/v8-m.main+fp/hard\libg_nano.a(libc_a-nano-vfprintf_i.o)
                0x0800d640                _printf_i
 .text.memmove  0x0800d88c       0x32 C:/Users/jto92/AppData/Local/stm32cube/bundles/gnu-tools-for-stm32/14.3.1+st.2/bin/../lib/gcc/arm-none-eabi/14.3.1/../../../../arm-none-eabi/lib/thumb/v8-m.main+fp/hard\libg_nano.a(libc_a-memmove.o)
                0x0800d88c                memmove
 *fill*         0x0800d8be        0x2 
 .text._sbrk_r  0x0800d8c0       0x20 C:/Users/jto92/AppData/Local/stm32cube/bundles/gnu-tools-for-stm32/14.3.1+st.2/bin/../lib/gcc/arm-none-eabi/14.3.1/../../../../arm-none-eabi/lib/thumb/v8-m.main+fp/hard\libg_nano.a(libc_a-sbrkr.o)
                0x0800d8c0                _sbrk_r
 .text.memchr   0x0800d8e0       0x1c C:/Users/jto92/AppData/Local/stm32cube/bundles/gnu-tools-for-stm32/14.3.1+st.2/bin/../lib/gcc/arm-none-eabi/14.3.1/../../../../arm-none-eabi/lib/thumb/v8-m.main+fp/hard\libg_nano.a(libc_a-memchr-stub.o)
                0x0800d8e0                memchr
 .text._realloc_r
                0x0800d8fc       0x5c C:/Users/jto92/AppData/Local/stm32cube/bundles/gnu-tools-for-stm32/14.3.1+st.2/bin/../lib/gcc/arm-none-eabi/14.3.1/../../../../arm-none-eabi/lib/thumb/v8-m.main+fp/hard\libg_nano.a(libc_a-reallocr.o)
                0x0800d8fc                _realloc_r
 .text._malloc_usable_size_r
                0x0800d958       0x10 C:/Users/jto92/AppData/Local/stm32cube/bundles/gnu-tools-for-stm32/14.3.1+st.2/bin/../lib/gcc/arm-none-eabi/14.3.1/../../../../arm-none-eabi/lib/thumb/v8-m.main+fp/hard\libg_nano.a(libc_a-msizer.o)
                0x0800d958                _malloc_usable_size_r
 *(.glue_7)
 .glue_7        0x0800d968        0x0 linker stubs
 *(.glue_7t)
 .glue_7t       0x0800d968        0x0 linker stubs
 *(.eh_frame)
 .eh_frame      0x0800d968        0x0 C:/Users/jto92/AppData/Local/stm32cube/bundles/gnu-tools-for-stm32/14.3.1+st.2/bin/../lib/gcc/arm-none-eabi/14.3.1/thumb/v8-m.main+fp/hard/crtbegin.o
 *(.init)
 .init          0x0800d968        0x4 C:/Users/jto92/AppData/Local/stm32cube/bundles/gnu-tools-for-stm32/14.3.1+st.2/bin/../lib/gcc/arm-none-eabi/14.3.1/thumb/v8-m.main+fp/hard/crti.o
                0x0800d968                _init
 .init          0x0800d96c        0x8 C:/Users/jto92/AppData/Local/stm32cube/bundles/gnu-tools-for-stm32/14.3.1+st.2/bin/../lib/gcc/arm-none-eabi/14.3.1/thumb/v8-m.main+fp/hard/crtn.o
 *(.fini)
 .fini          0x0800d974        0x4 C:/Users/jto92/AppData/Local/stm32cube/bundles/gnu-tools-for-stm32/14.3.1+st.2/bin/../lib/gcc/arm-none-eabi/14.3.1/thumb/v8-m.main+fp/hard/crti.o
                0x0800d974                _fini
 .fini          0x0800d978        0x8 C:/Users/jto92/AppData/Local/stm32cube/bundles/gnu-tools-for-stm32/14.3.1+st.2/bin/../lib/gcc/arm-none-eabi/14.3.1/thumb/v8-m.main+fp/hard/crtn.o
                0x0800d980                        . = ALIGN (0x4)
                0x0800d980                        _etext = .

.vfp11_veneer   0x0800d980        0x0
 .vfp11_veneer  0x0800d980        0x0 linker stubs

.v4_bx          0x0800d980        0x0
 .v4_bx         0x0800d980        0x0 linker stubs

.iplt           0x0800d980        0x0
 .iplt          0x0800d980        0x0 C:/Users/jto92/AppData/Local/stm32cube/bundles/gnu-tools-for-stm32/14.3.1+st.2/bin/../lib/gcc/arm-none-eabi/14.3.1/thumb/v8-m.main+fp/hard/crtbegin.o

.rodata         0x0800d980      0x124
                0x0800d980                        . = ALIGN (0x4)
 *(.rodata)
 .rodata        0x0800d980       0x9f CMakeFiles/Code.dir/Core/Src/radio.c.obj
 *(.rodata*)
 *fill*         0x0800da1f        0x1 
 .rodata.AHBPrescTable
                0x0800da20       0x10 cmake/stm32cubemx/CMakeFiles/STM32_Drivers.dir/__/__/Core/Src/system_stm32h5xx.c.obj
                0x0800da20                AHBPrescTable
 .rodata.APBPrescTable
                0x0800da30        0x8 cmake/stm32cubemx/CMakeFiles/STM32_Drivers.dir/__/__/Core/Src/system_stm32h5xx.c.obj
                0x0800da30                APBPrescTable
 .rodata.DLCtoBytes
                0x0800da38       0x10 cmake/stm32cubemx/CMakeFiles/STM32_Drivers.dir/__/__/Drivers/STM32H5xx_HAL_Driver/Src/stm32h5xx_hal_fdcan.c.obj
 .rodata.UARTPrescTable
                0x0800da48       0x18 cmake/stm32cubemx/CMakeFiles/STM32_Drivers.dir/__/__/Drivers/STM32H5xx_HAL_Driver/Src/stm32h5xx_hal_uart.c.obj
                0x0800da48                UARTPrescTable
 .rodata.numerator.1
                0x0800da60        0x8 cmake/stm32cubemx/CMakeFiles/STM32_Drivers.dir/__/__/Drivers/STM32H5xx_HAL_Driver/Src/stm32h5xx_hal_uart_ex.c.obj
 .rodata.denominator.0
                0x0800da68        0x8 cmake/stm32cubemx/CMakeFiles/STM32_Drivers.dir/__/__/Drivers/STM32H5xx_HAL_Driver/Src/stm32h5xx_hal_uart_ex.c.obj
 .rodata._svfprintf_r.str1.1
                0x0800da70       0x33 C:/Users/jto92/AppData/Local/stm32cube/bundles/gnu-tools-for-stm32/14.3.1+st.2/bin/../lib/gcc/arm-none-eabi/14.3.1/../../../../arm-none-eabi/lib/thumb/v8-m.main+fp/hard\libg_nano.a(libc_a-nano-svfprintf.o)
                                 0x11 (size before relaxing)
 .rodata._printf_i.str1.1
                0x0800daa3       0x22 C:/Users/jto92/AppData/Local/stm32cube/bundles/gnu-tools-for-stm32/14.3.1+st.2/bin/../lib/gcc/arm-none-eabi/14.3.1/../../../../arm-none-eabi/lib/thumb/v8-m.main+fp/hard\libg_nano.a(libc_a-nano-vfprintf_i.o)
                0x0800dac8                        . = ALIGN (0x4)
 *fill*         0x0800daa3        0x1 

.ARM.extab      0x0800daa4        0x0
                0x0800daa4                        . = ALIGN (0x4)
 *(.ARM.extab* .gnu.linkonce.armextab.*)
                0x0800daa4                        . = ALIGN (0x4)

.ARM            0x0800daa4        0x8
                0x0800daa4                        . = ALIGN (0x4)
                0x0800daa4                        __exidx_start = .
 *(.ARM.exidx*)
 .ARM.exidx     0x0800daa4        0x8 C:/Users/jto92/AppData/Local/stm32cube/bundles/gnu-tools-for-stm32/14.3.1+st.2/bin/../lib/gcc/arm-none-eabi/14.3.1/thumb/v8-m.main+fp/hard\libgcc.a(_udivmoddi4.o)
                0x0800daac                        __exidx_end = .
                0x0800daac                        . = ALIGN (0x4)

.preinit_array  0x0800daac        0x0
                0x0800daac                        . = ALIGN (0x4)
                0x0800daac                        PROVIDE (__preinit_array_start = .)
 *(.preinit_array*)
                0x0800daac                        PROVIDE (__preinit_array_end = .)
                0x0800daac                        . = ALIGN (0x4)

.init_array     0x0800daac        0x4
                0x0800daac                        . = ALIGN (0x4)
                0x0800daac                        PROVIDE (__init_array_start = .)
 *(SORT_BY_NAME(.init_array.*))
 *(.init_array*)
 .init_array    0x0800daac        0x4 C:/Users/jto92/AppData/Local/stm32cube/bundles/gnu-tools-for-stm32/14.3.1+st.2/bin/../lib/gcc/arm-none-eabi/14.3.1/thumb/v8-m.main+fp/hard/crtbegin.o
                0x0800dab0                        PROVIDE (__init_array_end = .)
                0x0800dab0                        . = ALIGN (0x4)

.fini_array     0x0800dab0        0x4
                0x0800dab0                        . = ALIGN (0x4)
                [!provide]                        PROVIDE (__fini_array_start = .)
 *(SORT_BY_NAME(.fini_array.*))
 *(.fini_array*)
 .fini_array    0x0800dab0        0x4 C:/Users/jto92/AppData/Local/stm32cube/bundles/gnu-tools-for-stm32/14.3.1+st.2/bin/../lib/gcc/arm-none-eabi/14.3.1/thumb/v8-m.main+fp/hard/crtbegin.o
                [!provide]                        PROVIDE (__fini_array_end = .)
                0x0800dab4                        . = ALIGN (0x4)
                0x0800dab4                        _sidata = LOADADDR (.data)

.rel.dyn        0x0800dab4        0x0
 .rel.iplt      0x0800dab4        0x0 C:/Users/jto92/AppData/Local/stm32cube/bundles/gnu-tools-for-stm32/14.3.1+st.2/bin/../lib/gcc/arm-none-eabi/14.3.1/thumb/v8-m.main+fp/hard/crtbegin.o

.data           0x20000000       0x5c load address 0x0800dab4
                0x20000000                        . = ALIGN (0x4)
                0x20000000                        _sdata = .
 *(.data)
 *(.data*)
 .data.SystemCoreClock
                0x20000000        0x4 cmake/stm32cubemx/CMakeFiles/STM32_Drivers.dir/__/__/Core/Src/system_stm32h5xx.c.obj
                0x20000000                SystemCoreClock
 .data.uwTickPrio
                0x20000004        0x4 cmake/stm32cubemx/CMakeFiles/STM32_Drivers.dir/__/__/Drivers/STM32H5xx_HAL_Driver/Src/stm32h5xx_hal.c.obj
                0x20000004                uwTickPrio
 .data.uwTickFreq
                0x20000008        0x1 cmake/stm32cubemx/CMakeFiles/STM32_Drivers.dir/__/__/Drivers/STM32H5xx_HAL_Driver/Src/stm32h5xx_hal.c.obj
                0x20000008                uwTickFreq
 *fill*         0x20000009        0x3 
 .data._impure_ptr
                0x2000000c        0x4 C:/Users/jto92/AppData/Local/stm32cube/bundles/gnu-tools-for-stm32/14.3.1+st.2/bin/../lib/gcc/arm-none-eabi/14.3.1/../../../../arm-none-eabi/lib/thumb/v8-m.main+fp/hard\libg_nano.a(libc_a-impure.o)
                0x2000000c                _impure_ptr
 .data._impure_data
                0x20000010       0x4c C:/Users/jto92/AppData/Local/stm32cube/bundles/gnu-tools-for-stm32/14.3.1+st.2/bin/../lib/gcc/arm-none-eabi/14.3.1/../../../../arm-none-eabi/lib/thumb/v8-m.main+fp/hard\libg_nano.a(libc_a-impure.o)
                0x20000010                _impure_data
 *(.RamFunc)
 *(.RamFunc*)
                0x2000005c                        . = ALIGN (0x4)

.igot.plt       0x2000005c        0x0 load address 0x0800db10
 .igot.plt      0x2000005c        0x0 C:/Users/jto92/AppData/Local/stm32cube/bundles/gnu-tools-for-stm32/14.3.1+st.2/bin/../lib/gcc/arm-none-eabi/14.3.1/thumb/v8-m.main+fp/hard/crtbegin.o

.tdata          0x2000005c        0x0 load address 0x0800db10
 *(.tdata .tdata.* .gnu.linkonce.td.*)
                0x2000005c                        . = ALIGN (0x4)
                0x2000005c                        _edata = .
                [!provide]                        PROVIDE (__data_end = .)
                [!provide]                        PROVIDE (__tdata_end = .)
                [!provide]                        PROVIDE (__tdata_start = ADDR (.tdata))
                [!provide]                        PROVIDE (__tdata_size = (__tdata_end - __tdata_start))
                [!provide]                        PROVIDE (__data_start = ADDR (.data))
                [!provide]                        PROVIDE (__data_size = (__data_end - __data_start))
                [!provide]                        PROVIDE (__tdata_source = LOADADDR (.tdata))
                [!provide]                        PROVIDE (__tdata_source_end = (LOADADDR (.tdata) + SIZEOF (.tdata)))
                [!provide]                        PROVIDE (__tdata_source_size = (__tdata_source_end - __tdata_source))
                [!provide]                        PROVIDE (__data_source = LOADADDR (.data))
                [!provide]                        PROVIDE (__data_source_end = __tdata_source_end)
                [!provide]                        PROVIDE (__data_source_size = (__data_source_end - __data_source))

.tbss           0x2000005c        0x0 load address 0x0800db10
                0x2000005c                        _sbss = .
                0x2000005c                        __bss_start__ = _sbss
 *(.tbss .tbss.*)
                0x2000005c                        . = ALIGN (0x4)
                [!provide]                        PROVIDE (__tbss_end = .)
                [!provide]                        PROVIDE (__tbss_start = ADDR (.tbss))
                [!provide]                        PROVIDE (__tbss_size = (__tbss_end - __tbss_start))
                [!provide]                        PROVIDE (__tbss_offset = (ADDR (.tbss) - ADDR (.tdata)))
                [!provide]                        PROVIDE (__tls_base = __tdata_start)
                [!provide]                        PROVIDE (__tls_end = __tbss_end)
                [!provide]                        PROVIDE (__tls_size = (__tls_end - __tls_base))
                [!provide]                        PROVIDE (__tls_align = MAX (ALIGNOF (.tdata), ALIGNOF (.tbss)))
                [!provide]                        PROVIDE (__tls_size_align = (((__tls_size + __tls_align) - 0x1) & ~ ((__tls_align - 0x1))))
                [!provide]                        PROVIDE (__arm32_tls_tcb_offset = MAX (0x8, __tls_align))
                [!provide]                        PROVIDE (__arm64_tls_tcb_offset = MAX (0x10, __tls_align))

.bss            0x2000005c      0x7c8 load address 0x0800db10
 *(.bss)
 .bss           0x2000005c       0x1c C:/Users/jto92/AppData/Local/stm32cube/bundles/gnu-tools-for-stm32/14.3.1+st.2/bin/../lib/gcc/arm-none-eabi/14.3.1/thumb/v8-m.main+fp/hard/crtbegin.o
 *(.bss*)
 .bss.uwTick    0x20000078        0x4 cmake/stm32cubemx/CMakeFiles/STM32_Drivers.dir/__/__/Drivers/STM32H5xx_HAL_Driver/Src/stm32h5xx_hal.c.obj
                0x20000078                uwTick
 .bss.hfdcan1   0x2000007c       0x64 CMakeFiles/Code.dir/Core/Src/main.c.obj
                0x2000007c                hfdcan1
 .bss.hspi1     0x200000e0       0x90 CMakeFiles/Code.dir/Core/Src/main.c.obj
                0x200000e0                hspi1
 .bss.huart4    0x20000170       0x94 CMakeFiles/Code.dir/Core/Src/main.c.obj
                0x20000170                huart4
 .bss.hpcd_USB_DRD_FS
                0x20000204      0x2e4 CMakeFiles/Code.dir/Core/Src/main.c.obj
                0x20000204                hpcd_USB_DRD_FS
 .bss.__sbrk_heap_end
                0x200004e8        0x4 CMakeFiles/Code.dir/Core/Src/sysmem.c.obj
 .bss.s_tasks   0x200004ec       0x60 CMakeFiles/Code.dir/Core/Src/scheduler.c.obj
 .bss.s_task_count
                0x2000054c        0x1 CMakeFiles/Code.dir/Core/Src/scheduler.c.obj
 .bss.s_state   0x2000054d        0x1 CMakeFiles/Code.dir/Core/Src/radio.c.obj
 *fill*         0x2000054e        0x2 
 .bss.s_tx_start_tick
                0x20000550        0x4 CMakeFiles/Code.dir/Core/Src/radio.c.obj
 .bss.s_rx_buffer
                0x20000554       0xff CMakeFiles/Code.dir/Core/Src/radio.c.obj
 .bss.s_rx_len  0x20000653        0x1 CMakeFiles/Code.dir/Core/Src/radio.c.obj
 .bss.s_has_received
                0x20000654        0x1 CMakeFiles/Code.dir/Core/Src/radio.c.obj
 *fill*         0x20000655        0x3 
 .bss.s_rx_queue
                0x20000658       0x80 CMakeFiles/Code.dir/Core/Src/can_bus.c.obj
 .bss.s_rx_head
                0x200006d8        0x1 CMakeFiles/Code.dir/Core/Src/can_bus.c.obj
 .bss.s_rx_tail
                0x200006d9        0x1 CMakeFiles/Code.dir/Core/Src/can_bus.c.obj
 .bss.s_rx_count
                0x200006da        0x1 CMakeFiles/Code.dir/Core/Src/can_bus.c.obj
 *fill*         0x200006db        0x1 
 .bss.__sf      0x200006dc      0x138 C:/Users/jto92/AppData/Local/stm32cube/bundles/gnu-tools-for-stm32/14.3.1+st.2/bin/../lib/gcc/arm-none-eabi/14.3.1/../../../../arm-none-eabi/lib/thumb/v8-m.main+fp/hard\libg_nano.a(libc_a-findfp.o)
                0x200006dc                __sf
 .bss.errno     0x20000814        0x4 C:/Users/jto92/AppData/Local/stm32cube/bundles/gnu-tools-for-stm32/14.3.1+st.2/bin/../lib/gcc/arm-none-eabi/14.3.1/../../../../arm-none-eabi/lib/thumb/v8-m.main+fp/hard\libg_nano.a(libc_a-reent.o)
                0x20000814                errno
 .bss.__lock___malloc_recursive_mutex
                0x20000818        0x1 C:/Users/jto92/AppData/Local/stm32cube/bundles/gnu-tools-for-stm32/14.3.1+st.2/bin/../lib/gcc/arm-none-eabi/14.3.1/../../../../arm-none-eabi/lib/thumb/v8-m.main+fp/hard\libg_nano.a(libc_a-lock.o)
                0x20000818                __lock___malloc_recursive_mutex
 *fill*         0x20000819        0x3 
 .bss.__malloc_sbrk_start
                0x2000081c        0x4 C:/Users/jto92/AppData/Local/stm32cube/bundles/gnu-tools-for-stm32/14.3.1+st.2/bin/../lib/gcc/arm-none-eabi/14.3.1/../../../../arm-none-eabi/lib/thumb/v8-m.main+fp/hard\libg_nano.a(libc_a-mallocr.o)
                0x2000081c                __malloc_sbrk_start
 .bss.__malloc_free_list
                0x20000820        0x4 C:/Users/jto92/AppData/Local/stm32cube/bundles/gnu-tools-for-stm32/14.3.1+st.2/bin/../lib/gcc/arm-none-eabi/14.3.1/../../../../arm-none-eabi/lib/thumb/v8-m.main+fp/hard\libg_nano.a(libc_a-mallocr.o)
                0x20000820                __malloc_free_list
 *(COMMON)
                0x20000824                        . = ALIGN (0x4)
                0x20000824                        _ebss = .
                0x20000824                        __bss_end__ = _ebss
                [!provide]                        PROVIDE (__bss_end = .)
                [!provide]                        PROVIDE (__non_tls_bss_start = ADDR (.bss))
                [!provide]                        PROVIDE (__bss_start = __tbss_start)
                [!provide]                        PROVIDE (__bss_size = (__bss_end - __bss_start))

._user_heap_stack
                0x20000824      0x604 load address 0x0800db10
                0x20000828                        . = ALIGN (0x8)
 *fill*         0x20000824        0x4 
                [!provide]                        PROVIDE (end = .)
                0x20000828                        PROVIDE (_end = .)
                0x20000a28                        . = (. + _Min_Heap_Size)
 *fill*         0x20000828      0x200 
                0x20000e28                        . = (. + _Min_Stack_Size)
 *fill*         0x20000a28      0x400 
                0x20000e28                        . = ALIGN (0x8)

/DISCARD/
 libc.a:*(*)
 libm.a:*(*)
 libgcc.a:*(*)

.ARM.attributes
                0x00000000       0x36
 *(.ARM.attributes)
 .ARM.attributes
                0x00000000       0x26 C:/Users/jto92/AppData/Local/stm32cube/bundles/gnu-tools-for-stm32/14.3.1+st.2/bin/../lib/gcc/arm-none-eabi/14.3.1/thumb/v8-m.main+fp/hard/crti.o
 .ARM.attributes
                0x00000026       0x38 C:/Users/jto92/AppData/Local/stm32cube/bundles/gnu-tools-for-stm32/14.3.1+st.2/bin/../lib/gcc/arm-none-eabi/14.3.1/thumb/v8-m.main+fp/hard/crtbegin.o
 .ARM.attributes
                0x0000005e       0x3a cmake/stm32cubemx/CMakeFiles/STM32_Drivers.dir/__/__/Core/Src/system_stm32h5xx.c.obj
 .ARM.attributes
                0x00000098       0x3a cmake/stm32cubemx/CMakeFiles/STM32_Drivers.dir/__/__/Drivers/STM32H5xx_HAL_Driver/Src/stm32h5xx_hal_cortex.c.obj
 .ARM.attributes
                0x000000d2       0x3a cmake/stm32cubemx/CMakeFiles/STM32_Drivers.dir/__/__/Drivers/STM32H5xx_HAL_Driver/Src/stm32h5xx_hal_fdcan.c.obj
 .ARM.attributes
                0x0000010c       0x3a cmake/stm32cubemx/CMakeFiles/STM32_Drivers.dir/__/__/Drivers/STM32H5xx_HAL_Driver/Src/stm32h5xx_hal_rcc.c.obj
 .ARM.attributes
                0x00000146       0x3a cmake/stm32cubemx/CMakeFiles/STM32_Drivers.dir/__/__/Drivers/STM32H5xx_HAL_Driver/Src/stm32h5xx_hal_rcc_ex.c.obj
 .ARM.attributes
                0x00000180       0x3a cmake/stm32cubemx/CMakeFiles/STM32_Drivers.dir/__/__/Drivers/STM32H5xx_HAL_Driver/Src/stm32h5xx_hal_gpio.c.obj
 .ARM.attributes
                0x000001ba       0x3a cmake/stm32cubemx/CMakeFiles/STM32_Drivers.dir/__/__/Drivers/STM32H5xx_HAL_Driver/Src/stm32h5xx_hal_pwr_ex.c.obj
 .ARM.attributes
                0x000001f4       0x3a cmake/stm32cubemx/CMakeFiles/STM32_Drivers.dir/__/__/Drivers/STM32H5xx_HAL_Driver/Src/stm32h5xx_hal.c.obj
 .ARM.attributes
                0x0000022e       0x3a cmake/stm32cubemx/CMakeFiles/STM32_Drivers.dir/__/__/Drivers/STM32H5xx_HAL_Driver/Src/stm32h5xx_hal_icache.c.obj
 .ARM.attributes
                0x00000268       0x3a cmake/stm32cubemx/CMakeFiles/STM32_Drivers.dir/__/__/Drivers/STM32H5xx_HAL_Driver/Src/stm32h5xx_hal_spi.c.obj
 .ARM.attributes
                0x000002a2       0x3a cmake/stm32cubemx/CMakeFiles/STM32_Drivers.dir/__/__/Drivers/STM32H5xx_HAL_Driver/Src/stm32h5xx_hal_uart.c.obj
 .ARM.attributes
                0x000002dc       0x3a cmake/stm32cubemx/CMakeFiles/STM32_Drivers.dir/__/__/Drivers/STM32H5xx_HAL_Driver/Src/stm32h5xx_hal_uart_ex.c.obj
 .ARM.attributes
                0x00000316       0x3a cmake/stm32cubemx/CMakeFiles/STM32_Drivers.dir/__/__/Drivers/STM32H5xx_HAL_Driver/Src/stm32h5xx_hal_pcd.c.obj
 .ARM.attributes
                0x00000350       0x3a cmake/stm32cubemx/CMakeFiles/STM32_Drivers.dir/__/__/Drivers/STM32H5xx_HAL_Driver/Src/stm32h5xx_hal_pcd_ex.c.obj
 .ARM.attributes
                0x0000038a       0x3a cmake/stm32cubemx/CMakeFiles/STM32_Drivers.dir/__/__/Drivers/STM32H5xx_HAL_Driver/Src/stm32h5xx_ll_usb.c.obj
 .ARM.attributes
                0x000003c4       0x3a CMakeFiles/Code.dir/Core/Src/main.c.obj
 .ARM.attributes
                0x000003fe       0x3a CMakeFiles/Code.dir/Core/Src/stm32h5xx_it.c.obj
 .ARM.attributes
                0x00000438       0x3a CMakeFiles/Code.dir/Core/Src/stm32h5xx_hal_msp.c.obj
 .ARM.attributes
                0x00000472       0x3a CMakeFiles/Code.dir/Core/Src/sysmem.c.obj
 .ARM.attributes
                0x000004ac       0x24 CMakeFiles/Code.dir/startup_stm32h562xx.s.obj
 .ARM.attributes
                0x000004d0       0x3a CMakeFiles/Code.dir/Core/Src/scheduler.c.obj
 .ARM.attributes
                0x0000050a       0x3a CMakeFiles/Code.dir/Core/Src/radio.c.obj
 .ARM.attributes
                0x00000544       0x3a CMakeFiles/Code.dir/Core/Src/can_bus.c.obj
 .ARM.attributes
                0x0000057e       0x3a CMakeFiles/Code.dir/Core/Src/log.c.obj
 .ARM.attributes
                0x000005b8       0x26 C:/Users/jto92/AppData/Local/stm32cube/bundles/gnu-tools-for-stm32/14.3.1+st.2/bin/../lib/gcc/arm-none-eabi/14.3.1/thumb/v8-m.main+fp/hard\libgcc.a(_aeabi_uldivmod.o)
 .ARM.attributes
                0x000005de       0x38 C:/Users/jto92/AppData/Local/stm32cube/bundles/gnu-tools-for-stm32/14.3.1+st.2/bin/../lib/gcc/arm-none-eabi/14.3.1/thumb/v8-m.main+fp/hard\libgcc.a(_udivmoddi4.o)
 .ARM.attributes
                0x00000616       0x26 C:/Users/jto92/AppData/Local/stm32cube/bundles/gnu-tools-for-stm32/14.3.1+st.2/bin/../lib/gcc/arm-none-eabi/14.3.1/thumb/v8-m.main+fp/hard\libgcc.a(_dvmd_tls.o)
 .ARM.attributes
                0x0000063c       0x38 C:/Users/jto92/AppData/Local/stm32cube/bundles/gnu-tools-for-stm32/14.3.1+st.2/bin/../lib/gcc/arm-none-eabi/14.3.1/../../../../arm-none-eabi/lib/thumb/v8-m.main+fp/hard\libg_nano.a(libc_a-findfp.o)
 .ARM.attributes
                0x00000674       0x38 C:/Users/jto92/AppData/Local/stm32cube/bundles/gnu-tools-for-stm32/14.3.1+st.2/bin/../lib/gcc/arm-none-eabi/14.3.1/../../../../arm-none-eabi/lib/thumb/v8-m.main+fp/hard\libg_nano.a(libc_a-snprintf.o)
 .ARM.attributes
                0x000006ac       0x38 C:/Users/jto92/AppData/Local/stm32cube/bundles/gnu-tools-for-stm32/14.3.1+st.2/bin/../lib/gcc/arm-none-eabi/14.3.1/../../../../arm-none-eabi/lib/thumb/v8-m.main+fp/hard\libg_nano.a(libc_a-vsnprintf.o)
 .ARM.attributes
                0x000006e4       0x38 C:/Users/jto92/AppData/Local/stm32cube/bundles/gnu-tools-for-stm32/14.3.1+st.2/bin/../lib/gcc/arm-none-eabi/14.3.1/../../../../arm-none-eabi/lib/thumb/v8-m.main+fp/hard\libg_nano.a(libc_a-memset.o)
 .ARM.attributes
                0x0000071c       0x38 C:/Users/jto92/AppData/Local/stm32cube/bundles/gnu-tools-for-stm32/14.3.1+st.2/bin/../lib/gcc/arm-none-eabi/14.3.1/../../../../arm-none-eabi/lib/thumb/v8-m.main+fp/hard\libg_nano.a(libc_a-reent.o)
 .ARM.attributes
                0x00000754       0x38 C:/Users/jto92/AppData/Local/stm32cube/bundles/gnu-tools-for-stm32/14.3.1+st.2/bin/../lib/gcc/arm-none-eabi/14.3.1/../../../../arm-none-eabi/lib/thumb/v8-m.main+fp/hard\libg_nano.a(libc_a-impure.o)
 .ARM.attributes
                0x0000078c       0x38 C:/Users/jto92/AppData/Local/stm32cube/bundles/gnu-tools-for-stm32/14.3.1+st.2/bin/../lib/gcc/arm-none-eabi/14.3.1/../../../../arm-none-eabi/lib/thumb/v8-m.main+fp/hard\libg_nano.a(libc_a-errno.o)
 .ARM.attributes
                0x000007c4       0x38 C:/Users/jto92/AppData/Local/stm32cube/bundles/gnu-tools-for-stm32/14.3.1+st.2/bin/../lib/gcc/arm-none-eabi/14.3.1/../../../../arm-none-eabi/lib/thumb/v8-m.main+fp/hard\libg_nano.a(libc_a-init.o)
 .ARM.attributes
                0x000007fc       0x38 C:/Users/jto92/AppData/Local/stm32cube/bundles/gnu-tools-for-stm32/14.3.1+st.2/bin/../lib/gcc/arm-none-eabi/14.3.1/../../../../arm-none-eabi/lib/thumb/v8-m.main+fp/hard\libg_nano.a(libc_a-lock.o)
 .ARM.attributes
                0x00000834       0x38 C:/Users/jto92/AppData/Local/stm32cube/bundles/gnu-tools-for-stm32/14.3.1+st.2/bin/../lib/gcc/arm-none-eabi/14.3.1/../../../../arm-none-eabi/lib/thumb/v8-m.main+fp/hard\libg_nano.a(libc_a-memcpy-stub.o)
 .ARM.attributes
                0x0000086c       0x38 C:/Users/jto92/AppData/Local/stm32cube/bundles/gnu-tools-for-stm32/14.3.1+st.2/bin/../lib/gcc/arm-none-eabi/14.3.1/../../../../arm-none-eabi/lib/thumb/v8-m.main+fp/hard\libg_nano.a(libc_a-freer.o)
 .ARM.attributes
                0x000008a4       0x38 C:/Users/jto92/AppData/Local/stm32cube/bundles/gnu-tools-for-stm32/14.3.1+st.2/bin/../lib/gcc/arm-none-eabi/14.3.1/../../../../arm-none-eabi/lib/thumb/v8-m.main+fp/hard\libg_nano.a(libc_a-mallocr.o)
 .ARM.attributes
                0x000008dc       0x38 C:/Users/jto92/AppData/Local/stm32cube/bundles/gnu-tools-for-stm32/14.3.1+st.2/bin/../lib/gcc/arm-none-eabi/14.3.1/../../../../arm-none-eabi/lib/thumb/v8-m.main+fp/hard\libg_nano.a(libc_a-mlock.o)
 .ARM.attributes
                0x00000914       0x38 C:/Users/jto92/AppData/Local/stm32cube/bundles/gnu-tools-for-stm32/14.3.1+st.2/bin/../lib/gcc/arm-none-eabi/14.3.1/../../../../arm-none-eabi/lib/thumb/v8-m.main+fp/hard\libg_nano.a(libc_a-nano-svfprintf.o)
 .ARM.attributes
                0x0000094c       0x38 C:/Users/jto92/AppData/Local/stm32cube/bundles/gnu-tools-for-stm32/14.3.1+st.2/bin/../lib/gcc/arm-none-eabi/14.3.1/../../../../arm-none-eabi/lib/thumb/v8-m.main+fp/hard\libg_nano.a(libc_a-nano-vfprintf_i.o)
 .ARM.attributes
                0x00000984       0x38 C:/Users/jto92/AppData/Local/stm32cube/bundles/gnu-tools-for-stm32/14.3.1+st.2/bin/../lib/gcc/arm-none-eabi/14.3.1/../../../../arm-none-eabi/lib/thumb/v8-m.main+fp/hard\libg_nano.a(libc_a-memmove.o)
 .ARM.attributes
                0x000009bc       0x38 C:/Users/jto92/AppData/Local/stm32cube/bundles/gnu-tools-for-stm32/14.3.1+st.2/bin/../lib/gcc/arm-none-eabi/14.3.1/../../../../arm-none-eabi/lib/thumb/v8-m.main+fp/hard\libg_nano.a(libc_a-sbrkr.o)
 .ARM.attributes
                0x000009f4       0x38 C:/Users/jto92/AppData/Local/stm32cube/bundles/gnu-tools-for-stm32/14.3.1+st.2/bin/../lib/gcc/arm-none-eabi/14.3.1/../../../../arm-none-eabi/lib/thumb/v8-m.main+fp/hard\libg_nano.a(libc_a-memchr-stub.o)
 .ARM.attributes
                0x00000a2c       0x38 C:/Users/jto92/AppData/Local/stm32cube/bundles/gnu-tools-for-stm32/14.3.1+st.2/bin/../lib/gcc/arm-none-eabi/14.3.1/../../../../arm-none-eabi/lib/thumb/v8-m.main+fp/hard\libg_nano.a(libc_a-reallocr.o)
 .ARM.attributes
                0x00000a64       0x38 C:/Users/jto92/AppData/Local/stm32cube/bundles/gnu-tools-for-stm32/14.3.1+st.2/bin/../lib/gcc/arm-none-eabi/14.3.1/../../../../arm-none-eabi/lib/thumb/v8-m.main+fp/hard\libg_nano.a(libc_a-msizer.o)
 .ARM.attributes
                0x00000a9c       0x26 C:/Users/jto92/AppData/Local/stm32cube/bundles/gnu-tools-for-stm32/14.3.1+st.2/bin/../lib/gcc/arm-none-eabi/14.3.1/thumb/v8-m.main+fp/hard/crtn.o
OUTPUT(Code.elf elf32-littlearm)
LOAD linker stubs

.debug_info     0x00000000    0x23022
 .debug_info    0x00000000      0xd8e cmake/stm32cubemx/CMakeFiles/STM32_Drivers.dir/__/__/Core/Src/system_stm32h5xx.c.obj
 .debug_info    0x00000d8e     0x1639 cmake/stm32cubemx/CMakeFiles/STM32_Drivers.dir/__/__/Drivers/STM32H5xx_HAL_Driver/Src/stm32h5xx_hal_cortex.c.obj
 .debug_info    0x000023c7     0x1920 cmake/stm32cubemx/CMakeFiles/STM32_Drivers.dir/__/__/Drivers/STM32H5xx_HAL_Driver/Src/stm32h5xx_hal_fdcan.c.obj
 .debug_info    0x00003ce7     0x109f cmake/stm32cubemx/CMakeFiles/STM32_Drivers.dir/__/__/Drivers/STM32H5xx_HAL_Driver/Src/stm32h5xx_hal_rcc.c.obj
 .debug_info    0x00004d86     0x12c8 cmake/stm32cubemx/CMakeFiles/STM32_Drivers.dir/__/__/Drivers/STM32H5xx_HAL_Driver/Src/stm32h5xx_hal_rcc_ex.c.obj
 .debug_info    0x0000604e      0x6b6 cmake/stm32cubemx/CMakeFiles/STM32_Drivers.dir/__/__/Drivers/STM32H5xx_HAL_Driver/Src/stm32h5xx_hal_gpio.c.obj
 .debug_info    0x00006704      0x928 cmake/stm32cubemx/CMakeFiles/STM32_Drivers.dir/__/__/Drivers/STM32H5xx_HAL_Driver/Src/stm32h5xx_hal_pwr_ex.c.obj
 .debug_info    0x0000702c     0x1381 cmake/stm32cubemx/CMakeFiles/STM32_Drivers.dir/__/__/Drivers/STM32H5xx_HAL_Driver/Src/stm32h5xx_hal.c.obj
 .debug_info    0x000083ad      0x4d6 cmake/stm32cubemx/CMakeFiles/STM32_Drivers.dir/__/__/Drivers/STM32H5xx_HAL_Driver/Src/stm32h5xx_hal_icache.c.obj
 .debug_info    0x00008883     0x15c9 cmake/stm32cubemx/CMakeFiles/STM32_Drivers.dir/__/__/Drivers/STM32H5xx_HAL_Driver/Src/stm32h5xx_hal_spi.c.obj
 .debug_info    0x00009e4c     0x4066 cmake/stm32cubemx/CMakeFiles/STM32_Drivers.dir/__/__/Drivers/STM32H5xx_HAL_Driver/Src/stm32h5xx_hal_uart.c.obj
 .debug_info    0x0000deb2     0x10ec cmake/stm32cubemx/CMakeFiles/STM32_Drivers.dir/__/__/Drivers/STM32H5xx_HAL_Driver/Src/stm32h5xx_hal_uart_ex.c.obj
 .debug_info    0x0000ef9e     0x1560 cmake/stm32cubemx/CMakeFiles/STM32_Drivers.dir/__/__/Drivers/STM32H5xx_HAL_Driver/Src/stm32h5xx_hal_pcd.c.obj
 .debug_info    0x000104fe      0x7eb cmake/stm32cubemx/CMakeFiles/STM32_Drivers.dir/__/__/Drivers/STM32H5xx_HAL_Driver/Src/stm32h5xx_hal_pcd_ex.c.obj
 .debug_info    0x00010ce9     0x132a cmake/stm32cubemx/CMakeFiles/STM32_Drivers.dir/__/__/Drivers/STM32H5xx_HAL_Driver/Src/stm32h5xx_ll_usb.c.obj
 .debug_info    0x00012013     0x265d CMakeFiles/Code.dir/Core/Src/main.c.obj
 .debug_info    0x00014670      0xb08 CMakeFiles/Code.dir/Core/Src/stm32h5xx_it.c.obj
 .debug_info    0x00015178     0x2447 CMakeFiles/Code.dir/Core/Src/stm32h5xx_hal_msp.c.obj
 .debug_info    0x000175bf      0x168 CMakeFiles/Code.dir/Core/Src/sysmem.c.obj
 .debug_info    0x00017727       0x30 CMakeFiles/Code.dir/startup_stm32h562xx.s.obj
 .debug_info    0x00017757      0x1d2 CMakeFiles/Code.dir/Core/Src/scheduler.c.obj
 .debug_info    0x00017929     0x12ce CMakeFiles/Code.dir/Core/Src/radio.c.obj
 .debug_info    0x00018bf7      0xb79 CMakeFiles/Code.dir/Core/Src/can_bus.c.obj
 .debug_info    0x00019770      0x9c7 CMakeFiles/Code.dir/Core/Src/log.c.obj
 .debug_info    0x0001a137      0xfb2 C:/Users/jto92/AppData/Local/stm32cube/bundles/gnu-tools-for-stm32/14.3.1+st.2/bin/../lib/gcc/arm-none-eabi/14.3.1/../../../../arm-none-eabi/lib/thumb/v8-m.main+fp/hard\libg_nano.a(libc_a-findfp.o)
 .debug_info    0x0001b0e9      0x8b9 C:/Users/jto92/AppData/Local/stm32cube/bundles/gnu-tools-for-stm32/14.3.1+st.2/bin/../lib/gcc/arm-none-eabi/14.3.1/../../../../arm-none-eabi/lib/thumb/v8-m.main+fp/hard\libg_nano.a(libc_a-snprintf.o)
 .debug_info    0x0001b9a2      0x89c C:/Users/jto92/AppData/Local/stm32cube/bundles/gnu-tools-for-stm32/14.3.1+st.2/bin/../lib/gcc/arm-none-eabi/14.3.1/../../../../arm-none-eabi/lib/thumb/v8-m.main+fp/hard\libg_nano.a(libc_a-vsnprintf.o)
 .debug_info    0x0001c23e       0xe0 C:/Users/jto92/AppData/Local/stm32cube/bundles/gnu-tools-for-stm32/14.3.1+st.2/bin/../lib/gcc/arm-none-eabi/14.3.1/../../../../arm-none-eabi/lib/thumb/v8-m.main+fp/hard\libg_nano.a(libc_a-memset.o)
 .debug_info    0x0001c31e      0x8a1 C:/Users/jto92/AppData/Local/stm32cube/bundles/gnu-tools-for-stm32/14.3.1+st.2/bin/../lib/gcc/arm-none-eabi/14.3.1/../../../../arm-none-eabi/lib/thumb/v8-m.main+fp/hard\libg_nano.a(libc_a-reent.o)
 .debug_info    0x0001cbbf      0x715 C:/Users/jto92/AppData/Local/stm32cube/bundles/gnu-tools-for-stm32/14.3.1+st.2/bin/../lib/gcc/arm-none-eabi/14.3.1/../../../../arm-none-eabi/lib/thumb/v8-m.main+fp/hard\libg_nano.a(libc_a-impure.o)
 .debug_info    0x0001d2d4      0x6fb C:/Users/jto92/AppData/Local/stm32cube/bundles/gnu-tools-for-stm32/14.3.1+st.2/bin/../lib/gcc/arm-none-eabi/14.3.1/../../../../arm-none-eabi/lib/thumb/v8-m.main+fp/hard\libg_nano.a(libc_a-errno.o)
 .debug_info    0x0001d9cf      0x10b C:/Users/jto92/AppData/Local/stm32cube/bundles/gnu-tools-for-stm32/14.3.1+st.2/bin/../lib/gcc/arm-none-eabi/14.3.1/../../../../arm-none-eabi/lib/thumb/v8-m.main+fp/hard\libg_nano.a(libc_a-init.o)
 .debug_info    0x0001dada      0x218 C:/Users/jto92/AppData/Local/stm32cube/bundles/gnu-tools-for-stm32/14.3.1+st.2/bin/../lib/gcc/arm-none-eabi/14.3.1/../../../../arm-none-eabi/lib/thumb/v8-m.main+fp/hard\libg_nano.a(libc_a-lock.o)
 .debug_info    0x0001dcf2      0x121 C:/Users/jto92/AppData/Local/stm32cube/bundles/gnu-tools-for-stm32/14.3.1+st.2/bin/../lib/gcc/arm-none-eabi/14.3.1/../../../../arm-none-eabi/lib/thumb/v8-m.main+fp/hard\libg_nano.a(libc_a-memcpy-stub.o)
 .debug_info    0x0001de13      0x851 C:/Users/jto92/AppData/Local/stm32cube/bundles/gnu-tools-for-stm32/14.3.1+st.2/bin/../lib/gcc/arm-none-eabi/14.3.1/../../../../arm-none-eabi/lib/thumb/v8-m.main+fp/hard\libg_nano.a(libc_a-freer.o)
 .debug_info    0x0001e664      0x9bc C:/Users/jto92/AppData/Local/stm32cube/bundles/gnu-tools-for-stm32/14.3.1+st.2/bin/../lib/gcc/arm-none-eabi/14.3.1/../../../../arm-none-eabi/lib/thumb/v8-m.main+fp/hard\libg_nano.a(libc_a-mallocr.o)
 .debug_info    0x0001f020      0x76b C:/Users/jto92/AppData/Local/stm32cube/bundles/gnu-tools-for-stm32/14.3.1+st.2/bin/../lib/gcc/arm-none-eabi/14.3.1/../../../../arm-none-eabi/lib/thumb/v8-m.main+fp/hard\libg_nano.a(libc_a-mlock.o)
 .debug_info    0x0001f78b     0x10b3 C:/Users/jto92/AppData/Local/stm32cube/bundles/gnu-tools-for-stm32/14.3.1+st.2/bin/../lib/gcc/arm-none-eabi/14.3.1/../../../../arm-none-eabi/lib/thumb/v8-m.main+fp/hard\libg_nano.a(libc_a-nano-svfprintf.o)
 .debug_info    0x0002083e      0xde2 C:/Users/jto92/AppData/Local/stm32cube/bundles/gnu-tools-for-stm32/14.3.1+st.2/bin/../lib/gcc/arm-none-eabi/14.3.1/../../../../arm-none-eabi/lib/thumb/v8-m.main+fp/hard\libg_nano.a(libc_a-nano-vfprintf_i.o)
 .debug_info    0x00021620      0x10f C:/Users/jto92/AppData/Local/stm32cube/bundles/gnu-tools-for-stm32/14.3.1+st.2/bin/../lib/gcc/arm-none-eabi/14.3.1/../../../../arm-none-eabi/lib/thumb/v8-m.main+fp/hard\libg_nano.a(libc_a-memmove.o)
 .debug_info    0x0002172f      0x782 C:/Users/jto92/AppData/Local/stm32cube/bundles/gnu-tools-for-stm32/14.3.1+st.2/bin/../lib/gcc/arm-none-eabi/14.3.1/../../../../arm-none-eabi/lib/thumb/v8-m.main+fp/hard\libg_nano.a(libc_a-sbrkr.o)
 .debug_info    0x00021eb1      0x110 C:/Users/jto92/AppData/Local/stm32cube/bundles/gnu-tools-for-stm32/14.3.1+st.2/bin/../lib/gcc/arm-none-eabi/14.3.1/../../../../arm-none-eabi/lib/thumb/v8-m.main+fp/hard\libg_nano.a(libc_a-memchr-stub.o)
 .debug_info    0x00021fc1      0x8cd C:/Users/jto92/AppData/Local/stm32cube/bundles/gnu-tools-for-stm32/14.3.1+st.2/bin/../lib/gcc/arm-none-eabi/14.3.1/../../../../arm-none-eabi/lib/thumb/v8-m.main+fp/hard\libg_nano.a(libc_a-reallocr.o)
 .debug_info    0x0002288e      0x794 C:/Users/jto92/AppData/Local/stm32cube/bundles/gnu-tools-for-stm32/14.3.1+st.2/bin/../lib/gcc/arm-none-eabi/14.3.1/../../../../arm-none-eabi/lib/thumb/v8-m.main+fp/hard\libg_nano.a(libc_a-msizer.o)

.debug_abbrev   0x00000000     0x57c5
 .debug_abbrev  0x00000000      0x13a cmake/stm32cubemx/CMakeFiles/STM32_Drivers.dir/__/__/Core/Src/system_stm32h5xx.c.obj
 .debug_abbrev  0x0000013a      0x327 cmake/stm32cubemx/CMakeFiles/STM32_Drivers.dir/__/__/Drivers/STM32H5xx_HAL_Driver/Src/stm32h5xx_hal_cortex.c.obj
 .debug_abbrev  0x00000461      0x20b cmake/stm32cubemx/CMakeFiles/STM32_Drivers.dir/__/__/Drivers/STM32H5xx_HAL_Driver/Src/stm32h5xx_hal_fdcan.c.obj
 .debug_abbrev  0x0000066c      0x290 cmake/stm32cubemx/CMakeFiles/STM32_Drivers.dir/__/__/Drivers/STM32H5xx_HAL_Driver/Src/stm32h5xx_hal_rcc.c.obj
 .debug_abbrev  0x000008fc      0x269 cmake/stm32cubemx/CMakeFiles/STM32_Drivers.dir/__/__/Drivers/STM32H5xx_HAL_Driver/Src/stm32h5xx_hal_rcc_ex.c.obj
 .debug_abbrev  0x00000b65      0x1db cmake/stm32cubemx/CMakeFiles/STM32_Drivers.dir/__/__/Drivers/STM32H5xx_HAL_Driver/Src/stm32h5xx_hal_gpio.c.obj
 .debug_abbrev  0x00000d40      0x299 cmake/stm32cubemx/CMakeFiles/STM32_Drivers.dir/__/__/Drivers/STM32H5xx_HAL_Driver/Src/stm32h5xx_hal_pwr_ex.c.obj
 .debug_abbrev  0x00000fd9      0x2af cmake/stm32cubemx/CMakeFiles/STM32_Drivers.dir/__/__/Drivers/STM32H5xx_HAL_Driver/Src/stm32h5xx_hal.c.obj
 .debug_abbrev  0x00001288      0x228 cmake/stm32cubemx/CMakeFiles/STM32_Drivers.dir/__/__/Drivers/STM32H5xx_HAL_Driver/Src/stm32h5xx_hal_icache.c.obj
 .debug_abbrev  0x000014b0      0x2b3 cmake/stm32cubemx/CMakeFiles/STM32_Drivers.dir/__/__/Drivers/STM32H5xx_HAL_Driver/Src/stm32h5xx_hal_spi.c.obj
 .debug_abbrev  0x00001763      0x305 cmake/stm32cubemx/CMakeFiles/STM32_Drivers.dir/__/__/Drivers/STM32H5xx_HAL_Driver/Src/stm32h5xx_hal_uart.c.obj
 .debug_abbrev  0x00001a68      0x2d4 cmake/stm32cubemx/CMakeFiles/STM32_Drivers.dir/__/__/Drivers/STM32H5xx_HAL_Driver/Src/stm32h5xx_hal_uart_ex.c.obj
 .debug_abbrev  0x00001d3c      0x302 cmake/stm32cubemx/CMakeFiles/STM32_Drivers.dir/__/__/Drivers/STM32H5xx_HAL_Driver/Src/stm32h5xx_hal_pcd.c.obj
 .debug_abbrev  0x0000203e      0x1e8 cmake/stm32cubemx/CMakeFiles/STM32_Drivers.dir/__/__/Drivers/STM32H5xx_HAL_Driver/Src/stm32h5xx_hal_pcd_ex.c.obj
 .debug_abbrev  0x00002226      0x216 cmake/stm32cubemx/CMakeFiles/STM32_Drivers.dir/__/__/Drivers/STM32H5xx_HAL_Driver/Src/stm32h5xx_ll_usb.c.obj
 .debug_abbrev  0x0000243c      0x30e CMakeFiles/Code.dir/Core/Src/main.c.obj
 .debug_abbrev  0x0000274a      0x193 CMakeFiles/Code.dir/Core/Src/stm32h5xx_it.c.obj
 .debug_abbrev  0x000028dd      0x26c CMakeFiles/Code.dir/Core/Src/stm32h5xx_hal_msp.c.obj
 .debug_abbrev  0x00002b49       0xbc CMakeFiles/Code.dir/Core/Src/sysmem.c.obj
 .debug_abbrev  0x00002c05       0x24 CMakeFiles/Code.dir/startup_stm32h562xx.s.obj
 .debug_abbrev  0x00002c29      0x124 CMakeFiles/Code.dir/Core/Src/scheduler.c.obj
 .debug_abbrev  0x00002d4d      0x312 CMakeFiles/Code.dir/Core/Src/radio.c.obj
 .debug_abbrev  0x0000305f      0x28b CMakeFiles/Code.dir/Core/Src/can_bus.c.obj
 .debug_abbrev  0x000032ea      0x1b4 CMakeFiles/Code.dir/Core/Src/log.c.obj
 .debug_abbrev  0x0000349e      0x424 C:/Users/jto92/AppData/Local/stm32cube/bundles/gnu-tools-for-stm32/14.3.1+st.2/bin/../lib/gcc/arm-none-eabi/14.3.1/../../../../arm-none-eabi/lib/thumb/v8-m.main+fp/hard\libg_nano.a(libc_a-findfp.o)
 .debug_abbrev  0x000038c2      0x231 C:/Users/jto92/AppData/Local/stm32cube/bundles/gnu-tools-for-stm32/14.3.1+st.2/bin/../lib/gcc/arm-none-eabi/14.3.1/../../../../arm-none-eabi/lib/thumb/v8-m.main+fp/hard\libg_nano.a(libc_a-snprintf.o)
 .debug_abbrev  0x00003af3      0x228 C:/Users/jto92/AppData/Local/stm32cube/bundles/gnu-tools-for-stm32/14.3.1+st.2/bin/../lib/gcc/arm-none-eabi/14.3.1/../../../../arm-none-eabi/lib/thumb/v8-m.main+fp/hard\libg_nano.a(libc_a-vsnprintf.o)
 .debug_abbrev  0x00003d1b       0x9e C:/Users/jto92/AppData/Local/stm32cube/bundles/gnu-tools-for-stm32/14.3.1+st.2/bin/../lib/gcc/arm-none-eabi/14.3.1/../../../../arm-none-eabi/lib/thumb/v8-m.main+fp/hard\libg_nano.a(libc_a-memset.o)
 .debug_abbrev  0x00003db9      0x1f7 C:/Users/jto92/AppData/Local/stm32cube/bundles/gnu-tools-for-stm32/14.3.1+st.2/bin/../lib/gcc/arm-none-eabi/14.3.1/../../../../arm-none-eabi/lib/thumb/v8-m.main+fp/hard\libg_nano.a(libc_a-reent.o)
 .debug_abbrev  0x00003fb0      0x149 C:/Users/jto92/AppData/Local/stm32cube/bundles/gnu-tools-for-stm32/14.3.1+st.2/bin/../lib/gcc/arm-none-eabi/14.3.1/../../../../arm-none-eabi/lib/thumb/v8-m.main+fp/hard\libg_nano.a(libc_a-impure.o)
 .debug_abbrev  0x000040f9      0x15e C:/Users/jto92/AppData/Local/stm32cube/bundles/gnu-tools-for-stm32/14.3.1+st.2/bin/../lib/gcc/arm-none-eabi/14.3.1/../../../../arm-none-eabi/lib/thumb/v8-m.main+fp/hard\libg_nano.a(libc_a-errno.o)
 .debug_abbrev  0x00004257       0xc9 C:/Users/jto92/AppData/Local/stm32cube/bundles/gnu-tools-for-stm32/14.3.1+st.2/bin/../lib/gcc/arm-none-eabi/14.3.1/../../../../arm-none-eabi/lib/thumb/v8-m.main+fp/hard\libg_nano.a(libc_a-init.o)
 .debug_abbrev  0x00004320      0x115 C:/Users/jto92/AppData/Local/stm32cube/bundles/gnu-tools-for-stm32/14.3.1+st.2/bin/../lib/gcc/arm-none-eabi/14.3.1/../../../../arm-none-eabi/lib/thumb/v8-m.main+fp/hard\libg_nano.a(libc_a-lock.o)
 .debug_abbrev  0x00004435       0xc1 C:/Users/jto92/AppData/Local/stm32cube/bundles/gnu-tools-for-stm32/14.3.1+st.2/bin/../lib/gcc/arm-none-eabi/14.3.1/../../../../arm-none-eabi/lib/thumb/v8-m.main+fp/hard\libg_nano.a(libc_a-memcpy-stub.o)
 .debug_abbrev  0x000044f6      0x236 C:/Users/jto92/AppData/Local/stm32cube/bundles/gnu-tools-for-stm32/14.3.1+st.2/bin/../lib/gcc/arm-none-eabi/14.3.1/../../../../arm-none-eabi/lib/thumb/v8-m.main+fp/hard\libg_nano.a(libc_a-freer.o)