C:/Users/tomki/Desktop/Hybrid26_Radio/02 Rocket/Code/Core/Src/main.c:99:13:Stage1_UartTask	8	static
C:/Users/tomki/Desktop/Hybrid26_Radio/02 Rocket/Code/Core/Src/main.c:126:5:main	8	static
C:/Users/tomki/Desktop/Hybrid26_Radio/02 Rocket/Code/Core/Src/main.c:249:6:SystemClock_Config	120	static
C:/Users/tomki/Desktop/Hybrid26_Radio/02 Rocket/Code/Core/Src/main.c:306:13:MX_ICACHE_Init	8	static
C:/Users/tomki/Desktop/Hybrid26_Radio/02 Rocket/Code/Core/Src/main.c:338:13:MX_SPI1_Init	8	static
C:/Users/tomki/Desktop/Hybrid26_Radio/02 Rocket/Code/Core/Src/main.c:386:13:MX_UART4_Init	8	static
C:/Users/tomki/Desktop/Hybrid26_Radio/02 Rocket/Code/Core/Src/main.c:434:13:MX_USB_PCD_Init	8	static
C:/Users/tomki/Desktop/Hybrid26_Radio/02 Rocket/Code/Core/Src/main.c:461:13:MX_GPIO_Init	48	static
C:/Users/tomki/Desktop/Hybrid26_Radio/02 Rocket/Code/Core/Src/main.c:551:6:MPU_Config	32	static
C:/Users/tomki/Desktop/Hybrid26_Radio/02 Rocket/Code/Core/Src/main.c:588:6:Error_Handler	4	static,ignoring_inline_asm
