C:/Users/tomki/Desktop/Hybrid26_Radio/02 Rocket/Code/Core/Src/main.c:98:13:Stage1_UartTask	8	static
C:/Users/tomki/Desktop/Hybrid26_Radio/02 Rocket/Code/Core/Src/main.c:125:5:main	8	static
C:/Users/tomki/Desktop/Hybrid26_Radio/02 Rocket/Code/Core/Src/main.c:244:6:SystemClock_Config	120	static
C:/Users/tomki/Desktop/Hybrid26_Radio/02 Rocket/Code/Core/Src/main.c:301:13:MX_ICACHE_Init	8	static
C:/Users/tomki/Desktop/Hybrid26_Radio/02 Rocket/Code/Core/Src/main.c:333:13:MX_SPI1_Init	8	static
C:/Users/tomki/Desktop/Hybrid26_Radio/02 Rocket/Code/Core/Src/main.c:381:13:MX_UART4_Init	8	static
C:/Users/tomki/Desktop/Hybrid26_Radio/02 Rocket/Code/Core/Src/main.c:429:13:MX_USB_PCD_Init	8	static
C:/Users/tomki/Desktop/Hybrid26_Radio/02 Rocket/Code/Core/Src/main.c:465:13:MX_GPIO_Init	48	static
C:/Users/tomki/Desktop/Hybrid26_Radio/02 Rocket/Code/Core/Src/main.c:536:6:MPU_Config	32	static
C:/Users/tomki/Desktop/Hybrid26_Radio/02 Rocket/Code/Core/Src/main.c:573:6:Error_Handler	4	static,ignoring_inline_asm
