P:/Desktop/Hybrid26_Radio/02 Rocket/Code/Core/Src/radio.c:65:13:Radio_NssLow	8	static
P:/Desktop/Hybrid26_Radio/02 Rocket/Code/Core/Src/radio.c:70:13:Radio_NssHigh	8	static
P:/Desktop/Hybrid26_Radio/02 Rocket/Code/Core/Src/radio.c:76:13:Radio_WaitOnBusy	16	static
P:/Desktop/Hybrid26_Radio/02 Rocket/Code/Core/Src/radio.c:90:13:Radio_WriteCommand	16	static
P:/Desktop/Hybrid26_Radio/02 Rocket/Code/Core/Src/radio.c:108:13:Radio_ReadCommand	24	static
P:/Desktop/Hybrid26_Radio/02 Rocket/Code/Core/Src/radio.c:124:13:Radio_WriteBuffer	24	static
P:/Desktop/Hybrid26_Radio/02 Rocket/Code/Core/Src/radio.c:136:13:Radio_ReadBuffer	24	static
P:/Desktop/Hybrid26_Radio/02 Rocket/Code/Core/Src/radio.c:154:13:Radio_SetAntennaSwitch	16	static
P:/Desktop/Hybrid26_Radio/02 Rocket/Code/Core/Src/radio.c:162:13:Radio_Reset	8	static
P:/Desktop/Hybrid26_Radio/02 Rocket/Code/Core/Src/radio.c:171:13:Radio_SetStandby	24	static
P:/Desktop/Hybrid26_Radio/02 Rocket/Code/Core/Src/radio.c:177:13:Radio_SetRegulatorMode	24	static
P:/Desktop/Hybrid26_Radio/02 Rocket/Code/Core/Src/radio.c:183:13:Radio_Calibrate	16	static
P:/Desktop/Hybrid26_Radio/02 Rocket/Code/Core/Src/radio.c:190:13:Radio_SetPacketTypeLora	16	static
P:/Desktop/Hybrid26_Radio/02 Rocket/Code/Core/Src/radio.c:196:13:Radio_SetBufferBaseAddress	24	static
P:/Desktop/Hybrid26_Radio/02 Rocket/Code/Core/Src/radio.c:202:13:Radio_SetModulationParams	16	static
P:/Desktop/Hybrid26_Radio/02 Rocket/Code/Core/Src/radio.c:209:13:Radio_SetPacketParams	24	static
P:/Desktop/Hybrid26_Radio/02 Rocket/Code/Core/Src/radio.c:221:13:Radio_SetDioIrqParams	24	static
P:/Desktop/Hybrid26_Radio/02 Rocket/Code/Core/Src/radio.c:232:13:Radio_ClearIrqStatus	24	static
P:/Desktop/Hybrid26_Radio/02 Rocket/Code/Core/Src/radio.c:238:17:Radio_GetIrqStatus	16	static
P:/Desktop/Hybrid26_Radio/02 Rocket/Code/Core/Src/radio.c:245:13:Radio_GetRxBufferStatus	24	static
P:/Desktop/Hybrid26_Radio/02 Rocket/Code/Core/Src/radio.c:253:13:Radio_GetPacketStatus	24	static
P:/Desktop/Hybrid26_Radio/02 Rocket/Code/Core/Src/radio.c:264:13:Radio_FormatHex	32	static
P:/Desktop/Hybrid26_Radio/02 Rocket/Code/Core/Src/radio.c:279:6:Radio_SetFrequency	32	static
P:/Desktop/Hybrid26_Radio/02 Rocket/Code/Core/Src/radio.c:289:6:Radio_SetTxPower	24	static
P:/Desktop/Hybrid26_Radio/02 Rocket/Code/Core/Src/radio.c:299:6:Radio_Init	8	static
P:/Desktop/Hybrid26_Radio/02 Rocket/Code/Core/Src/radio.c:319:6:Radio_Send	80	static
P:/Desktop/Hybrid26_Radio/02 Rocket/Code/Core/Src/radio.c:344:6:Radio_StartReceive	16	static
P:/Desktop/Hybrid26_Radio/02 Rocket/Code/Core/Src/radio.c:356:6:Radio_IsBusy	4	static
P:/Desktop/Hybrid26_Radio/02 Rocket/Code/Core/Src/radio.c:361:15:Radio_GetState	4	static
P:/Desktop/Hybrid26_Radio/02 Rocket/Code/Core/Src/radio.c:366:6:Radio_HasReceived	4	static
P:/Desktop/Hybrid26_Radio/02 Rocket/Code/Core/Src/radio.c:371:9:Radio_GetReceived	24	static
P:/Desktop/Hybrid26_Radio/02 Rocket/Code/Core/Src/radio.c:384:6:Radio_Task	88	static
